case__307: case__14
case__137: case__137
case__44: case__44
datapath__43: datapath__43
datapath__433: datapath__2
datapath__223: datapath__223
datapath__350: datapath__13
muxpart__50: muxpart__50
muxpart__91: muxpart__2
datapath__235: datapath__235
case__250: case__34
datapath__201: datapath__201
reg__31: reg__31
datapath__419: datapath__2
case__58: case__58
datapath__181: datapath__181
datapath__7: datapath__7
datapath__444: datapath__5
datapath__91: datapath__91
case__72: case__72
logic__658: logic__39
case__236: case__38
logic__698: logic__39
case__96: case__96
case__29: case__29
datapath__104: datapath__104
case__258: case__15
case__99: case__99
logic__677: logic__45
datapath__101: datapath__101
logic__633: logic__633
datapath__132: datapath__132
logic__686: logic__33
case__70: case__70
datapath__369: datapath__12
dsp48e2__45: dsp48e2__1
Silu_LUT__12: Silu_LUT
reg__74: reg__1
case__200: case__38
datapath__192: datapath__192
logic__657: logic__45
Exp_LUT__9: Exp_LUT
BRAM_256b: BRAM_256b
datapath__210: datapath__210
case__235: case__35
Exp_LUT__5: Exp_LUT
case__4: case__4
datapath__423: datapath__5
datapath__378: datapath__12
case__201: case__37
datapath__332: datapath__19
case__75: case__75
dsp48e2: dsp48e2
muxpart__96: muxpart__1
case__325: case__14
datapath__40: datapath__40
datapath__415: datapath__6
muxpart__82: muxpart
muxpart__78: muxpart
dsp48e2__56: dsp48e2
muxpart__18: muxpart__18
muxpart__76: muxpart__2
muxpart__26: muxpart__26
datapath__116: datapath__116
case__298: case__11
muxpart__24: muxpart__24
datapath__426: datapath__2
datapath__331: datapath__14
datapath__57: datapath__57
case__8: case__8
case__334: case__11
reg__30: reg__30
dsp48e2__72: dsp48e2
muxpart__4: muxpart__4
case__260: case__13
logic__270: logic__270
case__132: case__132
logic__10: logic__10
dsp48e2__50: dsp48e2
logic__52: logic__52
datapath__61: datapath__61
datapath__80: datapath__80
case__304: case__11
case__186: case__38
datapath__402: datapath__5
logic__659: logic__33
datapath__45: datapath__45
datapath__28: datapath__28
datapath__106: datapath__106
case__311: case__10
Exp_LUT__3: Exp_LUT
case__274: case__11
dsp48e2__61: dsp48e2__1
datapath__287: datapath__13
logic__292: logic__292
datapath__21: datapath__21
datapath__74: datapath__74
logic__683: logic__39
logic__283: logic__283
Unified_PE__10: Unified_PE
Unified_PE: Unified_PE
case__151: case__151
case__318: case__15
muxpart__110: muxpart__2
case__194: case__36
case__234: case__36
datapath__406: datapath__1
dsp48e2__10: dsp48e2__10
logic__129: logic__129
reg__14: reg__14
reg__21: reg__21
datapath__84: datapath__84
datapath__430: datapath__5
datapath__450: datapath__6
datapath__339: datapath__12
muxpart__81: muxpart__1
datapath__214: datapath__214
muxpart__25: muxpart__25
case__15: case__15
case__179: case__37
datapath__167: datapath__167
case__316: case__11
datapath__242: datapath__242
case__27: case__27
datapath__148: datapath__148
reg__27: reg__27
datapath__377: datapath__13
case__107: case__107
datapath__118: datapath__118
datapath__92: datapath__92
logic__670: logic__45
dsp48e2__59: dsp48e2__1
case__21: case__21
datapath__438: datapath__4
datapath__246: datapath__12
case__40: case__40
case__24: case__24
datapath__335: datapath__13
datapath__329: datapath__16
logic__33: logic__33
datapath__198: datapath__198
reg__41: reg__41
logic__597: logic__597
datapath__14: datapath__14
datapath__248: datapath__13
datapath__484: datapath
datapath__131: datapath__131
case__277: case__14
case__125: case__125
datapath__191: datapath__191
case__205: case__33
datapath__360: datapath__18
datapath__388: datapath__5
case__65: case__65
datapath__87: datapath__87
datapath__416: datapath__5
Silu_LUT__4: Silu_LUT
case__323: case__10
datapath__322: datapath__14
muxpart__13: muxpart__13
datapath__187: datapath__187
case__181: case__35
datapath__26: datapath__26
datapath__432: datapath__3
muxpart__101: muxpart
dsp48e2__30: dsp48e2__30
logic__343: logic__343
case__336: case__15
case__290: case__13
dsp48e2__7: dsp48e2__7
muxpart__115: muxpart
datapath__390: datapath__3
datapath__341: datapath__16
logic__185: logic__185
dsp48e2__15: dsp48e2__15
case__317: case__10
datapath__222: datapath__222
datapath__135: datapath__135
Exp_LUT__13: Exp_LUT
datapath__102: datapath__102
datapath__321: datapath__15
logic__209: logic__209
logic__691: logic__39
case__105: case__105
case__77: case__77
reg__2: reg__2
case__90: case__90
dsp48e2__1: dsp48e2__1
datapath__140: datapath__140
datapath__334: datapath__17
datapath__281: datapath__19
BRAM_256b__1: BRAM_256b
datapath__13: datapath__13
case__285: case__12
ITM_Top_v2__GCB0: ITM_Top_v2__GCB0
logic__233: logic__233
datapath__397: datapath__3
datapath__64: datapath__64
muxpart__49: muxpart__49
datapath__320: datapath__16
datapath__353: datapath__16
datapath__314: datapath__13
datapath__274: datapath__17
dsp48e2__3: dsp48e2__3
datapath__197: datapath__197
datapath__447: datapath__2
datapath__35: datapath__35
datapath__261: datapath__18
muxpart__79: muxpart__1
logic__177: logic__177
case__314: case__13
reg__25: reg__25
logic__160: logic__160
case__217: case__33
case__261: case__12
case__293: case__10
logic__166: logic__166
case__121: case__121
case__7: case__7
muxpart__34: muxpart__34
case__175: case__35
muxpart__72: muxpart
datapath__12: datapath__12
datapath__142: datapath__142
reg__17: reg__17
case__67: case__67
case__343: case__14
reg__32: reg__32
dsp48e2__65: dsp48e2__1
datapath__279: datapath__12
logic__194: logic__194
case__108: case__108
dsp48e2__39: dsp48e2__39
datapath__299: datapath__13
dsp48e2__33: dsp48e2__33
datapath__119: datapath__119
case__167: case__167
case__26: case__26
muxpart__17: muxpart__17
datapath__442: datapath
reg__51: reg__51
case__252: case__38
datapath__128: datapath__128
Unified_PE__2: Unified_PE
dsp48e2__44: dsp48e2
reg__24: reg__24
datapath__424: datapath__4
datapath__362: datapath__19
muxpart__14: muxpart__14
datapath__461: datapath__2
case__55: case__55
datapath__190: datapath__190
logic__694: logic__45
datapath__256: datapath__14
Const_Storage__GCB2: Const_Storage__GCB2
reg__9: reg__9
dsp48e2__34: dsp48e2__34
logic__680: logic__39
case__11: case__11
reg__75: reg
muxpart__107: muxpart__1
case__189: case__35
datapath__355: datapath__14
Softplus_LUT__6: Softplus_LUT
datapath__275: datapath__16
Softplus_LUT__3: Softplus_LUT
case__157: case__157
Exp_LUT__1: Exp_LUT
datapath__179: datapath__179
case__155: case__155
case__306: case__15
muxpart__99: muxpart__1
logic__671: logic__45
logic__699: logic__33
datapath__19: datapath__19
extram__3: extram
case__162: case__162
case__270: case__15
dsp48e2__51: dsp48e2__1
case__103: case__103
dsp48e2__24: dsp48e2__24
datapath__49: datapath__49
muxpart__90: muxpart__1
case__31: case__31
logic__244: logic__244
datapath__365: datapath__16
datapath__446: datapath__3
muxpart__63: muxpart__63
logic__665: logic__39
case__232: case__36
case__13: case__13
datapath__227: datapath__227
case__109: case__109
datapath__160: datapath__160
Softplus_LUT__13: Softplus_LUT
logic__98: logic__98
datapath__367: datapath__14
case__328: case__11
datapath__328: datapath__11
muxpart__67: muxpart__67
reg__65: reg
reg__57: reg
case__46: case__46
datapath__186: datapath__186
reg__47: reg__47
case__37: case__37
logic__91: logic__91
dsp48e2__38: dsp48e2__38
reg__61: reg
datapath__82: datapath__82
case__187: case__37
datapath__387: datapath__6
datapath__317: datapath__13
muxpart__6: muxpart__6
datapath__233: datapath__233
muxpart__22: muxpart__22
datapath__206: datapath__206
reg__35: reg__35
datapath__429: datapath__6
datapath__308: datapath__16
datapath__376: datapath__14
datapath__220: datapath__220
muxpart__40: muxpart__40
datapath__149: datapath__149
case__330: case__15
logic__675: logic__45
datapath__138: datapath__138
case__267: case__12
datapath__139: datapath__139
datapath__472: datapath__5
datapath__270: datapath__15
logic__695: logic__39
datapath__65: datapath__65
datapath__175: datapath__175
Softplus_LUT__11: Softplus_LUT
reg__79: reg
datapath__2: datapath__2
reg__53: reg
Const_Storage__GCB3: Const_Storage__GCB3
logic__697: logic__45
reg__49: reg__49
datapath__218: datapath__218
dsp48e2__55: dsp48e2__1
datapath__254: datapath__16
datapath__333: datapath__18
case__5: case__5
reg__13: reg__13
dsp48e2__71: dsp48e2__1
dsp48e2__14: dsp48e2__14
datapath__213: datapath__213
datapath__269: datapath__16
datapath__272: datapath__19
muxpart__104: muxpart__1
datapath__44: datapath__44
logic__662: logic__33
logic__271: logic__271
datapath__352: datapath__11
case__145: case__145
datapath__237: datapath__237
datapath__481: datapath__3
logic__214: logic__214
datapath__323: datapath__19
case__195: case__35
datapath__394: datapath__6
case__262: case__11
Const_Storage__GCB1: Const_Storage__GCB1
case__165: case__165
case__303: case__12
case__253: case__37
datapath__400: datapath
dsp48e2__37: dsp48e2__37
muxpart__12: muxpart__12
case__156: case__156
datapath__318: datapath__12
muxpart__60: muxpart__60
muxpart__86: muxpart__2
muxpart__57: muxpart__57
reg__15: reg__15
case__74: case__74
dsp48e2__31: dsp48e2__31
case__337: case__14
datapath__42: datapath__42
datapath__78: datapath__78
datapath__392: datapath__1
datapath__425: datapath__3
datapath__404: datapath__3
muxpart__88: muxpart__1
case__144: case__144
case__268: case__11
case__279: case__12
case__39: case__39
case__190: case__34
reg__43: reg__43
Softplus_LUT__14: Softplus_LUT
reg__1: reg__1
dsp48e2__22: dsp48e2__22
datapath__448: datapath__1
case__78: case__78
reg__6: reg__6
muxpart__27: muxpart__27
dsp48e2__68: dsp48e2
case__126: case__126
datapath__111: datapath__111
muxpart__48: muxpart__48
muxpart__66: muxpart__66
datapath__294: datapath__18
datapath__162: datapath__162
datapath__158: datapath__158
dsp48e2__29: dsp48e2__29
datapath__465: datapath__5
case__100: case__100
datapath__33: datapath__33
datapath__277: datapath__14
datapath__340: datapath__11
case__122: case__122
case__242: case__38
case__338: case__13
datapath__72: datapath__72
datapath__189: datapath__189
case__3: case__3
datapath__412: datapath__2
Exp_LUT__15: Exp_LUT
muxpart__100: muxpart__2
dsp48e2__28: dsp48e2__28
Unified_PE__4: Unified_PE
datapath__73: datapath__73
datapath__212: datapath__212
muxpart__102: muxpart
datapath__161: datapath__161
Unified_PE__15: Unified_PE
muxpart__11: muxpart__11
datapath__471: datapath__6
datapath__177: datapath__177
datapath__297: datapath__15
muxpart__64: muxpart__64
case__339: case__12
case__177: case__33
case__313: case__14
case__129: case__129
datapath__262: datapath__17
logic__679: logic__33
case__60: case__60
datapath__441: datapath__1
Memory_System: Memory_System
case__180: case__36
reg__36: reg__36
case__222: case__34
datapath__288: datapath__12
datapath__71: datapath__71
datapath__345: datapath__15
datapath__310: datapath__14
dsp48e2__32: dsp48e2__32
Const_Storage__GCB4: Const_Storage__GCB4
Const_Storage__GCB8: Const_Storage__GCB8
logic__183: logic__183
datapath__39: datapath__39
datapath__363: datapath__18
dsp48e2__47: dsp48e2__1
datapath__319: datapath__11
case__35: case__35
dsp48e2__6: dsp48e2__6
case__12: case__12
logic__345: logic__345
datapath__356: datapath__19
datapath__316: datapath__11
muxpart__32: muxpart__32
reg__7: reg__7
case__341: case__10
case__128: case__128
Const_Storage__GCB6: Const_Storage__GCB6
datapath__326: datapath__13
case__224: case__36
datapath__204: datapath__204
datapath__399: datapath__1
Unified_PE__9: Unified_PE
logic__295: logic__295
case__248: case__36
dsp48e2__70: dsp48e2
datapath__194: datapath__194
datapath__150: datapath__150
datapath__408: datapath__6
logic__382: logic__382
reg__77: reg
case__249: case__35
datapath__208: datapath__208
case__123: case__123
case__215: case__33
case__302: case__13
case__9: case__9
case__1: case__1
case__56: case__56
datapath__90: datapath__90
datapath__126: datapath__126
case__292: case__11
logic__13: logic__13
datapath__94: datapath__94
case__84: case__84
muxpart__41: muxpart__41
datapath__129: datapath__129
Softplus_LUT__2: Softplus_LUT
datapath__98: datapath__98
datapath__364: datapath__17
dsp48e2__62: dsp48e2
case__213: case__37
Exp_LUT: Exp_LUT
dsp48e2__35: dsp48e2__35
case__18: case__18
datapath__168: datapath__168
case__159: case__159
case__206: case__36
Silu_LUT__13: Silu_LUT
logic__693: logic__45
logic__664: logic__45
datapath__303: datapath__15
case__169: case__33
reg__80: reg__1
BRAM_256b__parameterized1: BRAM_256b__parameterized1
datapath__351: datapath__12
muxpart__89: muxpart
muxpart__103: muxpart__1
datapath__107: datapath__107
case__287: case__10
reg__55: reg
datapath__395: datapath__5
Softplus_LUT__5: Softplus_LUT
case__154: case__154
datapath__264: datapath__15
datapath__285: datapath__15
datapath__327: datapath__12
case__196: case__34
datapath__346: datapath__14
datapath__202: datapath__202
datapath__293: datapath__19
reg__19: reg__19
case__244: case__38
datapath__232: datapath__232
case__102: case__102
reg__71: reg
datapath__386: datapath
reg__18: reg__18
datapath__291: datapath__18
dsp48e2__2: dsp48e2__2
case__111: case__111
muxpart__42: muxpart__42
logic__252: logic__252
dsp48e2__46: dsp48e2
datapath__5: datapath__5
datapath__31: datapath__31
dsp48e2__48: dsp48e2
case__291: case__12
case__346: case__11
reg__73: reg
reg__45: reg__45
logic__661: logic__39
case__148: case__148
Silu_LUT__1: Silu_LUT
datapath__56: datapath__56
case__254: case__36
case__275: case__10
case__127: case__127
logic__225: logic__225
datapath__154: datapath__154
muxpart__111: muxpart__1
case__59: case__59
logic__104: logic__104
muxpart__37: muxpart__37
datapath__405: datapath__2
case__209: case__37
datapath__457: datapath__6
ITM_Top_v2__GCB2: ITM_Top_v2__GCB2
case__2: case__2
reg__66: reg__1
case__245: case__37
datapath__83: datapath__83
case__32: case__32
case__183: case__33
muxpart__95: muxpart
case__263: case__10
dsp48e2__63: dsp48e2__1
reg__12: reg__12
datapath__50: datapath__50
datapath__88: datapath__88
case__188: case__36
dsp48e2__42: dsp48e2__42
datapath__292: datapath__17
datapath__68: datapath__68
datapath__260: datapath__19
case__95: case__95
datapath__95: datapath__95
case__47: case__47
datapath__54: datapath__54
case__138: case__138
case__255: case__35
case__295: case__14
case__82: case__82
case__256: case__34
datapath__455: datapath__1
case__269: case__10
datapath__309: datapath__15
Softplus_LUT__12: Softplus_LUT
datapath__155: datapath__155
datapath__48: datapath__48
datapath__361: datapath__17
logic__666: logic__33
case__312: case__15
case__52: case__52
case__340: case__11
datapath__431: datapath__4
dsp48e2__69: dsp48e2__1
case__208: case__38
muxpart__97: muxpart__2
logic__681: logic__45
case__184: case__36
muxpart__59: muxpart__59
datapath__325: datapath__17
case__10: case__10
datapath__420: datapath__1
case__146: case__146
logic__676: logic__39
case__71: case__71
Softplus_LUT__10: Softplus_LUT
muxpart__62: muxpart__62
case__344: case__13
case__218: case__36
datapath__77: datapath__77
datapath__10: datapath__10
datapath__453: datapath__3
case__139: case__139
reg__56: reg__1
case__327: case__12
datapath__180: datapath__180
dsp48e2__12: dsp48e2__12
datapath__169: datapath__169
datapath__266: datapath__13
datapath__231: datapath__231
reg__8: reg__8
Silu_LUT__8: Silu_LUT
datapath__396: datapath__4
reg__22: reg__22
datapath__286: datapath__14
case__227: case__37
logic__201: logic__201
Unified_PE__3: Unified_PE
case__332: case__13
datapath__134: datapath__134
datapath__75: datapath__75
case__158: case__158
case__30: case__30
datapath__283: datapath__17
Exp_LUT__6: Exp_LUT
case__94: case__94
reg__58: reg__1
logic__245: logic__245
datapath__414: datapath
datapath__391: datapath__2
case__182: case__34
datapath__224: datapath__224
datapath__195: datapath__195
datapath__144: datapath__144
case__23: case__23
case__101: case__101
datapath__209: datapath__209
case__80: case__80
datapath__263: datapath__16
datapath__203: datapath__203
muxpart__19: muxpart__19
logic__219: logic__219
datapath__30: datapath__30
datapath__435: datapath
case__192: case__38
dsp48e2__20: dsp48e2__20
Const_Storage__GCB10: Const_Storage__GCB10
case__237: case__37
extram__1: extram__1
datapath__185: datapath__185
logic__49: logic__49
datapath__240: datapath__240
muxpart__39: muxpart__39
datapath__296: datapath__16
datapath__151: datapath__151
datapath__157: datapath__157
muxpart__47: muxpart__47
datapath__9: datapath__9
reg__38: reg__38
datapath__239: datapath__239
reg__39: reg__39
case__116: case__116
case__294: case__15
datapath__469: datapath__1
reg__42: reg__42
muxpart__112: muxpart
datapath__449: datapath
case__221: case__37
dsp48e2__19: dsp48e2__19
datapath__434: datapath__1
case__81: case__81
case__118: case__118
datapath__336: datapath__12
datapath__456: datapath
muxpart__73: muxpart__2
muxpart__30: muxpart__30
Softplus_LUT__8: Softplus_LUT
case__83: case__83
datapath__313: datapath__17
case__69: case__69
muxpart__29: muxpart__29
case__176: case__34
case__63: case__63
datapath__480: datapath__4
datapath__113: datapath__113
datapath__252: datapath__18
datapath__284: datapath__16
datapath__69: datapath__69
datapath__483: datapath__1
datapath__253: datapath__17
Exp_LUT__4: Exp_LUT
datapath__145: datapath__145
reg__72: reg__1
datapath__115: datapath__115
logic__310: logic__310
muxpart__105: muxpart__2
logic__685: logic__33
logic__684: logic__45
datapath__249: datapath__12
datapath__17: datapath__17
case__110: case__110
reg__59: reg
Const_Storage__GCB9: Const_Storage__GCB9
datapath__125: datapath__125
logic__39: logic__39
datapath__79: datapath__79
datapath: datapath
Silu_LUT__5: Silu_LUT
case__345: case__12
case__48: case__48
logic__690: logic__33
logic__253: logic__253
datapath__143: datapath__143
case__41: case__41
datapath__178: datapath__178
datapath__184: datapath__184
logic: logic
datapath__241: datapath__241
datapath__109: datapath__109
case__223: case__33
muxpart__68: muxpart__68
PE_Array: PE_Array
dsp48e2__5: dsp48e2__5
case__266: case__13
datapath__127: datapath__127
extram__2: extram__2
datapath__428: datapath
logic__689: logic__45
dsp48e2__13: dsp48e2__13
case__124: case__124
datapath__280: datapath__11
case__43: case__43
datapath__205: datapath__205
case__333: case__12
Exp_LUT__7: Exp_LUT
datapath__366: datapath__15
case__38: case__38
datapath__136: datapath__136
datapath__112: datapath__112
datapath__370: datapath__11
datapath__443: datapath__6
datapath__8: datapath__8
muxpart__3_RSqrt_ROM: muxpart__3_RSqrt_ROM
datapath__225: datapath__225
case__259: case__14
Softplus_LUT__9: Softplus_LUT
case__315: case__12
extram: extram
muxpart__5: muxpart__5
case__140: case__140
Unified_PE__8: Unified_PE
muxpart__114: muxpart__1
datapath__110: datapath__110
case__225: case__35
case__228: case__34
datapath__117: datapath__117
datapath__478: datapath__6
reg__50: reg__50
logic__672: logic__39
logic__230: logic__230
case__17: case__17
reg__76: reg__1
dsp48e2__16: dsp48e2__16
datapath__389: datapath__4
logic__84: logic__84
case__288: case__15
datapath__298: datapath__14
case__240: case__36
datapath__267: datapath__12
datapath__385: datapath__1
logic__692: logic__45
Silu_LUT__3: Silu_LUT
datapath__315: datapath__12
datapath__251: datapath__19
datapath__172: datapath__172
logic__607: logic__607
datapath__51: datapath__51
datapath__89: datapath__89
Silu_LUT__9: Silu_LUT
case: case
muxpart__77: muxpart__1
case__136: case__136
datapath__37: datapath__37
logic__688: logic__39
case__299: case__10
datapath__141: datapath__141
datapath__55: datapath__55
datapath__371: datapath__19
case__104: case__104
datapath__468: datapath__2
case__51: case__51
reg__5: reg__5
reg__52: reg__1
case__319: case__14
case__300: case__15
muxpart__106: muxpart
dsp48e2__66: dsp48e2
datapath__473: datapath__4
datapath__6: datapath__6
datapath__268: datapath__11
case__308: case__13
datapath__301: datapath__11
datapath__289: datapath__11
logic__200: logic__200
datapath__11: datapath__11
datapath__230: datapath__230
muxpart__54: muxpart__54
Softplus_LUT__7: Softplus_LUT
datapath__295: datapath__17
muxpart__58: muxpart__58
case__202: case__36
case__283: case__14
muxpart__75: muxpart
logic__171: logic__171
datapath__22: datapath__22
datapath__23: datapath__23
datapath__300: datapath__12
case__185: case__35
Unified_PE__5: Unified_PE
case__153: case__153
datapath__183: datapath__183
logic__220: logic__220
dsp48e2__11: dsp48e2__11
case__212: case__38
logic__238: logic__238
datapath__207: datapath__207
logic__5: logic__5
case__335: case__10
logic__667: logic__45
reg__81: reg
datapath__437: datapath__5
logic__184: logic__184
case__130: case__130
datapath__464: datapath__6
datapath__62: datapath__62
datapath__482: datapath__2
case__289: case__14
datapath__421: datapath
case__241: case__35
datapath__164: datapath__164
datapath__36: datapath__36
case__168: case__34
datapath__358: datapath__17
case__191: case__33
logic__151: logic__151
Exp_LUT__10: Exp_LUT
case__112: case__112
case__92: case__92
case__321: case__12
dsp48e2__25: dsp48e2__25
datapath__166: datapath__166
case__174: case__36
muxpart__85: muxpart
logic__87: logic__87
datapath__373: datapath__17
case__166: case__166
datapath__228: datapath__228
muxpart__98: muxpart
datapath__146: datapath__146
datapath__372: datapath__18
muxpart__43: muxpart__43
dsp48e2__60: dsp48e2
logic__656: logic__33
Unified_PE__12: Unified_PE
datapath__18: datapath__18
reg__23: reg__23
case__93: case__93
case__164: case__164
dsp48e2__23: dsp48e2__23
datapath__156: datapath__156
case__150: case__150
Exp_LUT__14: Exp_LUT
datapath__305: datapath__19
datapath__474: datapath__3
case__207: case__35
Exp_LUT__11: Exp_LUT
datapath__368: datapath__13
datapath__245: datapath__13
case__216: case__34
muxpart__52: muxpart__52
datapath__401: datapath__6
datapath__257: datapath__13
case__19: case__19
datapath__384: datapath__2
dsp48e2__41: dsp48e2__41
case__342: case__15
muxpart__74: muxpart__1
datapath__380: datapath__6
datapath__265: datapath__14
datapath__459: datapath__4
datapath__282: datapath__18
case__88: case__88
datapath__410: datapath__4
datapath__100: datapath__100
datapath__436: datapath__6
datapath__479: datapath__5
reg__48: reg__48
datapath__451: datapath__5
logic__68: logic__68
datapath__393: datapath
case__14: case__14
datapath__276: datapath__15
Silu_LUT__7: Silu_LUT
reg__10: reg__10
case__271: case__14
logic__660: logic__45
dsp48e2__40: dsp48e2__40
logic__1: logic__1
datapath__475: datapath__2
muxpart__113: muxpart__2
logic__606: logic__606
datapath__226: datapath__226
dsp48e2__26: dsp48e2__26
datapath__16: datapath__16
dsp48e2__52: dsp48e2
logic__621: logic__621
datapath__63: datapath__63
logic__301: logic__301
datapath__398: datapath__2
logic__172: logic__172
reg__40: reg__40
datapath__66: datapath__66
datapath__338: datapath__13
logic__655: logic__33
reg__11: reg__11
Exp_LUT__2: Exp_LUT
case__25: case__25
reg__37: reg__37
datapath__20: datapath__20
dsp48e2__43: dsp48e2__1
Silu_LUT__10: Silu_LUT
reg__29: reg__29
dsp48e2__36: dsp48e2__36
case__34: case__34
logic__687: logic__39
case__264: case__15
case__246: case__38
case__310: case__11
datapath__359: datapath__19
logic__69: logic__69
datapath__403: datapath__4
muxpart__9: muxpart__9
logic__165: logic__165
case__114: case__114
datapath__215: datapath__215
datapath__467: datapath__3
datapath__216: datapath__216
case__143: case__143
datapath__413: datapath__1
datapath__53: datapath__53
reg__16: reg__16
case__98: case__98
case__85: case__85
case__219: case__35
logic__55: logic__55
case__131: case__131
case__6: case__6
case__135: case__135
datapath__196: datapath__196
case__20: case__20
reg__63: reg
case__204: case__34
case__326: case__13
reg__70: reg__1
logic__103: logic__103
dsp48e2__64: dsp48e2
datapath__440: datapath__2
datapath__114: datapath__114
case__66: case__66
logic__18: logic__18
case__324: case__15
case__226: case__38
Unified_PE__7: Unified_PE
case__273: case__12
muxpart__83: muxpart__2
case__257: case__33
Const_Storage__GCB0: Const_Storage__GCB0
datapath__476: datapath__1
datapath__466: datapath__4
case__50: case__50
datapath__342: datapath__15
muxpart__8: muxpart__8
datapath__199: datapath__199
muxpart__65: muxpart__65
dsp48e2__9: dsp48e2__9
dsp48e2__17: dsp48e2__17
datapath__477: datapath
reg__3: reg__3
case__76: case__76
datapath__460: datapath__3
datapath__70: datapath__70
dsp48e2__21: dsp48e2__21
reg__54: reg__1
logic__199: logic__199
case__309: case__12
datapath__25: datapath__25
case__45: case__45
muxpart__92: muxpart__1
datapath__407: datapath
datapath__445: datapath__4
case__42: case__42
case__193: case__37
datapath__379: datapath__11
muxpart__28: muxpart__28
reg__28: reg__28
datapath__15: datapath__15
case__347: case__10
case__33: case__33
case__251: case__33
datapath__163: datapath__163
datapath__38: datapath__38
muxpart__53: muxpart__53
case__210: case__36
muxpart__108: muxpart__2
logic__696: logic__33
reg__64: reg__1
case__178: case__38
muxpart__46: muxpart__46
muxpart__7: muxpart__7
Unified_PE__6: Unified_PE
case__117: case__117
datapath__344: datapath__16
datapath__247: datapath__11
case__278: case__13
RMSNorm_Mul: RMSNorm_Mul
case__171: case__33
datapath__422: datapath__6
datapath__121: datapath__121
datapath__427: datapath__1
case__28: case__28
Softplus_LUT__15: Softplus_LUT
logic__182: logic__182
case__62: case__62
case__113: case__113
case__142: case__142
muxpart__69: muxpart__69
reg__34: reg__34
muxpart__51: muxpart__51
dsp48e2__4: dsp48e2__4
datapath__86: datapath__86
datapath__357: datapath__18
logic__673: logic__33
muxpart__23: muxpart__23
datapath__96: datapath__96
datapath__452: datapath__4
datapath__193: datapath__193
reg__78: reg__1
case__119: case__119
case__163: case__163
datapath__330: datapath__15
muxpart__87: muxpart__2
datapath__255: datapath__15
case__152: case__152
datapath__375: datapath__15
datapath__470: datapath
datapath__76: datapath__76
logic__315: logic__315
logic__112: logic__112
case__134: case__134
muxpart__84: muxpart__1
reg__46: reg__46
muxpart__38: muxpart__38
case__173: case__37
datapath__171: datapath__171
logic__678: logic__33
datapath__93: datapath__93
muxpart__70: muxpart__70
datapath__24: datapath__24
case__329: case__10
dsp48e2__18: dsp48e2__18
datapath__238: datapath__238
case__282: case__15
datapath__439: datapath__3
muxpart__93: muxpart__2
logic__562: logic__562
case__54: case__54
dsp48e2__58: dsp48e2
case__199: case__37
datapath__307: datapath__17
datapath__458: datapath__5
datapath__85: datapath__85
case__141: case__141
datapath__137: datapath__137
case__220: case__38
Softplus_LUT__4: Softplus_LUT
Exp_LUT__8: Exp_LUT
datapath__52: datapath__52
logic__142: logic__142
Unified_PE__14: Unified_PE
dsp48e2__53: dsp48e2__1
dsp48e2__67: dsp48e2__1
case__115: case__115
datapath__41: datapath__41
Const_Storage__GCB7: Const_Storage__GCB7
datapath__374: datapath__16
case__160: case__160
case__57: case__57
datapath__219: datapath__219
reg__44: reg__44
datapath__147: datapath__147
muxpart__109: muxpart__2
datapath__347: datapath__19
datapath__59: datapath__59
datapath__29: datapath__29
logic__654: logic__654
datapath__311: datapath__19
case__286: case__11
muxpart__31: muxpart__31
datapath__306: datapath__18
Silu_LUT__11: Silu_LUT
muxpart__20: muxpart__20
case__147: case__147
datapath__99: datapath__99
muxpart__2: muxpart__2
datapath__409: datapath__5
muxpart__80: muxpart__2
logic__663: logic__39
case__239: case__33
datapath__152: datapath__152
datapath__259: datapath__11
muxpart__1: muxpart__1
datapath__67: datapath__67
dsp48e2__27: dsp48e2__27
logic__189: logic__189
Exp_LUT__12: Exp_LUT
datapath__417: datapath__4
logic__256: logic__256
datapath__304: datapath__14
datapath__381: datapath__5
case__229: case__33
datapath__382: datapath__4
datapath__97: datapath__97
datapath__176: datapath__176
case__170: case__34
datapath__174: datapath__174
logic__573: logic__573
dsp48e2__8: dsp48e2__8
case__276: case__15
datapath__32: datapath__32
case__16: case__16
datapath__60: datapath__60
case__49: case__49
datapath__290: datapath__19
case__305: case__10
case__86: case__86
case__68: case__68
datapath__3: datapath__3
datapath__81: datapath__81
datapath__273: datapath__18
case__265: case__14
datapath__165: datapath__165
muxpart__35: muxpart__35
datapath__354: datapath__15
case__89: case__89
case__214: case__34
datapath__324: datapath__18
case__281: case__10
case__197: case__33
Const_Storage__GCB5: Const_Storage__GCB5
case__297: case__12
case__211: case__35
datapath__234: datapath__234
case__73: case__73
logic__206: logic__206
datapath__211: datapath__211
Silu_LUT__6: Silu_LUT
Unified_PE__1: Unified_PE
reg__26: reg__26
logic__146: logic__146
dsp48e2__57: dsp48e2__1
datapath__133: datapath__133
datapath__348: datapath__18
case__238: case__34
Silu_LUT__14: Silu_LUT
datapath__343: datapath__14
datapath__258: datapath__12
muxpart__56: muxpart__56
dsp48e2__49: dsp48e2__1
case__231: case__33
datapath__105: datapath__105
muxpart__44: muxpart__44
Silu_LUT: Silu_LUT
muxpart__61: muxpart__61
case__301: case__14
datapath__46: datapath__46
logic__669: logic__33
datapath__173: datapath__173
case__272: case__13
case__106: case__106
Unified_PE__11: Unified_PE
case__133: case__133
datapath__463: datapath
datapath__123: datapath__123
logic__78: logic__78
datapath__130: datapath__130
datapath__337: datapath__11
reg__20: reg__20
case__198: case__38
datapath__302: datapath__16
datapath__221: datapath__221
logic__674: logic__39
datapath__312: datapath__18
reg__4: reg__4
datapath__4: datapath__4
datapath__229: datapath__229
muxpart__94: muxpart
datapath__1: datapath__1
case__53: case__53
datapath__153: datapath__153
datapath__47: datapath__47
muxpart__10: muxpart__10
reg__60: reg__1
case__87: case__87
case__322: case__11
datapath__217: datapath__217
datapath__383: datapath__3
BRAM_256b__parameterized0: BRAM_256b__parameterized0
case__120: case__120
reg__69: reg
datapath__182: datapath__182
Silu_LUT__15: Silu_LUT
case__247: case__37
case__233: case__35
reg__67: reg
case__230: case__34
muxpart__16: muxpart__16
Silu_LUT__2: Silu_LUT
datapath__278: datapath__13
logic__300: logic__300
datapath__418: datapath__3
datapath__349: datapath__17
case__36: case__36
case__331: case__14
case__79: case__79
datapath__34: datapath__34
logic__45: logic__45
case__296: case__13
datapath__159: datapath__159
case__64: case__64
case__149: case__149
case__243: case__37
case__284: case__13
datapath__454: datapath__2
logic__668: logic__39
case__161: case__161
Softplus_LUT: Softplus_LUT
logic__682: logic__33
datapath__103: datapath__103
Unified_PE__13: Unified_PE
datapath__411: datapath__3
reg: reg
case__320: case__13
datapath__236: datapath__236
datapath__250: datapath__11
reg__68: reg__1
case__203: case__35
case__97: case__97
dsp48e2__54: dsp48e2
logic__276: logic__276
datapath__271: datapath__14
datapath__170: datapath__170
reg__62: reg__1
muxpart__71: muxpart
Softplus_LUT__1: Softplus_LUT
logic__188: logic__188
case__22: case__22
datapath__462: datapath__1
reg__33: reg__33
datapath__200: datapath__200
datapath__108: datapath__108
datapath__120: datapath__120
case__280: case__11
muxpart: muxpart
case__61: case__61
case__172: case__38
datapath__58: datapath__58
datapath__122: datapath__122
case__91: case__91
datapath__124: datapath__124
ITM_Top_v2__GCB1: ITM_Top_v2__GCB1
datapath__188: datapath__188
