Copyright 1986-2022 Xilinx, Inc. All Rights Reserved.
-------------------------------------------------------------------------------------------------------------------------
| Tool Version : Vivado v.2022.1 (win64) Build 3526262 Mon Apr 18 15:48:16 MDT 2022
| Date         : Sun Jun  7 12:37:04 2026
| Host         : letun running 64-bit major release  (build 9200)
| Command      : report_utilization -hierarchical -hierarchical_depth 3 -file reports/d1_compare/inception_util_hier.rpt
| Design       : Inception_Top
| Device       : xck26-sfvc784-2LV-c
| Speed File   : -2LV
| Design State : Routed
-------------------------------------------------------------------------------------------------------------------------

Utilization Design Information

Table of Contents
-----------------
1. Utilization by Hierarchy

1. Utilization by Hierarchy
---------------------------

+-----------------------+---------------------------+------------+------------+---------+------+------+--------+--------+------+------------+
|        Instance       |           Module          | Total LUTs | Logic LUTs | LUTRAMs | SRLs |  FFs | RAMB36 | RAMB18 | URAM | DSP Blocks |
+-----------------------+---------------------------+------------+------------+---------+------+------+--------+--------+------+------------+
| Inception_Top         |                     (top) |       5346 |       5346 |       0 |    0 | 2103 |    118 |      0 |   40 |         37 |
|   (Inception_Top)     |                     (top) |         57 |         57 |       0 |    0 |    0 |      0 |      0 |    0 |          0 |
|   u_core              |                ITM_Top_v2 |       5290 |       5290 |       0 |    0 | 2103 |    118 |      0 |   40 |         37 |
|     (u_core)          |                ITM_Top_v2 |       1281 |       1281 |       0 |    0 | 1205 |      0 |      0 |    0 |         21 |
|     mem_sys           |             Memory_System |       2243 |       2243 |       0 |    0 |    2 |    114 |      0 |   40 |          0 |
|       ram_a           |                 BRAM_256b |        287 |        287 |       0 |    0 |    0 |      0 |      0 |   20 |          0 |
|       ram_b           |              BRAM_256b_15 |       2031 |       2031 |       0 |    0 |    0 |      0 |      0 |   20 |          0 |
|       ram_weight      | BRAM_256b__parameterized0 |        197 |        197 |       0 |    0 |    2 |    114 |      0 |    0 |          0 |
|     pe_arr            |                  PE_Array |       1040 |       1040 |       0 |    0 |  896 |      0 |      0 |    0 |         16 |
|       PE_CORE[0].upe  |                Unified_PE |         65 |         65 |       0 |    0 |   56 |      0 |      0 |    0 |          1 |
|       PE_CORE[10].upe |              Unified_PE_0 |         65 |         65 |       0 |    0 |   56 |      0 |      0 |    0 |          1 |
|       PE_CORE[11].upe |              Unified_PE_1 |         65 |         65 |       0 |    0 |   56 |      0 |      0 |    0 |          1 |
|       PE_CORE[12].upe |              Unified_PE_2 |         65 |         65 |       0 |    0 |   56 |      0 |      0 |    0 |          1 |
|       PE_CORE[13].upe |              Unified_PE_3 |         65 |         65 |       0 |    0 |   56 |      0 |      0 |    0 |          1 |
|       PE_CORE[14].upe |              Unified_PE_4 |         65 |         65 |       0 |    0 |   56 |      0 |      0 |    0 |          1 |
|       PE_CORE[15].upe |              Unified_PE_5 |         65 |         65 |       0 |    0 |   56 |      0 |      0 |    0 |          1 |
|       PE_CORE[1].upe  |              Unified_PE_6 |         65 |         65 |       0 |    0 |   56 |      0 |      0 |    0 |          1 |
|       PE_CORE[2].upe  |              Unified_PE_7 |         65 |         65 |       0 |    0 |   56 |      0 |      0 |    0 |          1 |
|       PE_CORE[3].upe  |              Unified_PE_8 |         65 |         65 |       0 |    0 |   56 |      0 |      0 |    0 |          1 |
|       PE_CORE[4].upe  |              Unified_PE_9 |         65 |         65 |       0 |    0 |   56 |      0 |      0 |    0 |          1 |
|       PE_CORE[5].upe  |             Unified_PE_10 |         65 |         65 |       0 |    0 |   56 |      0 |      0 |    0 |          1 |
|       PE_CORE[6].upe  |             Unified_PE_11 |         65 |         65 |       0 |    0 |   56 |      0 |      0 |    0 |          1 |
|       PE_CORE[7].upe  |             Unified_PE_12 |         65 |         65 |       0 |    0 |   56 |      0 |      0 |    0 |          1 |
|       PE_CORE[8].upe  |             Unified_PE_13 |         65 |         65 |       0 |    0 |   56 |      0 |      0 |    0 |          1 |
|       PE_CORE[9].upe  |             Unified_PE_14 |         65 |         65 |       0 |    0 |   56 |      0 |      0 |    0 |          1 |
|     u_const           |             Const_Storage |        743 |        743 |       0 |    0 |    0 |      4 |      0 |    0 |          0 |
|       ram_const       | BRAM_256b__parameterized1 |        743 |        743 |       0 |    0 |    0 |      4 |      0 |    0 |          0 |
+-----------------------+---------------------------+------------+------------+---------+------+------+--------+--------+------+------------+
* Note: The sum of lower-level cells may be larger than their parent cells total, due to cross-hierarchy LUT combining


