Copyright 1986-2022 Xilinx, Inc. All Rights Reserved.
------------------------------------------------------------------------------------------
| Tool Version      : Vivado v.2022.1 (win64) Build 3526262 Mon Apr 18 15:48:16 MDT 2022
| Date              : Sun Jun  7 12:11:44 2026
| Host              : letun running 64-bit major release  (build 9200)
| Command           : report_timing_summary -file reports/mamba/timing_summary_routed.rpt
| Design            : Mamba_Top
| Device            : xck26-sfvc784
| Speed File        : -2LV  PRODUCTION 1.29 08-03-2020
| Temperature Grade : C
------------------------------------------------------------------------------------------

Timing Summary Report

------------------------------------------------------------------------------------------------
| Timer Settings
| --------------
------------------------------------------------------------------------------------------------

  Enable Multi Corner Analysis               :  Yes
  Enable Pessimism Removal                   :  Yes
  Pessimism Removal Resolution               :  Nearest Common Node
  Enable Input Delay Default Clock           :  No
  Enable Preset / Clear Arcs                 :  No
  Disable Flight Delays                      :  No
  Ignore I/O Paths                           :  No
  Timing Early Launch at Borrowing Latches   :  No
  Borrow Time for Max Delay Exceptions       :  Yes
  Merge Timing Exceptions                    :  Yes

  Corner  Analyze    Analyze    
  Name    Max Paths  Min Paths  
  ------  ---------  ---------  
  Slow    Yes        Yes        
  Fast    Yes        Yes        


------------------------------------------------------------------------------------------------
| Report Methodology
| ------------------
------------------------------------------------------------------------------------------------

No report available as report_methodology has not been run prior. Run report_methodology on the current design for the summary of methodology violations.



check_timing report

Table of Contents
-----------------
1. checking no_clock (0)
2. checking constant_clock (0)
3. checking pulse_width_clock (0)
4. checking unconstrained_internal_endpoints (0)
5. checking no_input_delay (320)
6. checking no_output_delay (261)
7. checking multiple_clock (0)
8. checking generated_clocks (0)
9. checking loops (0)
10. checking partial_input_delay (0)
11. checking partial_output_delay (0)
12. checking latch_loops (0)

1. checking no_clock (0)
------------------------
 There are 0 register/latch pins with no clock.


2. checking constant_clock (0)
------------------------------
 There are 0 register/latch pins with constant_clock.


3. checking pulse_width_clock (0)
---------------------------------
 There are 0 register/latch pins which need pulse_width check


4. checking unconstrained_internal_endpoints (0)
------------------------------------------------
 There are 0 pins that are not constrained for maximum delay.

 There are 0 pins that are not constrained for maximum delay due to constant clock.


5. checking no_input_delay (320)
--------------------------------
 There are 319 input ports with no input delay specified. (HIGH)

 There is 1 input port with no input delay but user has a false path constraint. (MEDIUM)


6. checking no_output_delay (261)
---------------------------------
 There are 261 ports with no output delay specified. (HIGH)

 There are 0 ports with no output delay but user has a false path constraint

 There are 0 ports with no output delay but with a timing clock defined on it or propagating through it


7. checking multiple_clock (0)
------------------------------
 There are 0 register/latch pins with multiple clocks.


8. checking generated_clocks (0)
--------------------------------
 There are 0 generated clocks that are not connected to a clock source.


9. checking loops (0)
---------------------
 There are 0 combinational loops in the design.


10. checking partial_input_delay (0)
------------------------------------
 There are 0 input ports with partial input delay specified.


11. checking partial_output_delay (0)
-------------------------------------
 There are 0 ports with partial output delay specified.


12. checking latch_loops (0)
----------------------------
 There are 0 combinational latch loops in the design through latch input



------------------------------------------------------------------------------------------------
| Design Timing Summary
| ---------------------
------------------------------------------------------------------------------------------------

    WNS(ns)      TNS(ns)  TNS Failing Endpoints  TNS Total Endpoints      WHS(ns)      THS(ns)  THS Failing Endpoints  THS Total Endpoints     WPWS(ns)     TPWS(ns)  TPWS Failing Endpoints  TPWS Total Endpoints  
    -------      -------  ---------------------  -------------------      -------      -------  ---------------------  -------------------     --------     --------  ----------------------  --------------------  
      0.710        0.000                      0                12537        0.095        0.000                      0                12537        4.200        0.000                       0                  4221  


All user specified timing constraints are met.


------------------------------------------------------------------------------------------------
| Clock Summary
| -------------
------------------------------------------------------------------------------------------------

Clock  Waveform(ns)       Period(ns)      Frequency(MHz)
-----  ------------       ----------      --------------
clk    {0.000 5.000}      10.000          100.000         


------------------------------------------------------------------------------------------------
| Intra Clock Table
| -----------------
------------------------------------------------------------------------------------------------

Clock             WNS(ns)      TNS(ns)  TNS Failing Endpoints  TNS Total Endpoints      WHS(ns)      THS(ns)  THS Failing Endpoints  THS Total Endpoints     WPWS(ns)     TPWS(ns)  TPWS Failing Endpoints  TPWS Total Endpoints  
-----             -------      -------  ---------------------  -------------------      -------      -------  ---------------------  -------------------     --------     --------  ----------------------  --------------------  
clk                 0.710        0.000                      0                12537        0.095        0.000                      0                12537        4.200        0.000                       0                  4221  


------------------------------------------------------------------------------------------------
| Inter Clock Table
| -----------------
------------------------------------------------------------------------------------------------

From Clock    To Clock          WNS(ns)      TNS(ns)  TNS Failing Endpoints  TNS Total Endpoints      WHS(ns)      THS(ns)  THS Failing Endpoints  THS Total Endpoints  
----------    --------          -------      -------  ---------------------  -------------------      -------      -------  ---------------------  -------------------  


------------------------------------------------------------------------------------------------
| Other Path Groups Table
| -----------------------
------------------------------------------------------------------------------------------------

Path Group    From Clock    To Clock          WNS(ns)      TNS(ns)  TNS Failing Endpoints  TNS Total Endpoints      WHS(ns)      THS(ns)  THS Failing Endpoints  THS Total Endpoints  
----------    ----------    --------          -------      -------  ---------------------  -------------------      -------      -------  ---------------------  -------------------  


------------------------------------------------------------------------------------------------
| Timing Details
| --------------
------------------------------------------------------------------------------------------------


---------------------------------------------------------------------------------------------------
From Clock:  clk
  To Clock:  clk

Setup :            0  Failing Endpoints,  Worst Slack        0.710ns,  Total Violation        0.000ns
Hold  :            0  Failing Endpoints,  Worst Slack        0.095ns,  Total Violation        0.000ns
PW    :            0  Failing Endpoints,  Worst Slack        4.200ns,  Total Violation        0.000ns
---------------------------------------------------------------------------------------------------


Max Delay Paths
--------------------------------------------------------------------------------------
Slack (MET) :             0.710ns  (required time - arrival time)
  Source:                 u_core/mem_sys/ram_a/ram_reg_uram_0/CLK
                            (rising edge-triggered cell URAM288 clocked by clk  {rise@0.000ns fall@5.000ns period=10.000ns})
  Destination:            u_core/u_rmsnorm_mul/p1_reg_reg[5]/D
                            (rising edge-triggered cell FDSE clocked by clk  {rise@0.000ns fall@5.000ns period=10.000ns})
  Path Group:             clk
  Path Type:              Setup (Max at Slow Process Corner)
  Requirement:            10.000ns  (clk rise@10.000ns - clk rise@0.000ns)
  Data Path Delay:        9.210ns  (logic 5.838ns (63.385%)  route 3.372ns (36.615%))
  Logic Levels:           17  (CARRY8=2 DSP_A_B_DATA=1 DSP_ALU=1 DSP_M_DATA=1 DSP_MULTIPLIER=1 DSP_OUTPUT=1 DSP_PREADD_DATA=1 LUT2=2 LUT3=1 LUT6=2 URAM288=4)
  Clock Path Skew:        -0.087ns (DCD - SCD + CPR)
    Destination Clock Delay (DCD):    0.030ns = ( 10.030 - 10.000 ) 
    Source Clock Delay      (SCD):    0.117ns
    Clock Pessimism Removal (CPR):    0.000ns
  Clock Uncertainty:      0.035ns  ((TSJ^2 + TIJ^2)^1/2 + DJ) / 2 + PE
    Total System Jitter     (TSJ):    0.071ns
    Total Input Jitter      (TIJ):    0.000ns
    Discrete Jitter          (DJ):    0.000ns
    Phase Error              (PE):    0.000ns

    Location             Delay type                Incr(ns)  Path(ns)    Netlist Resource(s)
  -------------------------------------------------------------------    -------------------
                         (clock clk rise edge)        0.000     0.000 r  
                                                      0.000     0.000 r  clk (IN)
                         net (fo=4226, unset)         0.117     0.117    u_core/mem_sys/ram_a/clk
    URAM288_X0Y0         URAM288                                      r  u_core/mem_sys/ram_a/ram_reg_uram_0/CLK
  -------------------------------------------------------------------    -------------------
    URAM288_X0Y0         URAM288 (Prop_URAM_288K_INST_URAM288_CLK_CAS_OUT_DOUT_A[2])
                                                      1.849     1.966 f  u_core/mem_sys/ram_a/ram_reg_uram_0/CAS_OUT_DOUT_A[2]
                         net (fo=1, routed)           0.001     1.967    u_core/mem_sys/ram_a/ram_reg_uram_1_Cas_DoutA_1[2]
    URAM288_X0Y1         URAM288 (Prop_URAM_288K_INST_URAM288_CAS_IN_DOUT_A[2]_CAS_OUT_DOUT_A[2])
                                                      0.287     2.254 f  u_core/mem_sys/ram_a/ram_reg_uram_1/CAS_OUT_DOUT_A[2]
                         net (fo=1, routed)           0.001     2.255    u_core/mem_sys/ram_a/ram_reg_uram_2_Cas_DoutA_2[2]
    URAM288_X0Y2         URAM288 (Prop_URAM_288K_INST_URAM288_CAS_IN_DOUT_A[2]_CAS_OUT_DOUT_A[2])
                                                      0.287     2.542 f  u_core/mem_sys/ram_a/ram_reg_uram_2/CAS_OUT_DOUT_A[2]
                         net (fo=1, routed)           0.001     2.543    u_core/mem_sys/ram_a/ram_reg_uram_3_Cas_DoutA_3[2]
    URAM288_X0Y3         URAM288 (Prop_URAM_288K_INST_URAM288_CAS_IN_DOUT_A[2]_CAS_OUT_DOUT_A[2])
                                                      0.287     2.830 f  u_core/mem_sys/ram_a/ram_reg_uram_3/CAS_OUT_DOUT_A[2]
                         net (fo=1, routed)           0.001     2.831    u_core/mem_sys/ram_a/ram_reg_uram_4_Cas_DoutA_4[2]
    URAM288_X0Y4         URAM288 (Prop_URAM_288K_INST_URAM288_CAS_IN_DOUT_A[2]_DOUT_A[2])
                                                      0.269     3.100 f  u_core/mem_sys/ram_a/ram_reg_uram_4/DOUT_A[2]
                         net (fo=4, routed)           0.793     3.893    u_core/mem_sys/ram_b/y_reg_reg[255][2]
    SLICE_X44Y53         LUT3 (Prop_C5LUT_SLICEL_I2_O)
                                                      0.091     3.984 f  u_core/mem_sys/ram_b/h_reg[2]_i_1/O
                         net (fo=7, routed)           1.077     5.061    u_core/mem_sys/ram_b/bank_sel_reg_60
    SLICE_X43Y132        LUT6 (Prop_H6LUT_SLICEM_I5_O)
                                                      0.084     5.145 f  u_core/mem_sys/ram_b/p1_wide_i_120/O
                         net (fo=1, routed)           0.157     5.302    u_core/mem_sys/ram_b/p1_wide_i_120_n_0
    SLICE_X43Y133        LUT6 (Prop_H6LUT_SLICEM_I5_O)
                                                      0.154     5.456 f  u_core/mem_sys/ram_b/p1_wide_i_30/O
                         net (fo=2, routed)           0.497     5.952    u_core/u_rmsnorm_mul/p1_wide/A[2]
    DSP48E2_X11Y45       DSP_A_B_DATA (Prop_DSP_A_B_DATA_DSP48E2_A[2]_A2_DATA[2])
                                                      0.258     6.210 r  u_core/u_rmsnorm_mul/p1_wide/DSP_A_B_DATA_INST/A2_DATA[2]
                         net (fo=1, routed)           0.000     6.210    u_core/u_rmsnorm_mul/p1_wide/DSP_A_B_DATA.A2_DATA<2>
    DSP48E2_X11Y45       DSP_PREADD_DATA (Prop_DSP_PREADD_DATA_DSP48E2_A2_DATA[2]_A2A1[2])
                                                      0.114     6.324 r  u_core/u_rmsnorm_mul/p1_wide/DSP_PREADD_DATA_INST/A2A1[2]
                         net (fo=1, routed)           0.000     6.324    u_core/u_rmsnorm_mul/p1_wide/DSP_PREADD_DATA.A2A1<2>
    DSP48E2_X11Y45       DSP_MULTIPLIER (Prop_DSP_MULTIPLIER_DSP48E2_A2A1[2]_U[23])
                                                      0.700     7.024 f  u_core/u_rmsnorm_mul/p1_wide/DSP_MULTIPLIER_INST/U[23]
                         net (fo=1, routed)           0.000     7.024    u_core/u_rmsnorm_mul/p1_wide/DSP_MULTIPLIER.U<23>
    DSP48E2_X11Y45       DSP_M_DATA (Prop_DSP_M_DATA_DSP48E2_U[23]_U_DATA[23])
                                                      0.067     7.091 r  u_core/u_rmsnorm_mul/p1_wide/DSP_M_DATA_INST/U_DATA[23]
                         net (fo=1, routed)           0.000     7.091    u_core/u_rmsnorm_mul/p1_wide/DSP_M_DATA.U_DATA<23>
    DSP48E2_X11Y45       DSP_ALU (Prop_DSP_ALU_DSP48E2_U_DATA[23]_ALU_OUT[29])
                                                      0.727     7.818 f  u_core/u_rmsnorm_mul/p1_wide/DSP_ALU_INST/ALU_OUT[29]
                         net (fo=1, routed)           0.000     7.818    u_core/u_rmsnorm_mul/p1_wide/DSP_ALU.ALU_OUT<29>
    DSP48E2_X11Y45       DSP_OUTPUT (Prop_DSP_OUTPUT_DSP48E2_ALU_OUT[29]_P[29])
                                                      0.146     7.964 r  u_core/u_rmsnorm_mul/p1_wide/DSP_OUTPUT_INST/P[29]
                         net (fo=4, routed)           0.415     8.379    u_core/u_rmsnorm_mul/p1_wide_n_76
    SLICE_X38Y110        LUT2 (Prop_C6LUT_SLICEM_I0_O)
                                                      0.135     8.514 r  u_core/u_rmsnorm_mul/p1_reg0_carry_i_9/O
                         net (fo=1, routed)           0.029     8.543    u_core/u_rmsnorm_mul/p1_reg0_carry_i_9_n_0
    SLICE_X38Y110        CARRY8 (Prop_CARRY8_SLICEM_S[2]_CO[7])
                                                      0.229     8.772 f  u_core/u_rmsnorm_mul/p1_reg0_carry/CO[7]
                         net (fo=1, routed)           0.030     8.802    u_core/u_rmsnorm_mul/p1_reg0_carry_n_0
    SLICE_X38Y111        CARRY8 (Prop_CARRY8_SLICEM_CI_CO[0])
                                                      0.074     8.876 f  u_core/u_rmsnorm_mul/p1_reg0_carry__0/CO[0]
                         net (fo=16, routed)          0.276     9.151    u_core/u_rmsnorm_mul/p_0_in
    SLICE_X37Y112        LUT2 (Prop_D6LUT_SLICEM_I1_O)
                                                      0.080     9.231 r  u_core/u_rmsnorm_mul/p1_reg[5]_i_1/O
                         net (fo=1, routed)           0.096     9.327    u_core/u_rmsnorm_mul/p1_reg[5]_i_1_n_0
    SLICE_X37Y112        FDSE                                         r  u_core/u_rmsnorm_mul/p1_reg_reg[5]/D
  -------------------------------------------------------------------    -------------------

                         (clock clk rise edge)       10.000    10.000 r  
                                                      0.000    10.000 r  clk (IN)
                         net (fo=4226, unset)         0.030    10.030    u_core/u_rmsnorm_mul/clk
    SLICE_X37Y112        FDSE                                         r  u_core/u_rmsnorm_mul/p1_reg_reg[5]/C
                         clock pessimism              0.000    10.030    
                         clock uncertainty           -0.035     9.995    
    SLICE_X37Y112        FDSE (Setup_DFF_SLICEM_C_D)
                                                      0.043    10.038    u_core/u_rmsnorm_mul/p1_reg_reg[5]
  -------------------------------------------------------------------
                         required time                         10.038    
                         arrival time                          -9.327    
  -------------------------------------------------------------------
                         slack                                  0.710    





Min Delay Paths
--------------------------------------------------------------------------------------
Slack (MET) :             0.095ns  (arrival time - required time)
  Source:                 u_core/t_stride_xp_reg[12]/C
                            (rising edge-triggered cell FDCE clocked by clk  {rise@0.000ns fall@5.000ns period=10.000ns})
  Destination:            u_core/t_stride_xp_reg[13]/D
                            (rising edge-triggered cell FDCE clocked by clk  {rise@0.000ns fall@5.000ns period=10.000ns})
  Path Group:             clk
  Path Type:              Hold (Min at Fast Process Corner)
  Requirement:            0.000ns  (clk rise@0.000ns - clk rise@0.000ns)
  Data Path Delay:        0.147ns  (logic 0.107ns (72.974%)  route 0.040ns (27.026%))
  Logic Levels:           1  (LUT5=1)
  Clock Path Skew:        0.007ns (DCD - SCD - CPR)
    Destination Clock Delay (DCD):    0.021ns
    Source Clock Delay      (SCD):    0.014ns
    Clock Pessimism Removal (CPR):    -0.000ns

    Location             Delay type                Incr(ns)  Path(ns)    Netlist Resource(s)
  -------------------------------------------------------------------    -------------------
                         (clock clk rise edge)        0.000     0.000 r  
                                                      0.000     0.000 r  clk (IN)
                         net (fo=4226, unset)         0.014     0.014    u_core/clk
    SLICE_X38Y129        FDCE                                         r  u_core/t_stride_xp_reg[12]/C
  -------------------------------------------------------------------    -------------------
    SLICE_X38Y129        FDCE (Prop_HFF_SLICEM_C_Q)
                                                      0.083     0.097 r  u_core/t_stride_xp_reg[12]/Q
                         net (fo=6, routed)           0.033     0.130    u_core/t_stride_xp_reg_n_0_[12]
    SLICE_X38Y129        LUT5 (Prop_H5LUT_SLICEM_I3_O)
                                                      0.024     0.154 r  u_core/t_stride_xp[13]_i_1/O
                         net (fo=1, routed)           0.007     0.161    u_core/t_stride_xp[13]
    SLICE_X38Y129        FDCE                                         r  u_core/t_stride_xp_reg[13]/D
  -------------------------------------------------------------------    -------------------

                         (clock clk rise edge)        0.000     0.000 r  
                                                      0.000     0.000 r  clk (IN)
                         net (fo=4226, unset)         0.021     0.021    u_core/clk
    SLICE_X38Y129        FDCE                                         r  u_core/t_stride_xp_reg[13]/C
                         clock pessimism              0.000     0.021    
    SLICE_X38Y129        FDCE (Hold_HFF2_SLICEM_C_D)
                                                      0.045     0.066    u_core/t_stride_xp_reg[13]
  -------------------------------------------------------------------
                         required time                         -0.066    
                         arrival time                           0.161    
  -------------------------------------------------------------------
                         slack                                  0.095    





Pulse Width Checks
--------------------------------------------------------------------------------------
Clock Name:         clk
Waveform(ns):       { 0.000 5.000 }
Period(ns):         10.000
Sources:            { clk }

Check Type        Corner  Lib Pin      Reference Pin  Required(ns)  Actual(ns)  Slack(ns)  Location      Pin
Min Period        n/a     URAM288/CLK  n/a            2.471         10.000      7.529      URAM288_X0Y0  u_core/mem_sys/ram_a/ram_reg_uram_0/CLK
Low Pulse Width   Slow    URAM288/CLK  n/a            0.800         5.000       4.200      URAM288_X0Y0  u_core/mem_sys/ram_a/ram_reg_uram_0/CLK
High Pulse Width  Slow    URAM288/CLK  n/a            0.800         5.000       4.200      URAM288_X0Y0  u_core/mem_sys/ram_a/ram_reg_uram_0/CLK



