Copyright 1986-2022 Xilinx, Inc. All Rights Reserved.
--------------------------------------------------------------------------------------
| Tool Version : Vivado v.2022.1 (win64) Build 3526262 Mon Apr 18 15:48:16 MDT 2022
| Date         : Sun Aug  2 18:11:04 2026
| Host         : letun running 64-bit major release  (build 9200)
| Command      : report_control_sets -verbose -file Mamba_Top_control_sets_placed.rpt
| Design       : Mamba_Top
| Device       : xck26
--------------------------------------------------------------------------------------

Control Set Information

Table of Contents
-----------------
1. Summary
2. Histogram
3. Flip-Flop Distribution
4. Detailed Control Set Information

1. Summary
----------

+----------------------------------------------------------+-------+
|                          Status                          | Count |
+----------------------------------------------------------+-------+
| Total control sets                                       |    78 |
|    Minimum number of control sets                        |    78 |
|    Addition due to synthesis replication                 |     0 |
|    Addition due to physical synthesis replication        |     0 |
| Unused register locations in slices containing registers |    83 |
+----------------------------------------------------------+-------+
* Control sets can be merged at opt_design using control_set_merge or merge_equivalent_drivers
** Run report_qor_suggestions for automated merging and remapping suggestions


2. Histogram
------------

+--------------------+-------+
|       Fanout       | Count |
+--------------------+-------+
| Total control sets |    78 |
| >= 0 to < 4        |    14 |
| >= 4 to < 6        |     3 |
| >= 6 to < 8        |     3 |
| >= 8 to < 10       |     2 |
| >= 10 to < 12      |     1 |
| >= 12 to < 14      |    10 |
| >= 14 to < 16      |     1 |
| >= 16              |    44 |
+--------------------+-------+
* Control sets can be remapped at either synth_design or opt_design


3. Flip-Flop Distribution
-------------------------

+--------------+-----------------------+------------------------+-----------------+--------------+
| Clock Enable | Synchronous Set/Reset | Asynchronous Set/Reset | Total Registers | Total Slices |
+--------------+-----------------------+------------------------+-----------------+--------------+
| No           | No                    | No                     |             512 |          202 |
| No           | No                    | Yes                    |            2488 |         1146 |
| No           | Yes                   | No                     |               0 |            0 |
| Yes          | No                    | No                     |               0 |            0 |
| Yes          | No                    | Yes                    |            6733 |         2061 |
| Yes          | Yes                   | No                     |               0 |            0 |
+--------------+-----------------------+------------------------+-----------------+--------------+


4. Detailed Control Set Information
-----------------------------------

+--------------+---------------------------------------------+------------------+------------------+----------------+--------------+
| Clock Signal |                Enable Signal                | Set/Reset Signal | Slice Load Count | Bel Load Count | Bels / Slice |
+--------------+---------------------------------------------+------------------+------------------+----------------+--------------+
|  clk         | m6_ssm_grp_acc[130]                         | rst              |                1 |              2 |         2.00 |
|  clk         | m6_ssm_grp_acc[8]                           | rst              |                1 |              2 |         2.00 |
|  clk         | m6_ssm_grp_acc[71]                          | rst              |                2 |              2 |         1.00 |
|  clk         | m6_ssm_grp_acc[31]                          | rst              |                1 |              2 |         2.00 |
|  clk         | m6_ssm_grp_acc[136]                         | rst              |                1 |              2 |         2.00 |
|  clk         | m6_ssm_grp_acc[207]                         | rst              |                1 |              2 |         2.00 |
|  clk         | m6_ssm_grp_acc[223]_i_1_n_0                 | rst              |                1 |              2 |         2.00 |
|  clk         | m6_ssm_grp_acc[159]                         | rst              |                1 |              2 |         2.00 |
|  clk         | m6_ssm_grp_acc[63]                          | rst              |                1 |              2 |         2.00 |
|  clk         | tap_cnt[1]_i_1_n_0                          | rst              |                2 |              2 |         1.00 |
|  clk         | m6_ssm_grp_acc[95]                          | rst              |                1 |              2 |         2.00 |
|  clk         | m6_ssm_grp_acc[199]                         | rst              |                1 |              2 |         2.00 |
|  clk         | m6_ssm_grp_acc[191]                         | rst              |                1 |              2 |         2.00 |
|  clk         | ctr_load[2]_i_1_n_0                         | rst              |                2 |              3 |         1.50 |
|  clk         | ctr_g[4]_i_1_n_0                            | rst              |                3 |              5 |         1.67 |
|  clk         | ctr_r[4]_i_1_n_0                            | rst              |                4 |              5 |         1.25 |
|  clk         | m3_wr_ptr[4]_i_1_n_0                        | rst              |                1 |              5 |         5.00 |
|  clk         | core_read_addr2_r                           | rst              |                4 |              6 |         1.50 |
|  clk         | const_rd_addr2_r                            | rst              |                5 |              7 |         1.40 |
|  clk         | const_rd_addr_r[6]_i_1_n_0                  | rst              |                5 |              7 |         1.40 |
|  clk         | h_init_cnt[8]_i_1_n_0                       | rst              |                3 |              9 |         3.00 |
|  clk         | ctr_k[8]_i_1_n_0                            | rst              |                5 |              9 |         1.80 |
|  clk         | t_cnt[9]_i_1_n_0                            | rst              |                3 |             10 |         3.33 |
|  clk         | m6_ssm_grp_acc[111]                         | rst              |                9 |             12 |         1.33 |
|  clk         | m6_ssm_grp_acc[47]                          | rst              |                7 |             12 |         1.71 |
|  clk         | m6_ssm_grp_acc[175]                         | rst              |                5 |             12 |         2.40 |
|  clk         | w_rd_addr4                                  | rst              |                3 |             12 |         4.00 |
|  clk         | m6_h_rd_addr_r                              | rst              |                8 |             12 |         1.50 |
|  clk         | w_rd_addr3                                  | rst              |                8 |             12 |         1.50 |
|  clk         | m6_ssm_grp_acc[239]_i_1_n_0                 | rst              |                5 |             12 |         2.40 |
|  clk         | w_rd_addr2[12]_i_1_n_0                      | rst              |                3 |             13 |         4.33 |
|  clk         | w_rd_addr                                   | rst              |               11 |             13 |         1.18 |
|  clk         | m_rd_addr[12]_i_1_n_0                       | rst              |               10 |             13 |         1.30 |
|  clk         | ctr_l                                       | rst              |                7 |             15 |         2.14 |
|  clk         | cur_stage[3]_i_1_n_0                        | rst              |               10 |             17 |         1.70 |
|  clk         | m6_h_wr_en_r                                | rst              |               14 |             19 |         1.36 |
|  clk         | m6_ssm_grp_acc[109]                         | rst              |                9 |             20 |         2.22 |
|  clk         | m6_ssm_grp_acc[45]                          | rst              |               11 |             20 |         1.82 |
|  clk         | m6_ssm_grp_acc[173]                         | rst              |               14 |             20 |         1.43 |
|  clk         | m6_ssm_grp_acc[237]                         | rst              |                9 |             20 |         2.22 |
|  clk         | m6_ssm_grp_acc[206]_i_1_n_0                 | rst              |               14 |             28 |         2.00 |
|  clk         | m6_ssm_grp_acc[142]                         | rst              |               16 |             28 |         1.75 |
|  clk         | m6_ssm_grp_acc[62]                          | rst              |               15 |             30 |         2.00 |
|  clk         | m6_ssm_grp_acc[79]                          | rst              |               17 |             30 |         1.76 |
|  clk         | m6_ssm_grp_acc[30]                          | rst              |               11 |             30 |         2.73 |
|  clk         | m6_ssm_grp_acc[94]                          | rst              |               14 |             30 |         2.14 |
|  clk         | m6_ssm_grp_acc[14]                          | rst              |               16 |             30 |         1.88 |
|  clk         | m6_ssm_grp_acc[158]                         | rst              |               16 |             30 |         1.88 |
|  clk         | m6_ssm_grp_acc[190]                         | rst              |               14 |             30 |         2.14 |
|  clk         | m6_ssm_grp_acc[222]                         | rst              |               13 |             30 |         2.31 |
|  clk         | m6_y_ch_reg                                 | rst              |                6 |             32 |         5.33 |
|  clk         | m6_ssm_grp_acc[255]_i_1_n_0                 | rst              |               16 |             32 |         2.00 |
|  clk         | m6_ssm_grp_acc[127]_i_1_n_0                 | rst              |               20 |             32 |         1.60 |
|  clk         | u_mem/ram_const/ram_reg_0_127_14_14_i_1_n_0 |                  |                8 |             64 |         8.00 |
|  clk         | state                                       | rst              |               54 |             78 |         1.44 |
|  clk         | u_mem/ram_const/ram_reg_0_127_8_8_i_1_n_0   |                  |               24 |            192 |         8.00 |
|  clk         | u_mem/ram_const/we_const                    |                  |               24 |            192 |         8.00 |
|  clk         | u_mem/ram_const/ram_reg_0_127_5_5_i_1_n_0   |                  |               24 |            192 |         8.00 |
|  clk         | u_mem/ram_const/ram_reg_0_127_11_11_i_1_n_0 |                  |               24 |            192 |         8.00 |
|  clk         | u_mem/ram_const/ram_reg_0_127_2_2_i_1_n_0   |                  |               24 |            192 |         8.00 |
|  clk         | silu_z_reg                                  | rst              |              185 |            240 |         1.30 |
|  clk         | m6_w1_reg                                   | rst              |              143 |            256 |         1.79 |
|  clk         | m5_dt_word_reg                              | rst              |               35 |            256 |         7.31 |
|  clk         | cl_in_W1_vec_reg[255]_i_1_n_0               | rst              |              145 |            256 |         1.77 |
|  clk         | cl_in_H_ext_reg[255]_i_1_n_0                | rst              |              234 |            256 |         1.09 |
|  clk         | cl2_out_snap                                | rst              |              162 |            256 |         1.58 |
|  clk         | cl2_in_H_ext[255]_i_1_n_0                   | rst              |              182 |            256 |         1.41 |
|  clk         | cl2_in_W1_vec[255]_i_1_n_0                  | rst              |              138 |            256 |         1.86 |
|  clk         | m6_w0_reg                                   | rst              |               97 |            256 |         2.64 |
|  clk         | m6_w2_reg                                   | rst              |               83 |            256 |         3.08 |
|  clk         | m_we_i_1_n_0                                | rst              |              207 |            269 |         1.30 |
|  clk         |                                             |                  |              202 |            512 |         2.53 |
|  clk         | cl_in_X_vec[255]_i_1_n_0                    | rst              |              259 |            512 |         1.98 |
|  clk         | cl2_in_W2_vec[255]_i_1_n_0                  | rst              |              246 |            512 |         2.08 |
|  clk         | m6_u_word                                   | rst              |               77 |            512 |         6.65 |
|  clk         | m6_dA_reg                                   | rst              |              358 |            544 |         1.52 |
|  clk         | m6_delta_word                               | rst              |              233 |           1024 |         4.39 |
|  clk         |                                             | rst              |             1146 |           2488 |         2.17 |
+--------------+---------------------------------------------+------------------+------------------+----------------+--------------+


