Copyright 1986-2022 Xilinx, Inc. All Rights Reserved.
--------------------------------------------------------------------------------------
| Tool Version : Vivado v.2022.1 (win64) Build 3526262 Mon Apr 18 15:48:16 MDT 2022
| Date         : Thu Jul 16 23:18:37 2026
| Host         : letun running 64-bit major release  (build 9200)
| Command      : report_control_sets -verbose -file Mamba_Top_control_sets_placed.rpt
| Design       : Mamba_Top
| Device       : xck26
--------------------------------------------------------------------------------------

Control Set Information

Table of Contents
-----------------
1. Summary
2. Histogram
3. Flip-Flop Distribution
4. Detailed Control Set Information

1. Summary
----------

+----------------------------------------------------------+-------+
|                          Status                          | Count |
+----------------------------------------------------------+-------+
| Total control sets                                       |    47 |
|    Minimum number of control sets                        |    47 |
|    Addition due to synthesis replication                 |     0 |
|    Addition due to physical synthesis replication        |     0 |
| Unused register locations in slices containing registers |    37 |
+----------------------------------------------------------+-------+
* Control sets can be merged at opt_design using control_set_merge or merge_equivalent_drivers
** Run report_qor_suggestions for automated merging and remapping suggestions


2. Histogram
------------

+--------------------+-------+
|       Fanout       | Count |
+--------------------+-------+
| Total control sets |    47 |
| >= 0 to < 4        |     2 |
| >= 4 to < 6        |     5 |
| >= 6 to < 8        |     1 |
| >= 8 to < 10       |     3 |
| >= 10 to < 12      |     1 |
| >= 12 to < 14      |     4 |
| >= 14 to < 16      |     0 |
| >= 16              |    31 |
+--------------------+-------+
* Control sets can be remapped at either synth_design or opt_design


3. Flip-Flop Distribution
-------------------------

+--------------+-----------------------+------------------------+-----------------+--------------+
| Clock Enable | Synchronous Set/Reset | Asynchronous Set/Reset | Total Registers | Total Slices |
+--------------+-----------------------+------------------------+-----------------+--------------+
| No           | No                    | No                     |               0 |            0 |
| No           | No                    | Yes                    |            1251 |          549 |
| No           | Yes                   | No                     |               0 |            0 |
| Yes          | No                    | No                     |               0 |            0 |
| Yes          | No                    | Yes                    |            4048 |         1224 |
| Yes          | Yes                   | No                     |               0 |            0 |
+--------------+-----------------------+------------------------+-----------------+--------------+


4. Detailed Control Set Information
-----------------------------------

+--------------+---------------------+------------------+------------------+----------------+--------------+
| Clock Signal |    Enable Signal    | Set/Reset Signal | Slice Load Count | Bel Load Count | Bels / Slice |
+--------------+---------------------+------------------+------------------+----------------+--------------+
|  clk         | tap_cnt             | rst              |                2 |              2 |         1.00 |
|  clk         | ctr_load            | rst              |                2 |              3 |         1.50 |
|  clk         | ctr_l               | rst              |                2 |              4 |         2.00 |
|  clk         | cur_stage           | rst              |                2 |              4 |         2.00 |
|  clk         | ctr_g               | rst              |                5 |              5 |         1.00 |
|  clk         | ctr_r               | rst              |                3 |              5 |         1.67 |
|  clk         | m3_wr_ptr           | rst              |                1 |              5 |         5.00 |
|  clk         | const_rd_addr_r     | rst              |                4 |              7 |         1.75 |
|  clk         | m6_h_rd_addr_r      | rst              |                3 |              8 |         2.67 |
|  clk         | ctr_k               | rst              |                4 |              9 |         2.25 |
|  clk         | h_init_cnt          | rst              |                3 |              9 |         3.00 |
|  clk         | t_cnt               | rst              |                5 |             10 |         2.00 |
|  clk         | m6_h_wr_en_r        | rst              |                8 |             12 |         1.50 |
|  clk         | w_rd_addr           | rst              |               11 |             13 |         1.18 |
|  clk         | w_rd_addr2          | rst              |                3 |             13 |         4.33 |
|  clk         | m_rd_addr           | rst              |               10 |             13 |         1.30 |
|  clk         | m6_ssm_grp_acc[31]  | rst              |               12 |             16 |         1.33 |
|  clk         | m6_ssm_grp_acc[175] | rst              |                7 |             16 |         2.29 |
|  clk         | m6_ssm_grp_acc[111] | rst              |                9 |             16 |         1.78 |
|  clk         | m6_ssm_grp_acc[191] | rst              |               10 |             16 |         1.60 |
|  clk         | m6_ssm_grp_acc[207] | rst              |                6 |             16 |         2.67 |
|  clk         | m6_ssm_grp_acc[255] | rst              |               13 |             16 |         1.23 |
|  clk         | m6_y_ch_reg         | rst              |                2 |             16 |         8.00 |
|  clk         | m6_ssm_grp_acc[127] | rst              |                9 |             16 |         1.78 |
|  clk         | m6_ssm_grp_acc[143] | rst              |               12 |             16 |         1.33 |
|  clk         | m6_ssm_grp_acc[95]  | rst              |                8 |             16 |         2.00 |
|  clk         | m6_ssm_grp_acc[223] | rst              |               11 |             16 |         1.45 |
|  clk         | m6_ssm_grp_acc[239] | rst              |                4 |             16 |         4.00 |
|  clk         | m6_ssm_grp_acc[15]  | rst              |               14 |             16 |         1.14 |
|  clk         | m6_ssm_grp_acc[47]  | rst              |               10 |             16 |         1.60 |
|  clk         | m6_ssm_grp_acc[63]  | rst              |               12 |             16 |         1.33 |
|  clk         | m6_ssm_grp_acc[79]  | rst              |               13 |             16 |         1.23 |
|  clk         | m6_ssm_grp_acc[159] | rst              |                6 |             16 |         2.67 |
|  clk         | state               | rst              |               29 |             57 |         1.97 |
|  clk         | silu_z_reg          | rst              |              207 |            240 |         1.16 |
|  clk         | cl_in_H_ext         | rst              |              206 |            256 |         1.24 |
|  clk         | cl_in_W1_vec        | rst              |              167 |            256 |         1.53 |
|  clk         | m5_dt_word_reg      | rst              |               35 |            256 |         7.31 |
|  clk         | m6_w2_reg           | rst              |               86 |            256 |         2.98 |
|  clk         | m6_w0_reg           | rst              |               86 |            256 |         2.98 |
|  clk         | m6_w1_reg           | rst              |              136 |            256 |         1.88 |
|  clk         | m6_u_word           | rst              |               35 |            256 |         7.31 |
|  clk         | m_wr_addr           | rst              |              197 |            269 |         1.37 |
|  clk         | m6_dA_reg           | rst              |              162 |            272 |         1.68 |
|  clk         | m6_delta_word       | rst              |               84 |            512 |         6.10 |
|  clk         | cl_op_mode[2]       | rst              |              231 |            512 |         2.22 |
|  clk         |                     | rst              |              549 |           1251 |         2.28 |
+--------------+---------------------+------------------+------------------+----------------+--------------+


