#-----------------------------------------------------------
# Vivado v2022.1 (64-bit)
# SW Build 3526262 on Mon Apr 18 15:48:16 MDT 2022
# IP Build 3524634 on Mon Apr 18 20:55:01 MDT 2022
# Start of session at: Sat Jun 13 12:07:29 2026
# Process ID: 25948
# Current directory: C:/Users/ADMIN/Downloads/ITMN_MASTER/reports/inception
# Command line: vivado.exe -gui_launcher_event rodinguilauncherevent26732 C:\Users\ADMIN\Downloads\ITMN_MASTER\reports\inception\inception_top_routed.dcp
# Log file: C:/Users/ADMIN/Downloads/ITMN_MASTER/reports/inception/vivado.log
# Journal file: C:/Users/ADMIN/Downloads/ITMN_MASTER/reports/inception\vivado.jou
# Running On: letun, OS: Windows, CPU Frequency: 3110 MHz, CPU Physical cores: 12, Host memory: 16782 MB
#-----------------------------------------------------------
start_gui
open_checkpoint C:/Users/ADMIN/Downloads/ITMN_MASTER/reports/inception/inception_top_routed.dcp
report_utilization -name utilization_1
report_timing_summary -delay_type min_max -report_unconstrained -check_timing_verbose -max_paths 10 -input_pins -routable_nets -name timing_1
