case__33: Const_Storage__GCB1, Const_Storage__GCB2, Const_Storage__GCB8, Const_Storage__GCB10, Const_Storage__GCB3, Const_Storage__GCB6, Const_Storage__GCB7, Const_Storage__GCB9, Const_Storage__GCB0, Const_Storage__GCB4, 
datapath__188: ITM_Top_v2__GCB0, 
reg__137: ITM_Top_v2__GCB1, 
reg__110: ITM_Top_v2__GCB1, 
logic__10: ITM_Top_v2__GCB0, 
datapath__79: ITM_Top_v2__GCB0, 
muxpart__25: ITM_Top_v2__GCB1, 
datapath__102: ITM_Top_v2__GCB0, 
datapath__71: ITM_Top_v2__GCB0, 
Silu_LUT: Const_Storage__GCB1, Const_Storage__GCB2, Const_Storage__GCB8, Const_Storage__GCB10, Const_Storage__GCB3, Const_Storage__GCB6, Const_Storage__GCB7, Const_Storage__GCB9, Const_Storage__GCB0, Const_Storage__GCB4, 
logic__315: ITM_Top_v2__GCB1, 
reg__28: ITM_Top_v2__GCB0, 
logic__243: ITM_Top_v2__GCB0, 
reg__45: ITM_Top_v2__GCB0, 
datapath__13: Const_Storage__GCB1, Const_Storage__GCB2, Const_Storage__GCB8, Const_Storage__GCB10, Const_Storage__GCB3, Const_Storage__GCB6, Const_Storage__GCB7, Const_Storage__GCB9, Const_Storage__GCB0, Const_Storage__GCB4, 
reg__33: ITM_Top_v2__GCB0, 
reg__50: ITM_Top_v2__GCB1, 
reg__126: ITM_Top_v2__GCB1, 
logic__260: ITM_Top_v2__GCB0, 
datapath__6: ITM_Top_v2__GCB2, 
logic__148: ITM_Top_v2__GCB0, 
datapath__184: ITM_Top_v2__GCB0, 
muxpart__64: ITM_Top_v2__GCB1, 
muxpart__53: ITM_Top_v2__GCB0, 
case__11: ITM_Top_v2__GCB2, 
case__94: ITM_Top_v2__GCB0, 
datapath__159: ITM_Top_v2__GCB0, 
datapath__113: ITM_Top_v2__GCB0, 
datapath__73: ITM_Top_v2__GCB0, 
reg__53: ITM_Top_v2__GCB0, 
datapath__128: ITM_Top_v2__GCB1, 
reg__143: ITM_Top_v2__GCB0, 
logic__462: ITM_Top_v2__GCB0, 
Const_Storage__GCB4: Const_Storage__GCB4, 
reg__103: ITM_Top_v2__GCB0, 
logic__478: ITM_Top_v2__GCB0, 
muxpart__34: ITM_Top_v2__GCB0, 
case__82: ITM_Top_v2__GCB0, 
muxpart__55: ITM_Top_v2__GCB0, 
case__114: ITM_Top_v2__GCB0, 
datapath__23: ITM_Top_v2__GCB0, 
datapath__35: ITM_Top_v2__GCB0, 
dsp48e2__8: ITM_Top_v2__GCB0, 
case__58: ITM_Top_v2__GCB0, 
muxpart__50: ITM_Top_v2__GCB0, 
Const_Storage__GCB7: Const_Storage__GCB7, 
muxpart__16: ITM_Top_v2__GCB0, 
dsp48e2__6: ITM_Top_v2__GCB0, 
datapath__146: ITM_Top_v2__GCB1, 
datapath__165: ITM_Top_v2__GCB0, 
logic__509: ITM_Top_v2__GCB0, 
reg__25: ITM_Top_v2__GCB0, 
reg__11: ITM_Top_v2__GCB0, 
case__107: ITM_Top_v2__GCB0, 
datapath__27: ITM_Top_v2__GCB0, 
reg__34: ITM_Top_v2__GCB0, 
reg__92: ITM_Top_v2__GCB1, 
datapath__172: ITM_Top_v2__GCB0, 
Const_Storage__GCB0: Const_Storage__GCB0, 
logic__300: ITM_Top_v2__GCB0, 
muxpart__41: ITM_Top_v2__GCB1, 
muxpart__56: ITM_Top_v2__GCB0, 
reg__72: ITM_Top_v2__GCB0, 
case__23: ITM_Top_v2__GCB2, 
case__110: ITM_Top_v2__GCB1, 
reg__142: ITM_Top_v2__GCB0, 
case__103: ITM_Top_v2__GCB0, 
RMSNorm_Mul: ITM_Top_v2__GCB1, 
case__5: ITM_Top_v2__GCB0, 
case__32: ITM_Top_v2__GCB1, 
datapath__158: ITM_Top_v2__GCB0, 
case__43: ITM_Top_v2__GCB0, 
datapath__164: ITM_Top_v2__GCB0, 
reg__94: ITM_Top_v2__GCB1, 
case__41: ITM_Top_v2__GCB0, 
Const_Storage__GCB10: Const_Storage__GCB10, 
reg__123: ITM_Top_v2__GCB1, 
reg__3: ITM_Top_v2__GCB0, 
datapath__166: ITM_Top_v2__GCB0, 
case__36: Const_Storage__GCB1, Const_Storage__GCB2, Const_Storage__GCB8, Const_Storage__GCB10, Const_Storage__GCB3, Const_Storage__GCB6, Const_Storage__GCB7, Const_Storage__GCB9, Const_Storage__GCB0, Const_Storage__GCB4, 
case__106: ITM_Top_v2__GCB0, 
reg__95: ITM_Top_v2__GCB1, 
datapath__46: ITM_Top_v2__GCB0, 
reg__127: ITM_Top_v2__GCB0, 
muxpart__36: ITM_Top_v2__GCB0, 
reg__122: ITM_Top_v2__GCB1, 
muxpart__88: ITM_Top_v2__GCB0, 
datapath__59: ITM_Top_v2__GCB1, 
datapath__142: ITM_Top_v2__GCB0, 
datapath__134: ITM_Top_v2__GCB0, 
muxpart__59: ITM_Top_v2__GCB0, 
reg__84: ITM_Top_v2__GCB0, 
muxpart__33: ITM_Top_v2__GCB0, 
case__76: ITM_Top_v2__GCB0, 
muxpart__10: ITM_Top_v2__GCB0, 
case__48: ITM_Top_v2__GCB0, 
muxpart__78: ITM_Top_v2__GCB1, 
case__19: ITM_Top_v2__GCB2, 
muxpart__31: ITM_Top_v2__GCB0, 
case__1: ITM_Top_v2__GCB0, 
datapath__67: ITM_Top_v2__GCB0, 
logic__129: ITM_Top_v2__GCB0, 
datapath__5: ITM_Top_v2__GCB2, 
reg__118: ITM_Top_v2__GCB1, 
datapath__19: Const_Storage__GCB10, Const_Storage__GCB9, Const_Storage__GCB8, Const_Storage__GCB7, Const_Storage__GCB6, Const_Storage__GCB4, Const_Storage__GCB3, Const_Storage__GCB2, Const_Storage__GCB0, 
logic__607: ITM_Top_v2__GCB0, 
datapath__199: ITM_Top_v2__GCB0, 
logic__527: ITM_Top_v2__GCB1, 
datapath__151: ITM_Top_v2__GCB0, 
dsp48e2__13: ITM_Top_v2__GCB0, 
reg__31: ITM_Top_v2__GCB0, 
datapath__43: ITM_Top_v2__GCB1, 
logic__52: Const_Storage__GCB5, 
case__8: ITM_Top_v2__GCB0, 
case__34: Const_Storage__GCB1, Const_Storage__GCB2, Const_Storage__GCB8, Const_Storage__GCB10, Const_Storage__GCB3, Const_Storage__GCB6, Const_Storage__GCB7, Const_Storage__GCB9, Const_Storage__GCB0, Const_Storage__GCB4, 
datapath__179: ITM_Top_v2__GCB0, 
case__88: ITM_Top_v2__GCB0, 
reg__99: ITM_Top_v2__GCB1, 
logic__257: ITM_Top_v2__GCB0, 
datapath__147: ITM_Top_v2__GCB0, 
reg__24: ITM_Top_v2__GCB0, 
datapath__17: Const_Storage__GCB10, Const_Storage__GCB9, Const_Storage__GCB8, Const_Storage__GCB7, Const_Storage__GCB6, Const_Storage__GCB4, Const_Storage__GCB3, Const_Storage__GCB2, Const_Storage__GCB0, 
case__35: Const_Storage__GCB1, Const_Storage__GCB2, Const_Storage__GCB8, Const_Storage__GCB10, Const_Storage__GCB3, Const_Storage__GCB6, Const_Storage__GCB7, Const_Storage__GCB9, Const_Storage__GCB0, Const_Storage__GCB4, 
reg__6: ITM_Top_v2__GCB0, 
reg__71: ITM_Top_v2__GCB0, 
reg__87: ITM_Top_v2__GCB1, 
reg__109: ITM_Top_v2__GCB1, 
case__87: ITM_Top_v2__GCB0, 
dsp48e2__4: ITM_Top_v2__GCB0, 
datapath__54: ITM_Top_v2__GCB1, 
datapath__32: ITM_Top_v2__GCB0, 
reg__98: ITM_Top_v2__GCB1, 
muxpart__39: ITM_Top_v2__GCB0, 
dsp48e2__39: ITM_Top_v2__GCB0, 
datapath__148: ITM_Top_v2__GCB0, 
case__26: ITM_Top_v2__GCB2, 
case__73: ITM_Top_v2__GCB0, 
datapath__152: ITM_Top_v2__GCB0, 
muxpart__67: ITM_Top_v2__GCB0, 
Const_Storage__GCB8: Const_Storage__GCB8, 
datapath__153: ITM_Top_v2__GCB0, 
datapath__163: ITM_Top_v2__GCB0, 
BRAM_256b: ITM_Top_v2__GCB0, 
reg__105: ITM_Top_v2__GCB2, 
logic__469: ITM_Top_v2__GCB0, 
datapath__65: ITM_Top_v2__GCB0, 
logic__594: ITM_Top_v2__GCB0, 
dsp48e2__11: ITM_Top_v2__GCB0, 
datapath__112: ITM_Top_v2__GCB0, 
reg__5: ITM_Top_v2__GCB0, 
logic__351: ITM_Top_v2__GCB0, 
logic__279: ITM_Top_v2__GCB0, 
datapath__105: ITM_Top_v2__GCB0, 
dsp48e2__17: ITM_Top_v2__GCB0, 
logic__101: ITM_Top_v2__GCB0, 
dsp48e2__7: ITM_Top_v2__GCB0, 
case__54: ITM_Top_v2__GCB0, 
datapath__122: ITM_Top_v2__GCB0, 
dsp48e2__30: ITM_Top_v2__GCB0, 
reg__20: ITM_Top_v2__GCB1, 
reg__29: ITM_Top_v2__GCB0, 
dsp48e2__3: ITM_Top_v2__GCB1, 
datapath__174: ITM_Top_v2__GCB1, 
reg__51: ITM_Top_v2__GCB1, 
muxpart__93: ITM_Top_v2__GCB0, 
case__116: ITM_Top_v2__GCB0, 
ITM_Top_v2__GCB2: ITM_Top_v2__GCB2, 
reg__81: ITM_Top_v2__GCB1, 
dsp48e2__2: ITM_Top_v2__GCB1, 
case__74: ITM_Top_v2__GCB0, 
muxpart__23: ITM_Top_v2__GCB0, 
reg__135: ITM_Top_v2__GCB0, 
datapath__116: ITM_Top_v2__GCB0, 
datapath__15: Const_Storage__GCB1, Const_Storage__GCB2, Const_Storage__GCB8, Const_Storage__GCB10, Const_Storage__GCB3, Const_Storage__GCB6, Const_Storage__GCB7, Const_Storage__GCB9, Const_Storage__GCB0, Const_Storage__GCB4, 
extram__1: ITM_Top_v2__GCB0, 
case__12: ITM_Top_v2__GCB2, 
case__42: ITM_Top_v2__GCB0, 
logic__542: ITM_Top_v2__GCB0, 
case__3: ITM_Top_v2__GCB0, 
reg__55: ITM_Top_v2__GCB0, 
muxpart__29: ITM_Top_v2__GCB0, 
muxpart__77: ITM_Top_v2__GCB0, 
logic__87: ITM_Top_v2__GCB0, 
datapath__83: ITM_Top_v2__GCB0, 
muxpart__72: ITM_Top_v2__GCB1, 
logic__166: ITM_Top_v2__GCB0, 
case__45: ITM_Top_v2__GCB0, 
datapath__52: ITM_Top_v2__GCB1, 
reg__7: ITM_Top_v2__GCB0, 
datapath__185: ITM_Top_v2__GCB0, 
datapath__72: ITM_Top_v2__GCB0, 
datapath__133: ITM_Top_v2__GCB0, 
reg__59: ITM_Top_v2__GCB0, 
dsp48e2__23: ITM_Top_v2__GCB0, 
datapath__104: ITM_Top_v2__GCB0, 
reg__64: ITM_Top_v2__GCB0, 
case__64: ITM_Top_v2__GCB0, 
dsp48e2__14: ITM_Top_v2__GCB0, 
reg__39: ITM_Top_v2__GCB0, 
reg__116: ITM_Top_v2__GCB1, 
case__55: ITM_Top_v2__GCB0, 
logic__292: ITM_Top_v2__GCB0, 
datapath__34: ITM_Top_v2__GCB0, 
reg__96: ITM_Top_v2__GCB1, 
datapath__114: ITM_Top_v2__GCB0, 
dsp48e2__1: ITM_Top_v2__GCB2, 
reg__42: ITM_Top_v2__GCB0, 
reg__66: ITM_Top_v2__GCB0, 
datapath__180: ITM_Top_v2__GCB0, 
datapath__193: ITM_Top_v2__GCB1, 
datapath__173: ITM_Top_v2__GCB1, 
muxpart__43: ITM_Top_v2__GCB0, 
Const_Storage__GCB2: Const_Storage__GCB2, 
case__31: ITM_Top_v2__GCB2, 
muxpart__2: Const_Storage__GCB10, Const_Storage__GCB9, Const_Storage__GCB8, Const_Storage__GCB7, Const_Storage__GCB6, Const_Storage__GCB4, Const_Storage__GCB3, Const_Storage__GCB2, Const_Storage__GCB0, 
reg__130: ITM_Top_v2__GCB0, 
datapath__48: ITM_Top_v2__GCB0, 
case__70: ITM_Top_v2__GCB0, 
logic__388: ITM_Top_v2__GCB0, 
datapath__90: ITM_Top_v2__GCB1, 
muxpart__85: ITM_Top_v2__GCB0, 
reg__102: ITM_Top_v2__GCB0, 
case__46: ITM_Top_v2__GCB0, 
case__112: ITM_Top_v2__GCB0, 
datapath__125: ITM_Top_v2__GCB1, 
datapath__96: ITM_Top_v2__GCB1, 
case__102: ITM_Top_v2__GCB0, 
muxpart__14: ITM_Top_v2__GCB0, 
reg__75: ITM_Top_v2__GCB0, 
reg__26: ITM_Top_v2__GCB0, 
logic__250: ITM_Top_v2__GCB1, 
logic__450: ITM_Top_v2__GCB0, 
reg__4: ITM_Top_v2__GCB0, 
muxpart__86: ITM_Top_v2__GCB0, 
case__27: ITM_Top_v2__GCB2, 
logic__65: ITM_Top_v2__GCB0, 
case__14: ITM_Top_v2__GCB2, 
datapath__121: ITM_Top_v2__GCB0, 
datapath__194: ITM_Top_v2__GCB1, 
datapath__132: ITM_Top_v2__GCB0, 
reg__74: ITM_Top_v2__GCB0, 
datapath__110: ITM_Top_v2__GCB0, 
reg__58: ITM_Top_v2__GCB0, 
case__72: ITM_Top_v2__GCB0, 
logic__90: ITM_Top_v2__GCB0, 
reg__41: ITM_Top_v2__GCB0, 
reg__57: ITM_Top_v2__GCB0, 
dsp48e2__40: ITM_Top_v2__GCB0, 
case__10: ITM_Top_v2__GCB2, 
reg__106: ITM_Top_v2__GCB0, 
logic__263: ITM_Top_v2__GCB0, 
reg__56: ITM_Top_v2__GCB0, 
case__38: Const_Storage__GCB10, Const_Storage__GCB9, Const_Storage__GCB8, Const_Storage__GCB7, Const_Storage__GCB6, Const_Storage__GCB4, Const_Storage__GCB3, Const_Storage__GCB2, Const_Storage__GCB0, 
reg__89: ITM_Top_v2__GCB1, 
case__68: ITM_Top_v2__GCB0, 
datapath__14: Const_Storage__GCB1, Const_Storage__GCB2, Const_Storage__GCB8, Const_Storage__GCB10, Const_Storage__GCB3, Const_Storage__GCB6, Const_Storage__GCB7, Const_Storage__GCB9, Const_Storage__GCB0, Const_Storage__GCB4, 
datapath__200: ITM_Top_v2__GCB0, 
reg__115: ITM_Top_v2__GCB1, 
datapath__49: ITM_Top_v2__GCB0, 
reg__63: ITM_Top_v2__GCB0, 
datapath__107: ITM_Top_v2__GCB0, 
datapath__50: ITM_Top_v2__GCB0, 
reg__27: ITM_Top_v2__GCB0, 
case__37: Const_Storage__GCB10, Const_Storage__GCB9, Const_Storage__GCB8, Const_Storage__GCB7, Const_Storage__GCB6, Const_Storage__GCB4, Const_Storage__GCB3, Const_Storage__GCB2, Const_Storage__GCB0, 
datapath__138: ITM_Top_v2__GCB0, 
case__40: ITM_Top_v2__GCB0, 
datapath__82: ITM_Top_v2__GCB0, 
case__91: ITM_Top_v2__GCB0, 
dsp48e2__22: ITM_Top_v2__GCB0, 
muxpart__76: ITM_Top_v2__GCB0, 
reg__101: ITM_Top_v2__GCB1, 
datapath__85: ITM_Top_v2__GCB0, 
datapath__198: ITM_Top_v2__GCB0, 
datapath__175: ITM_Top_v2__GCB1, 
muxpart__20: ITM_Top_v2__GCB0, 
logic__428: ITM_Top_v2__GCB0, 
muxpart__1: Const_Storage__GCB1, Const_Storage__GCB2, Const_Storage__GCB8, Const_Storage__GCB10, Const_Storage__GCB3, Const_Storage__GCB6, Const_Storage__GCB7, Const_Storage__GCB9, Const_Storage__GCB0, Const_Storage__GCB4, 
datapath__86: ITM_Top_v2__GCB0, 
muxpart__69: ITM_Top_v2__GCB0, 
logic__442: ITM_Top_v2__GCB0, 
Const_Storage__GCB3: Const_Storage__GCB3, 
reg__104: ITM_Top_v2__GCB2, 
muxpart__51: ITM_Top_v2__GCB0, 
logic__77: ITM_Top_v2__GCB0, 
reg__80: ITM_Top_v2__GCB1, 
logic__457: ITM_Top_v2__GCB1, 
reg__138: ITM_Top_v2__GCB1, 
case__77: ITM_Top_v2__GCB0, 
dsp48e2__24: ITM_Top_v2__GCB0, 
datapath__167: ITM_Top_v2__GCB0, 
reg__61: ITM_Top_v2__GCB0, 
muxpart__45: ITM_Top_v2__GCB0, 
logic__143: ITM_Top_v2__GCB0, 
reg__60: ITM_Top_v2__GCB0, 
datapath__92: ITM_Top_v2__GCB1, 
datapath__117: ITM_Top_v2__GCB0, 
datapath__157: ITM_Top_v2__GCB0, 
case__39: Const_Storage__GCB5, 
reg__91: ITM_Top_v2__GCB1, 
reg__46: ITM_Top_v2__GCB1, 
case__90: ITM_Top_v2__GCB0, 
datapath__130: ITM_Top_v2__GCB1, 
reg__111: ITM_Top_v2__GCB1, 
case__18: ITM_Top_v2__GCB2, 
datapath__169: ITM_Top_v2__GCB0, 
datapath__3: ITM_Top_v2__GCB2, 
reg__139: ITM_Top_v2__GCB0, 
case__100: ITM_Top_v2__GCB0, 
datapath__69: ITM_Top_v2__GCB0, 
datapath__60: ITM_Top_v2__GCB0, 
PE_Array: ITM_Top_v2__GCB2, 
datapath__170: ITM_Top_v2__GCB0, 
case__71: ITM_Top_v2__GCB0, 
datapath__197: ITM_Top_v2__GCB0, 
reg__30: ITM_Top_v2__GCB0, 
logic__498: ITM_Top_v2__GCB0, 
muxpart__60: ITM_Top_v2__GCB0, 
datapath__108: ITM_Top_v2__GCB0, 
case__113: ITM_Top_v2__GCB0, 
Const_Storage__GCB1: Const_Storage__GCB1, 
case__105: ITM_Top_v2__GCB0, 
datapath__196: ITM_Top_v2__GCB0, 
case__75: ITM_Top_v2__GCB0, 
reg__114: ITM_Top_v2__GCB1, 
muxpart__84: ITM_Top_v2__GCB0, 
datapath__93: ITM_Top_v2__GCB1, 
datapath__181: ITM_Top_v2__GCB0, 
dsp48e2__19: ITM_Top_v2__GCB0, 
datapath__182: ITM_Top_v2__GCB0, 
reg__132: ITM_Top_v2__GCB0, 
datapath__91: ITM_Top_v2__GCB1, 
logic__488: ITM_Top_v2__GCB0, 
reg__19: ITM_Top_v2__GCB0, 
datapath__135: ITM_Top_v2__GCB0, 
case__86: ITM_Top_v2__GCB1, 
datapath__87: ITM_Top_v2__GCB0, 
muxpart__81: ITM_Top_v2__GCB1, 
case__92: ITM_Top_v2__GCB0, 
reg__16: ITM_Top_v2__GCB0, 
datapath__97: ITM_Top_v2__GCB1, 
case__52: ITM_Top_v2__GCB0, 
datapath__131: ITM_Top_v2__GCB1, 
datapath__57: ITM_Top_v2__GCB1, 
case__69: ITM_Top_v2__GCB0, 
datapath__109: ITM_Top_v2__GCB0, 
datapath__89: ITM_Top_v2__GCB0, 
datapath__20: ITM_Top_v2__GCB0, 
logic__386: ITM_Top_v2__GCB0, 
reg__65: ITM_Top_v2__GCB0, 
muxpart__63: ITM_Top_v2__GCB0, 
case__16: ITM_Top_v2__GCB2, 
Exp_LUT: Const_Storage__GCB10, Const_Storage__GCB9, Const_Storage__GCB8, Const_Storage__GCB7, Const_Storage__GCB6, Const_Storage__GCB4, Const_Storage__GCB3, Const_Storage__GCB2, Const_Storage__GCB0, 
reg__124: ITM_Top_v2__GCB1, 
case__67: ITM_Top_v2__GCB0, 
case__7: ITM_Top_v2__GCB0, 
datapath__29: ITM_Top_v2__GCB0, 
case__13: ITM_Top_v2__GCB2, 
datapath__118: ITM_Top_v2__GCB0, 
muxpart__40: ITM_Top_v2__GCB0, 
datapath__95: ITM_Top_v2__GCB1, 
datapath__145: ITM_Top_v2__GCB1, 
datapath__84: ITM_Top_v2__GCB0, 
datapath__119: ITM_Top_v2__GCB0, 
reg__69: ITM_Top_v2__GCB0, 
dsp48e2__16: ITM_Top_v2__GCB0, 
case__22: ITM_Top_v2__GCB2, 
reg__113: ITM_Top_v2__GCB1, 
muxpart__74: ITM_Top_v2__GCB0, 
reg__90: ITM_Top_v2__GCB1, 
Unified_PE: ITM_Top_v2__GCB2, 
reg__15: ITM_Top_v2__GCB0, 
reg__121: ITM_Top_v2__GCB1, 
muxpart__17: ITM_Top_v2__GCB0, 
reg__23: ITM_Top_v2__GCB0, 
datapath__103: ITM_Top_v2__GCB0, 
datapath__177: ITM_Top_v2__GCB1, 
reg__133: ITM_Top_v2__GCB0, 
datapath__123: ITM_Top_v2__GCB0, 
datapath__1: ITM_Top_v2__GCB2, 
case__17: ITM_Top_v2__GCB2, 
datapath__155: ITM_Top_v2__GCB0, 
case: ITM_Top_v2__GCB0, 
case__28: ITM_Top_v2__GCB2, 
case__93: ITM_Top_v2__GCB0, 
reg__67: ITM_Top_v2__GCB0, 
datapath: ITM_Top_v2__GCB2, 
datapath__63: ITM_Top_v2__GCB0, 
muxpart__22: ITM_Top_v2__GCB0, 
case__109: ITM_Top_v2__GCB0, 
datapath__16: Const_Storage__GCB1, Const_Storage__GCB2, Const_Storage__GCB8, Const_Storage__GCB10, Const_Storage__GCB3, Const_Storage__GCB6, Const_Storage__GCB7, Const_Storage__GCB9, Const_Storage__GCB0, Const_Storage__GCB4, 
datapath__186: ITM_Top_v2__GCB0, 
logic__181: ITM_Top_v2__GCB0, 
reg__18: ITM_Top_v2__GCB0, 
case__60: ITM_Top_v2__GCB0, 
muxpart__38: ITM_Top_v2__GCB0, 
logic__278: ITM_Top_v2__GCB0, 
logic: ITM_Top_v2__GCB0, 
datapath__11: Const_Storage__GCB1, Const_Storage__GCB2, Const_Storage__GCB8, Const_Storage__GCB10, Const_Storage__GCB3, Const_Storage__GCB6, Const_Storage__GCB7, Const_Storage__GCB9, Const_Storage__GCB0, Const_Storage__GCB4, 
datapath__162: ITM_Top_v2__GCB0, 
logic__313: ITM_Top_v2__GCB0, 
reg__43: ITM_Top_v2__GCB0, 
reg__52: ITM_Top_v2__GCB0, 
case__96: ITM_Top_v2__GCB0, 
muxpart__91: ITM_Top_v2__GCB0, 
datapath__24: ITM_Top_v2__GCB0, 
reg__78: ITM_Top_v2__GCB1, 
muxpart: Const_Storage__GCB1, Const_Storage__GCB2, Const_Storage__GCB8, Const_Storage__GCB10, Const_Storage__GCB3, Const_Storage__GCB6, Const_Storage__GCB7, Const_Storage__GCB9, Const_Storage__GCB0, Const_Storage__GCB4, 
dsp48e2__32: ITM_Top_v2__GCB0, 
muxpart__62: ITM_Top_v2__GCB0, 
case__15: ITM_Top_v2__GCB2, 
muxpart__48: ITM_Top_v2__GCB1, 
muxpart__27: ITM_Top_v2__GCB0, 
datapath__115: ITM_Top_v2__GCB0, 
case__53: ITM_Top_v2__GCB0, 
datapath__88: ITM_Top_v2__GCB0, 
reg__88: ITM_Top_v2__GCB1, 
BRAM_256b__parameterized0: ITM_Top_v2__GCB0, 
datapath__42: ITM_Top_v2__GCB1, 
muxpart__80: ITM_Top_v2__GCB1, 
logic__579: ITM_Top_v2__GCB1, 
datapath__129: ITM_Top_v2__GCB1, 
datapath__22: ITM_Top_v2__GCB0, 
dsp48e2__33: ITM_Top_v2__GCB0, 
datapath__26: ITM_Top_v2__GCB0, 
reg__54: ITM_Top_v2__GCB0, 
muxpart__13: ITM_Top_v2__GCB0, 
datapath__99: ITM_Top_v2__GCB1, 
datapath__28: ITM_Top_v2__GCB0, 
case__81: ITM_Top_v2__GCB0, 
logic__39: Const_Storage__GCB1, Const_Storage__GCB2, Const_Storage__GCB8, Const_Storage__GCB10, Const_Storage__GCB3, Const_Storage__GCB6, Const_Storage__GCB7, Const_Storage__GCB9, Const_Storage__GCB0, Const_Storage__GCB4, 
datapath__64: ITM_Top_v2__GCB0, 
logic__581: ITM_Top_v2__GCB1, 
extram: ITM_Top_v2__GCB0, 
datapath__77: ITM_Top_v2__GCB0, 
datapath__2: ITM_Top_v2__GCB2, 
reg__21: ITM_Top_v2__GCB1, 
datapath__160: ITM_Top_v2__GCB0, 
datapath__40: ITM_Top_v2__GCB0, 
logic__72: ITM_Top_v2__GCB0, 
datapath__39: ITM_Top_v2__GCB0, 
muxpart__66: ITM_Top_v2__GCB0, 
datapath__183: ITM_Top_v2__GCB0, 
datapath__154: ITM_Top_v2__GCB0, 
reg__134: ITM_Top_v2__GCB0, 
reg__85: ITM_Top_v2__GCB0, 
logic__522: ITM_Top_v2__GCB1, 
muxpart__87: ITM_Top_v2__GCB0, 
datapath__25: ITM_Top_v2__GCB0, 
muxpart__6: ITM_Top_v2__GCB0, 
datapath__68: ITM_Top_v2__GCB0, 
muxpart__75: ITM_Top_v2__GCB0, 
muxpart__30: ITM_Top_v2__GCB1, 
reg__107: ITM_Top_v2__GCB1, 
reg__129: ITM_Top_v2__GCB0, 
reg__97: ITM_Top_v2__GCB1, 
datapath__136: ITM_Top_v2__GCB0, 
case__20: ITM_Top_v2__GCB2, 
datapath__62: ITM_Top_v2__GCB0, 
reg__32: ITM_Top_v2__GCB0, 
datapath__124: ITM_Top_v2__GCB0, 
reg__120: ITM_Top_v2__GCB1, 
reg__117: ITM_Top_v2__GCB1, 
reg__86: ITM_Top_v2__GCB1, 
case__24: ITM_Top_v2__GCB2, 
dsp48e2: ITM_Top_v2__GCB2, 
datapath__7: ITM_Top_v2__GCB1, 
muxpart__89: ITM_Top_v2__GCB0, 
reg__47: ITM_Top_v2__GCB1, 
datapath__21: ITM_Top_v2__GCB0, 
logic__295: ITM_Top_v2__GCB0, 
case__29: ITM_Top_v2__GCB2, 
ITM_Top_v2__GCB0: ITM_Top_v2__GCB0, 
case__57: ITM_Top_v2__GCB0, 
dsp48e2__5: ITM_Top_v2__GCB0, 
datapath__81: ITM_Top_v2__GCB0, 
logic__284: ITM_Top_v2__GCB0, 
case__83: ITM_Top_v2__GCB0, 
datapath__45: ITM_Top_v2__GCB0, 
logic__106: ITM_Top_v2__GCB0, 
datapath__189: ITM_Top_v2__GCB0, 
muxpart__37: ITM_Top_v2__GCB0, 
muxpart__11: ITM_Top_v2__GCB0, 
datapath__66: ITM_Top_v2__GCB0, 
datapath__70: ITM_Top_v2__GCB0, 
reg__12: ITM_Top_v2__GCB0, 
case__117: ITM_Top_v2__GCB0, 
logic__445: ITM_Top_v2__GCB0, 
reg__131: ITM_Top_v2__GCB0, 
case__9: ITM_Top_v2__GCB0, 
logic__18: ITM_Top_v2__GCB0, 
datapath__61: ITM_Top_v2__GCB0, 
case__78: ITM_Top_v2__GCB0, 
reg__62: ITM_Top_v2__GCB0, 
reg__35: ITM_Top_v2__GCB0, 
dsp48e2__25: ITM_Top_v2__GCB0, 
muxpart__92: ITM_Top_v2__GCB0, 
reg__37: ITM_Top_v2__GCB0, 
datapath__18: Const_Storage__GCB10, Const_Storage__GCB9, Const_Storage__GCB8, Const_Storage__GCB7, Const_Storage__GCB6, Const_Storage__GCB4, Const_Storage__GCB3, Const_Storage__GCB2, Const_Storage__GCB0, 
datapath__187: ITM_Top_v2__GCB0, 
reg__44: ITM_Top_v2__GCB0, 
datapath__74: ITM_Top_v2__GCB0, 
case__6: ITM_Top_v2__GCB0, 
datapath__149: ITM_Top_v2__GCB0, 
datapath__156: ITM_Top_v2__GCB0, 
datapath__38: ITM_Top_v2__GCB0, 
datapath__150: ITM_Top_v2__GCB0, 
muxpart__26: ITM_Top_v2__GCB0, 
dsp48e2__18: ITM_Top_v2__GCB0, 
reg__141: ITM_Top_v2__GCB0, 
muxpart__65: ITM_Top_v2__GCB0, 
dsp48e2__12: ITM_Top_v2__GCB0, 
case__108: ITM_Top_v2__GCB0, 
datapath__58: ITM_Top_v2__GCB1, 
muxpart__28: ITM_Top_v2__GCB0, 
case__21: ITM_Top_v2__GCB2, 
case__97: ITM_Top_v2__GCB1, 
datapath__141: ITM_Top_v2__GCB0, 
reg__76: ITM_Top_v2__GCB0, 
datapath__161: ITM_Top_v2__GCB0, 
datapath__101: ITM_Top_v2__GCB0, 
case__61: ITM_Top_v2__GCB0, 
muxpart__19: ITM_Top_v2__GCB0, 
reg__82: ITM_Top_v2__GCB1, 
dsp48e2__36: ITM_Top_v2__GCB0, 
muxpart__73: ITM_Top_v2__GCB1, 
Softplus_LUT: Const_Storage__GCB1, Const_Storage__GCB2, Const_Storage__GCB8, Const_Storage__GCB10, Const_Storage__GCB3, Const_Storage__GCB6, Const_Storage__GCB7, Const_Storage__GCB9, Const_Storage__GCB0, Const_Storage__GCB4, 
dsp48e2__21: ITM_Top_v2__GCB0, 
case__85: ITM_Top_v2__GCB1, 
logic__97: ITM_Top_v2__GCB0, 
case__115: ITM_Top_v2__GCB0, 
reg__2: ITM_Top_v2__GCB1, 
reg__112: ITM_Top_v2__GCB1, 
muxpart__52: ITM_Top_v2__GCB0, 
case__4: ITM_Top_v2__GCB0, 
reg__83: ITM_Top_v2__GCB1, 
reg__8: ITM_Top_v2__GCB0, 
datapath__140: ITM_Top_v2__GCB0, 
logic__567: ITM_Top_v2__GCB0, 
case__111: ITM_Top_v2__GCB0, 
Const_Storage__GCB6: Const_Storage__GCB6, 
logic__100: ITM_Top_v2__GCB0, 
datapath__143: ITM_Top_v2__GCB0, 
datapath__171: ITM_Top_v2__GCB0, 
datapath__9: ITM_Top_v2__GCB1, 
datapath__176: ITM_Top_v2__GCB1, 
logic__64: ITM_Top_v2__GCB0, 
muxpart__70: ITM_Top_v2__GCB0, 
reg__10: ITM_Top_v2__GCB0, 
datapath__126: ITM_Top_v2__GCB1, 
logic__575: ITM_Top_v2__GCB1, 
Memory_System: ITM_Top_v2__GCB0, 
datapath__4: ITM_Top_v2__GCB2, 
logic__61: ITM_Top_v2__GCB0, 
muxpart__3_RSqrt_ROM: muxpart__3_RSqrt_ROM, 
muxpart__49: ITM_Top_v2__GCB0, 
muxpart__8: ITM_Top_v2__GCB0, 
case__101: ITM_Top_v2__GCB0, 
case__62: ITM_Top_v2__GCB0, 
datapath__106: ITM_Top_v2__GCB0, 
dsp48e2__31: ITM_Top_v2__GCB0, 
case__47: ITM_Top_v2__GCB0, 
logic__5: ITM_Top_v2__GCB0, 
case__56: ITM_Top_v2__GCB0, 
dsp48e2__29: ITM_Top_v2__GCB0, 
logic__609: ITM_Top_v2__GCB0, 
datapath__36: ITM_Top_v2__GCB0, 
muxpart__9: ITM_Top_v2__GCB0, 
datapath__41: ITM_Top_v2__GCB1, 
logic__110: ITM_Top_v2__GCB0, 
logic__13: ITM_Top_v2__GCB0, 
reg__1: ITM_Top_v2__GCB2, 
Const_Storage__GCB9: Const_Storage__GCB9, 
datapath__190: ITM_Top_v2__GCB0, 
logic__512: ITM_Top_v2__GCB0, 
logic__45: Const_Storage__GCB10, Const_Storage__GCB9, Const_Storage__GCB8, Const_Storage__GCB7, Const_Storage__GCB6, Const_Storage__GCB4, Const_Storage__GCB3, Const_Storage__GCB2, Const_Storage__GCB0, 
datapath__75: ITM_Top_v2__GCB0, 
dsp48e2__10: ITM_Top_v2__GCB0, 
case__95: ITM_Top_v2__GCB0, 
reg__22: ITM_Top_v2__GCB0, 
reg__49: ITM_Top_v2__GCB1, 
muxpart__4: ITM_Top_v2__GCB0, 
case__50: ITM_Top_v2__GCB0, 
datapath__178: ITM_Top_v2__GCB1, 
muxpart__82: ITM_Top_v2__GCB0, 
logic__233: ITM_Top_v2__GCB0, 
case__25: ITM_Top_v2__GCB2, 
reg__125: ITM_Top_v2__GCB1, 
datapath__76: ITM_Top_v2__GCB0, 
datapath__168: ITM_Top_v2__GCB0, 
datapath__31: ITM_Top_v2__GCB0, 
reg__68: ITM_Top_v2__GCB0, 
Const_Storage__GCB5: Const_Storage__GCB5, 
reg__144: ITM_Top_v2__GCB0, 
reg__36: ITM_Top_v2__GCB0, 
datapath__120: ITM_Top_v2__GCB0, 
reg__77: ITM_Top_v2__GCB0, 
datapath__94: ITM_Top_v2__GCB1, 
ITM_Top_v2__GCB1: ITM_Top_v2__GCB1, 
case__89: ITM_Top_v2__GCB0, 
reg__40: ITM_Top_v2__GCB0, 
case__98: ITM_Top_v2__GCB1, 
case__30: ITM_Top_v2__GCB2, 
datapath__56: ITM_Top_v2__GCB1, 
case__2: ITM_Top_v2__GCB0, 
logic__82: ITM_Top_v2__GCB0, 
dsp48e2__38: ITM_Top_v2__GCB0, 
datapath__51: ITM_Top_v2__GCB1, 
datapath__100: ITM_Top_v2__GCB1, 
logic__349: ITM_Top_v2__GCB0, 
reg__93: ITM_Top_v2__GCB1, 
logic__60: ITM_Top_v2__GCB0, 
muxpart__79: ITM_Top_v2__GCB1, 
datapath__30: ITM_Top_v2__GCB0, 
case__104: ITM_Top_v2__GCB0, 
dsp48e2__26: ITM_Top_v2__GCB0, 
case__99: ITM_Top_v2__GCB1, 
reg__70: ITM_Top_v2__GCB0, 
muxpart__58: ITM_Top_v2__GCB0, 
datapath__139: ITM_Top_v2__GCB0, 
datapath__127: ITM_Top_v2__GCB1, 
datapath__53: ITM_Top_v2__GCB1, 
datapath__144: ITM_Top_v2__GCB1, 
dsp48e2__15: ITM_Top_v2__GCB0, 
dsp48e2__28: ITM_Top_v2__GCB0, 
logic__249: ITM_Top_v2__GCB1, 
reg__48: ITM_Top_v2__GCB1, 
logic__455: ITM_Top_v2__GCB0, 
reg__119: ITM_Top_v2__GCB1, 
reg__38: ITM_Top_v2__GCB0, 
logic__1: ITM_Top_v2__GCB0, 
datapath__10: ITM_Top_v2__GCB1, 
datapath__33: ITM_Top_v2__GCB0, 
case__59: ITM_Top_v2__GCB0, 
datapath__44: ITM_Top_v2__GCB0, 
reg__73: ITM_Top_v2__GCB0, 
datapath__137: ITM_Top_v2__GCB0, 
dsp48e2__35: ITM_Top_v2__GCB0, 
case__49: ITM_Top_v2__GCB0, 
dsp48e2__34: ITM_Top_v2__GCB0, 
datapath__195: ITM_Top_v2__GCB0, 
reg__128: ITM_Top_v2__GCB0, 
dsp48e2__37: ITM_Top_v2__GCB0, 
BRAM_256b__parameterized1: Const_Storage__GCB5, 
datapath__37: ITM_Top_v2__GCB0, 
logic__49: Const_Storage__GCB5, 
datapath__98: ITM_Top_v2__GCB1, 
logic__287: ITM_Top_v2__GCB0, 
logic__33: Const_Storage__GCB1, Const_Storage__GCB2, Const_Storage__GCB8, Const_Storage__GCB10, Const_Storage__GCB3, Const_Storage__GCB6, Const_Storage__GCB7, Const_Storage__GCB9, Const_Storage__GCB0, Const_Storage__GCB4, 
reg__17: ITM_Top_v2__GCB0, 
datapath__192: ITM_Top_v2__GCB1, 
logic__238: ITM_Top_v2__GCB0, 
logic__584: ITM_Top_v2__GCB0, 
reg__9: ITM_Top_v2__GCB0, 
logic__130: ITM_Top_v2__GCB0, 
datapath__191: ITM_Top_v2__GCB0, 
reg__140: ITM_Top_v2__GCB0, 
muxpart__47: ITM_Top_v2__GCB0, 
logic__116: ITM_Top_v2__GCB0, 
muxpart__7: ITM_Top_v2__GCB0, 
logic__577: ITM_Top_v2__GCB1, 
logic__124: ITM_Top_v2__GCB0, 
logic__109: ITM_Top_v2__GCB0, 
logic__589: ITM_Top_v2__GCB0, 
datapath__80: ITM_Top_v2__GCB0, 
muxpart__68: ITM_Top_v2__GCB0, 
case__80: ITM_Top_v2__GCB0, 
case__44: ITM_Top_v2__GCB0, 
case__51: ITM_Top_v2__GCB0, 
reg__136: ITM_Top_v2__GCB0, 
reg: ITM_Top_v2__GCB2, 
dsp48e2__9: ITM_Top_v2__GCB0, 
datapath__8: ITM_Top_v2__GCB1, 
datapath__55: ITM_Top_v2__GCB1, 
reg__100: ITM_Top_v2__GCB1, 
reg__79: ITM_Top_v2__GCB1, 
datapath__12: Const_Storage__GCB1, Const_Storage__GCB2, Const_Storage__GCB8, Const_Storage__GCB10, Const_Storage__GCB3, Const_Storage__GCB6, Const_Storage__GCB7, Const_Storage__GCB9, Const_Storage__GCB0, Const_Storage__GCB4, 
datapath__111: ITM_Top_v2__GCB0, 
dsp48e2__20: ITM_Top_v2__GCB0, 
datapath__47: ITM_Top_v2__GCB0, 
reg__13: ITM_Top_v2__GCB1, 
case__66: ITM_Top_v2__GCB0, 
logic__604: ITM_Top_v2__GCB0, 
case__84: ITM_Top_v2__GCB1, 
case__79: ITM_Top_v2__GCB0, 
datapath__78: ITM_Top_v2__GCB0, 
extram__2: Const_Storage__GCB5, 
dsp48e2__27: ITM_Top_v2__GCB0, 
reg__108: ITM_Top_v2__GCB1, 
reg__14: ITM_Top_v2__GCB0, 
