case__213: case__10
datapath__274: datapath__12
Softplus_LUT__6: Softplus_LUT
reg__106: reg__106
reg__111: reg__111
logic__442: logic__442
case__101: case__101
case__178: case__34
datapath__367: datapath__3
datapath__275: datapath__11
muxpart__70: muxpart__70
muxpart__64: muxpart__64
case__156: case__36
case__120: case__34
reg__43: reg__43
muxpart__93: muxpart__93
datapath__21: datapath__21
reg__157: reg__1
datapath__152: datapath__152
Exp_LUT__4: Exp_LUT
datapath__264: datapath__16
reg__164: reg
muxpart__6: muxpart__6
case__220: case__15
datapath__105: datapath__105
datapath__176: datapath__176
logic__388: logic__388
case__61: case__61
muxpart__88: muxpart__88
case__90: case__90
reg__115: reg__115
case__223: case__12
reg__94: reg__94
muxpart__138: muxpart
case__158: case__38
case__264: case__13
muxpart__65: muxpart__65
datapath__410: datapath__2
reg__95: reg__95
datapath__298: datapath__15
reg__120: reg__120
case__123: case__37
logic__630: logic__45
datapath__178: datapath__178
muxpart__107: muxpart__1
reg__64: reg__64
dsp48e2: dsp48e2
case__286: case__15
logic__64: logic__64
case__130: case__36
datapath__409: datapath__3
case__13: case__13
datapath__126: datapath__126
Exp_LUT__5: Exp_LUT
datapath__342: datapath
datapath__2: datapath__2
datapath__144: datapath__144
datapath__234: datapath__13
reg__47: reg__47
Unified_PE__11: Unified_PE
datapath__41: datapath__41
datapath__272: datapath__11
logic__87: logic__87
datapath__331: datapath__15
case__215: case__14
case__70: case__70
logic__233: logic__233
case__137: case__37
reg__16: reg__16
datapath__200: datapath__200
dsp48e2__39: dsp48e2__39
reg__98: reg__98
Softplus_LUT__4: Softplus_LUT
datapath__216: datapath__19
datapath__154: datapath__154
Silu_LUT__11: Silu_LUT
case__146: case__34
datapath__60: datapath__60
case__72: case__72
datapath__413: datapath__6
datapath__137: datapath__137
datapath__11: datapath__11
datapath__321: datapath__16
reg__87: reg__87
datapath__369: datapath__1
datapath__92: datapath__92
datapath__398: datapath
Exp_LUT__14: Exp_LUT
dsp48e2__61: dsp48e2__1
datapath__198: datapath__198
logic__462: logic__462
case__92: case__92
datapath__120: datapath__120
datapath__419: datapath
reg__36: reg__36
logic__619: logic__45
reg__78: reg__78
muxpart__95: muxpart
muxpart__103: muxpart__2
case__64: case__64
case__91: case__91
case__149: case__37
reg__44: reg__44
case__177: case__37
logic__625: logic__45
datapath__240: datapath__16
reg__74: reg__74
muxpart__53: muxpart__53
reg__9: reg__9
datapath__195: datapath__195
reg__22: reg__22
case__74: case__74
datapath__192: datapath__192
case__35: case__35
reg__38: reg__38
reg__170: reg
logic__82: logic__82
muxpart__82: muxpart__82
logic__90: logic__90
datapath__244: datapath__12
reg__102: reg__102
case__272: case__11
reg__63: reg__63
case__28: case__28
datapath__228: datapath__19
case__15: case__15
dsp48e2__9: dsp48e2__9
muxpart__106: muxpart__2
datapath__363: datapath
logic__640: logic__33
datapath__220: datapath__15
case__153: case__35
reg__148: reg
reg__19: reg__19
case__262: case__15
case__167: case__33
reg__124: reg__124
datapath__388: datapath__3
reg__142: reg__142
datapath__86: datapath__86
case__270: case__13
reg__147: reg__1
logic__60: logic__60
datapath__118: datapath__118
datapath__428: datapath__5
case__206: case__34
datapath__202: datapath__12
datapath__82: datapath__82
logic__612: logic__45
logic__631: logic__39
dsp48e2__51: dsp48e2__1
muxpart__94: muxpart
dsp48e2__40: dsp48e2__40
case__8: case__8
logic__632: logic__45
datapath__252: datapath__16
muxpart__68: muxpart__68
datapath__376: datapath__1
case__93: case__93
case__237: case__10
datapath__295: datapath__12
case__43: case__43
dsp48e2__69: dsp48e2__1
dsp48e2__59: dsp48e2__1
datapath__364: datapath__6
datapath__64: datapath__64
dsp48e2__43: dsp48e2__1
case__111: case__111
datapath__87: datapath__87
datapath__68: datapath__68
case__289: case__12
case__121: case__33
datapath__184: datapath__184
logic__243: logic__243
reg__158: reg
case__232: case__15
datapath__77: datapath__77
datapath__47: datapath__47
reg__136: reg__136
muxpart__13: muxpart__13
datapath__300: datapath__16
case__69: case__69
datapath__146: datapath__146
logic__594: logic__594
datapath__344: datapath__5
datapath__290: datapath__17
muxpart__26: muxpart__26
logic__97: logic__97
case__216: case__13
Silu_LUT__1: Silu_LUT
logic__636: logic__45
muxpart__105: muxpart
logic__249: logic__249
reg__83: reg__83
muxpart__118: muxpart
datapath__172: datapath__172
case__226: case__15
datapath__9: datapath__9
datapath__267: datapath__19
ITM_Top_v2__GCB0: ITM_Top_v2__GCB0
reg__117: reg__117
case__260: case__11
datapath__89: datapath__89
dsp48e2__30: dsp48e2__30
reg__1: reg__1
reg__48: reg__48
case__229: case__12
datapath__70: datapath__70
case__198: case__36
datapath__357: datapath__6
dsp48e2__45: dsp48e2__1
case__200: case__34
reg__76: reg__76
logic__637: logic__33
datapath__201: datapath__13
datapath__14: datapath__14
logic__100: logic__100
logic__629: logic__39
datapath__354: datapath__2
dsp48e2__57: dsp48e2__1
logic__457: logic__457
case__58: case__58
reg__40: reg__40
datapath__276: datapath__16
datapath__291: datapath__13
case__161: case__35
reg__143: reg__143
case__180: case__34
datapath__84: datapath__84
reg__91: reg__91
reg__33: reg__33
Unified_PE__12: Unified_PE
datapath__111: datapath__111
muxpart__102: muxpart__1
datapath__266: datapath__14
logic__512: logic__512
muxpart__116: muxpart__2
case__67: case__67
logic__478: logic__478
datapath__174: datapath__174
reg__7: reg__7
muxpart__112: muxpart
Unified_PE__3: Unified_PE
logic__650: logic__39
datapath__134: datapath__134
case__258: case__13
Silu_LUT__10: Silu_LUT
case__222: case__13
datapath__81: datapath__81
case__75: case__75
logic__351: logic__351
datapath__212: datapath__14
case__276: case__13
reg__26: reg__26
datapath__245: datapath__11
logic__654: logic__33
datapath__431: datapath__2
datapath__168: datapath__168
case__106: case__106
logic__617: logic__33
dsp48e2__6: dsp48e2__6
datapath__113: datapath__113
datapath__103: datapath__103
logic__238: logic__238
datapath__414: datapath__5
Const_Storage__GCB2: Const_Storage__GCB2
datapath__108: datapath__108
reg__10: reg__10
datapath__358: datapath__5
reg__34: reg__34
datapath__366: datapath__4
datapath__314: datapath__17
muxpart__113: muxpart__1
datapath__347: datapath__2
case__115: case__115
case__191: case__35
case__171: case__37
datapath__333: datapath__13
muxpart__79: muxpart__79
dsp48e2__33: dsp48e2__33
case__36: case__36
case__21: case__21
case__141: case__33
datapath__403: datapath__2
logic__279: logic__279
case__82: case__82
logic__607: logic__607
datapath__317: datapath__17
datapath__162: datapath__162
datapath__153: datapath__153
muxpart__56: muxpart__56
logic__639: logic__45
reg__169: reg__1
reg__167: reg__1
datapath__340: datapath__2
reg__90: reg__90
datapath__95: datapath__95
datapath__329: datapath__17
datapath__36: datapath__36
reg__160: reg
reg__50: reg__50
Softplus_LUT__14: Softplus_LUT
dsp48e2__7: dsp48e2__7
muxpart__98: muxpart
datapath__427: datapath__6
dsp48e2__48: dsp48e2
reg__52: reg__52
dsp48e2__17: dsp48e2__17
Exp_LUT__3: Exp_LUT
datapath__391: datapath
datapath__185: datapath__185
muxpart__29: muxpart__29
muxpart__36: muxpart__36
Softplus_LUT__5: Softplus_LUT
case__241: case__12
datapath__401: datapath__4
case__3: case__3
reg__31: reg__31
datapath__204: datapath__13
datapath__338: datapath__4
muxpart__124: muxpart
datapath__400: datapath__5
reg__45: reg__45
reg__112: reg__112
datapath__393: datapath__5
datapath__335: datapath__11
datapath__303: datapath__19
case__139: case__35
datapath__239: datapath__17
datapath__215: datapath__11
reg__139: reg__139
datapath__180: datapath__180
reg__59: reg__59
datapath__310: datapath__15
case__89: case__89
muxpart__133: muxpart__2
dsp48e2__62: dsp48e2
muxpart__52: muxpart__52
case__53: case__53
case__163: case__37
case__119: case__33
case__78: case__78
reg__57: reg__57
dsp48e2__63: dsp48e2__1
logic__638: logic__39
logic__77: logic__77
datapath__271: datapath__12
case__202: case__38
dsp48e2__20: dsp48e2__20
logic__653: logic__39
reg__56: reg__56
case__296: case__11
dsp48e2__36: dsp48e2__36
Const_Storage__GCB3: Const_Storage__GCB3
datapath__424: datapath__2
case__126: case__34
case__41: case__41
reg__29: reg__29
Softplus_LUT__15: Softplus_LUT
muxpart__2: muxpart__2
case__114: case__114
datapath__8: datapath__8
muxpart__89: muxpart__89
datapath__233: datapath__14
reg__125: reg__125
case__142: case__38
datapath__149: datapath__149
muxpart__97: muxpart__1
Memory_System: Memory_System
datapath__150: datapath__150
case__261: case__10
reg__145: reg__1
logic__626: logic__45
case__211: case__12
reg__79: reg__79
reg__97: reg__97
case__99: case__99
datapath__138: datapath__138
logic__5: logic__5
muxpart__43: muxpart__43
muxpart__81: muxpart__81
logic__39: logic__39
reg__162: reg
muxpart__123: muxpart__2
Const_Storage__GCB1: Const_Storage__GCB1
datapath__315: datapath__19
case__212: case__11
logic__644: logic__45
case__1: case__1
datapath__246: datapath__19
reg__58: reg__58
case__188: case__34
case__197: case__37
datapath__396: datapath__2
datapath__114: datapath__114
reg__118: reg__118
case__231: case__10
datapath__51: datapath__51
reg__86: reg__86
datapath__423: datapath__3
logic__643: logic__39
datapath__53: datapath__53
datapath__284: datapath__11
datapath__384: datapath
Unified_PE__1: Unified_PE
logic__609: logic__609
dsp48e2__49: dsp48e2__1
case__277: case__12
datapath__132: datapath__132
datapath__161: datapath__161
logic__124: logic__124
datapath__337: datapath__5
logic__148: logic__148
datapath__6: datapath__6
datapath__417: datapath__2
case__11: case__11
datapath__106: datapath__106
dsp48e2__16: dsp48e2__16
case__32: case__32
case__154: case__34
reg__108: reg__108
muxpart__121: muxpart
datapath__416: datapath__3
muxpart__122: muxpart__1
case__95: case__95
case__233: case__14
muxpart__58: muxpart__58
datapath__278: datapath__14
datapath__436: datapath__4
logic__1: logic__1
logic__579: logic__579
datapath__96: datapath__96
dsp48e2__19: dsp48e2__19
datapath__116: datapath__116
logic__110: logic__110
datapath__182: datapath__182
case__118: case__34
logic__498: logic__498
datapath__80: datapath__80
case__185: case__35
muxpart__117: muxpart
case__62: case__62
datapath__145: datapath__145
dsp48e2__53: dsp48e2__1
datapath__55: datapath__55
datapath__163: datapath__163
muxpart__119: muxpart__1
Silu_LUT__14: Silu_LUT
datapath__279: datapath__19
datapath__336: datapath__6
muxpart__39: muxpart__39
datapath__31: datapath__31
case__196: case__38
datapath__307: datapath__12
Const_Storage__GCB4: Const_Storage__GCB4
datapath__99: datapath__99
Const_Storage__GCB8: Const_Storage__GCB8
reg__172: reg
Unified_PE__7: Unified_PE
logic__292: logic__292
datapath__293: datapath__11
datapath__131: datapath__131
logic__542: logic__542
case__150: case__38
case__122: case__38
datapath__5: datapath__5
datapath__12: datapath__12
case__105: case__105
logic__577: logic__577
datapath__434: datapath__6
datapath__270: datapath__13
case__173: case__33
reg__128: reg__128
reg__101: reg__101
reg__126: reg__126
case__259: case__12
datapath__313: datapath__18
dsp48e2__42: dsp48e2
datapath__327: datapath__19
Softplus_LUT__7: Softplus_LUT
datapath__287: datapath__14
case__40: case__40
reg__42: reg__42
Const_Storage__GCB6: Const_Storage__GCB6
logic__143: logic__143
dsp48e2__55: dsp48e2__1
datapath__420: datapath__6
datapath__30: datapath__30
datapath__305: datapath__17
datapath__177: datapath__177
datapath__218: datapath__17
reg__30: reg__30
datapath__79: datapath__79
datapath__33: datapath__33
case__9: case__9
case__49: case__49
datapath__430: datapath__3
datapath__322: datapath__15
datapath__236: datapath__11
datapath__35: datapath__35
datapath__206: datapath__11
logic__10: logic__10
muxpart__16: muxpart__16
reg__81: reg__81
reg__166: reg
datapath__119: datapath__119
Silu_LUT__13: Silu_LUT
case__12: case__12
case__112: case__112
Exp_LUT__7: Exp_LUT
datapath__67: datapath__67
dsp48e2__23: dsp48e2__23
Exp_LUT: Exp_LUT
logic__116: logic__116
dsp48e2__46: dsp48e2
datapath__101: datapath__101
dsp48e2__38: dsp48e2__38
datapath__324: datapath__13
logic__181: logic__181
datapath__94: datapath__94
reg__93: reg__93
muxpart__40: muxpart__40
datapath__373: datapath__4
reg__133: reg__133
datapath__277: datapath__15
muxpart__62: muxpart__62
datapath__227: datapath__14
case__267: case__10
muxpart__76: muxpart__76
datapath__213: datapath__13
datapath__59: datapath__59
Softplus_LUT: Softplus_LUT
datapath__222: datapath__13
muxpart__109: muxpart__2
muxpart__91: muxpart__91
datapath__158: datapath__158
datapath__1: datapath__1
case__79: case__79
datapath__24: datapath__24
datapath__377: datapath
reg__46: reg__46
case__87: case__87
case__283: case__12
case__174: case__36
datapath__378: datapath__6
case__19: case__19
case__125: case__35
datapath__20: datapath__20
extram__1: extram__1
datapath__136: datapath__136
case__116: case__116
datapath__226: datapath__15
logic__642: logic__39
reg__72: reg__72
case__129: case__37
case__268: case__15
logic__455: logic__455
datapath__221: datapath__14
muxpart__34: muxpart__34
case__134: case__36
ITM_Top_v2__GCB2: ITM_Top_v2__GCB2
reg__6: reg__6
datapath__17: datapath__17
reg__103: reg__103
reg__3: reg__3
datapath__319: datapath__18
reg__12: reg__12
case__280: case__15
reg__123: reg__123
datapath__189: datapath__189
datapath__169: datapath__169
logic__450: logic__450
case__190: case__36
reg__134: reg__134
datapath__210: datapath__16
case__255: case__10
datapath__170: datapath__170
case__175: case__35
muxpart__77: muxpart__77
logic__613: logic__39
datapath__147: datapath__147
case__214: case__15
case__45: case__45
datapath__415: datapath__4
case__160: case__36
reg__15: reg__15
datapath__148: datapath__148
Softplus_LUT__9: Softplus_LUT
case__238: case__15
logic__101: logic__101
case__279: case__10
Softplus_LUT__3: Softplus_LUT
reg__104: reg__104
case__31: case__31
case__113: case__113
case__193: case__37
datapath__141: datapath__141
datapath__22: datapath__22
logic__581: logic__581
reg__4: reg__4
logic__633: logic__33
dsp48e2__22: dsp48e2__22
datapath__167: datapath__167
Unified_PE__8: Unified_PE
reg__71: reg__71
logic__604: logic__604
logic__445: logic__445
datapath__38: datapath__38
case__81: case__81
case__179: case__33
case__55: case__55
muxpart__115: muxpart__1
datapath__207: datapath__19
case__33: case__33
case__170: case__38
reg__116: reg__116
reg__127: reg__127
reg__32: reg__32
dsp48e2__65: dsp48e2__1
muxpart__125: muxpart
datapath__299: datapath__14
case__256: case__15
reg__21: reg__21
case__239: case__14
case__77: case__77
extram__3: extram
reg__130: reg__130
datapath__140: datapath__140
muxpart__80: muxpart__80
datapath__27: datapath__27
logic__651: logic__33
case__263: case__14
datapath__143: datapath__143
muxpart__31: muxpart__31
logic__652: logic__45
case__242: case__11
datapath__260: datapath__14
datapath__109: datapath__109
datapath__13: datapath__13
datapath__231: datapath__16
reg__35: reg__35
muxpart__22: muxpart__22
Softplus_LUT__10: Softplus_LUT
Softplus_LUT__2: Softplus_LUT
muxpart__74: muxpart__74
case__48: case__48
case__246: case__13
logic__257: logic__257
muxpart__92: muxpart__92
case__4: case__4
muxpart__128: muxpart__2
muxpart__130: muxpart__1
case__203: case__37
Unified_PE__5: Unified_PE
dsp48e2__10: dsp48e2__10
case__287: case__14
dsp48e2__12: dsp48e2__12
datapath__261: datapath__19
muxpart__127: muxpart__1
datapath__232: datapath__15
datapath__115: datapath__115
datapath__155: datapath__155
datapath__32: datapath__32
Const_Storage__GCB10: Const_Storage__GCB10
muxpart__100: muxpart__1
Exp_LUT__13: Exp_LUT
case__16: case__16
dsp48e2__28: dsp48e2__28
datapath__190: datapath__190
datapath__325: datapath__12
logic__469: logic__469
muxpart__60: muxpart__60
datapath__328: datapath__18
datapath__25: datapath__25
dsp48e2__15: dsp48e2__15
reg__92: reg__92
Silu_LUT__8: Silu_LUT
datapath__352: datapath__4
datapath__29: datapath__29
case__127: case__33
case__76: case__76
muxpart__19: muxpart__19
case__132: case__34
muxpart__7: muxpart__7
datapath__69: datapath__69
dsp48e2__26: dsp48e2__26
datapath__248: datapath__17
datapath__318: datapath__19
reg__66: reg__66
datapath__139: datapath__139
reg__99: reg__99
datapath__283: datapath__12
case__192: case__38
datapath__294: datapath__13
datapath__349: datapath
datapath__102: datapath__102
logic__624: logic__33
muxpart__75: muxpart__75
datapath__44: datapath__44
datapath__330: datapath__16
case__136: case__38
case__253: case__12
Unified_PE: Unified_PE
case__184: case__36
datapath__83: datapath__83
logic__648: logic__45
muxpart__17: muxpart__17
muxpart__9: muxpart__9
datapath__362: datapath__1
datapath__421: datapath__5
logic__623: logic__39
datapath__91: datapath__91
muxpart__47: muxpart__47
case__2: case__2
datapath__156: datapath__156
Const_Storage__GCB9: Const_Storage__GCB9
datapath__34: datapath__34
muxpart__110: muxpart__2
datapath: datapath
datapath__104: datapath__104
datapath__406: datapath__6
case__73: case__73
datapath__235: datapath__12
reg__5: reg__5
datapath__312: datapath__19
case__18: case__18
muxpart__96: muxpart__2
logic__522: logic__522
logic__61: logic__61
logic: logic
datapath__97: datapath__97
muxpart__69: muxpart__69
case__204: case__36
datapath__302: datapath__14
Silu_LUT__15: Silu_LUT
case__209: case__14
case__140: case__34
datapath__40: datapath__40
case__187: case__37
datapath__408: datapath__4
muxpart__101: muxpart
case__288: case__13
case__59: case__59
logic__287: logic__287
case__86: case__86
Exp_LUT__2: Exp_LUT
datapath__157: datapath__157
Silu_LUT: Silu_LUT
reg__114: reg__114
dsp48e2__54: dsp48e2
reg__153: reg__1
logic__611: logic__33
case__102: case__102
case__68: case__68
datapath__359: datapath__4
muxpart__135: muxpart
datapath__191: datapath__191
muxpart__28: muxpart__28
datapath__399: datapath__6
logic__584: logic__584
case__221: case__14
datapath__258: datapath__16
muxpart__4: muxpart__4
muxpart__3_RSqrt_ROM: muxpart__3_RSqrt_ROM
datapath__57: datapath__57
extram: extram
datapath__339: datapath__3
dsp48e2__27: dsp48e2__27
Unified_PE__13: Unified_PE
case__133: case__33
logic__295: logic__295
case__22: case__22
logic__616: logic__39
muxpart__51: muxpart__51
datapath__224: datapath__11
case__147: case__33
case__199: case__35
case__266: case__11
datapath__269: datapath__17
datapath__251: datapath__17
datapath__205: datapath__12
reg__96: reg__96
reg__13: reg__13
reg__131: reg__131
Softplus_LUT__13: Softplus_LUT
logic__641: logic__33
datapath__85: datapath__85
datapath__397: datapath__1
datapath__63: datapath__63
logic__488: logic__488
datapath__370: datapath
datapath__15: datapath__15
case__257: case__14
datapath__107: datapath__107
case__157: case__35
case: case
logic__618: logic__39
case__71: case__71
datapath__214: datapath__12
reg__113: reg__113
datapath__209: datapath__17
case__151: case__37
datapath__188: datapath__188
case__17: case__17
reg__163: reg__1
datapath__351: datapath__5
extram__2: extram__2
case__5: case__5
case__252: case__13
case__172: case__34
datapath__348: datapath__1
reg__174: reg
case__250: case__15
datapath__392: datapath__6
muxpart__73: muxpart__73
datapath__28: datapath__28
muxpart__132: muxpart__2
datapath__7: datapath__7
muxpart__14: muxpart__14
reg__49: reg__49
case__44: case__44
case__183: case__35
datapath__217: datapath__18
case__38: case__38
reg__61: reg__61
dsp48e2__21: dsp48e2__21
reg__107: reg__107
logic__386: logic__386
case__124: case__36
reg__69: reg__69
case__201: case__33
dsp48e2__47: dsp48e2__1
case__181: case__33
datapath__46: datapath__46
reg__82: reg__82
datapath__88: datapath__88
reg__89: reg__89
datapath__435: datapath__5
datapath__37: datapath__37
reg__140: reg__140
datapath__323: datapath__14
reg__65: reg__65
logic__634: logic__33
case__243: case__10
muxpart__49: muxpart__49
Silu_LUT__3: Silu_LUT
case__29: case__29
logic__49: logic__49
reg__8: reg__8
reg__53: reg__53
case__131: case__35
datapath__308: datapath__11
case__144: case__36
muxpart__11: muxpart__11
case__24: case__24
datapath__62: datapath__62
datapath__407: datapath__5
datapath__382: datapath__2
dsp48e2__8: dsp48e2__8
datapath__197: datapath__197
muxpart__131: muxpart__2
datapath__368: datapath__2
reg__67: reg__67
case__34: case__34
datapath__142: datapath__142
datapath__394: datapath__4
reg__119: reg__119
logic__509: logic__509
datapath__74: datapath__74
case__20: case__20
datapath__365: datapath__5
datapath__332: datapath__14
datapath__211: datapath__15
datapath__66: datapath__66
datapath__43: datapath__43
datapath__437: datapath__3
reg__151: reg__1
case__169: case__35
case__271: case__12
datapath__304: datapath__18
logic__615: logic__45
datapath__316: datapath__18
dsp48e2__4: dsp48e2__4
reg__150: reg
case__42: case__42
reg__100: reg__100
datapath__247: datapath__18
case__145: case__35
case__107: case__107
dsp48e2__11: dsp48e2__11
case__176: case__38
logic__349: logic__349
reg__159: reg__1
Exp_LUT__1: Exp_LUT
case__247: case__12
Unified_PE__4: Unified_PE
case__282: case__13
datapath__255: datapath__13
datapath__61: datapath__61
datapath__360: datapath__3
muxpart__1: muxpart__1
muxpart__41: muxpart__41
reg__11: reg__11
case__96: case__96
datapath__439: datapath__1
case__281: case__14
reg__28: reg__28
datapath__23: datapath__23
datapath__4: datapath__4
Softplus_LUT__12: Softplus_LUT
case__143: case__37
Exp_LUT__10: Exp_LUT
datapath__179: datapath__179
case__244: case__15
reg__171: reg__1
datapath__353: datapath__3
dsp48e2__66: dsp48e2
Exp_LUT__9: Exp_LUT
datapath__268: datapath__18
case__162: case__38
datapath__356: datapath
reg__129: reg__129
datapath__254: datapath__14
datapath__18: datapath__18
datapath__93: datapath__93
datapath__288: datapath__19
datapath__379: datapath__5
muxpart__86: muxpart__86
case__225: case__10
datapath__19: datapath__19
reg__25: reg__25
logic__567: logic__567
datapath__375: datapath__2
case__138: case__36
datapath__58: datapath__58
logic__575: logic__575
reg__14: reg__14
muxpart__129: muxpart
datapath__242: datapath__14
case__148: case__38
dsp48e2__13: dsp48e2__13
datapath__10: datapath__10
logic__106: logic__106
datapath__173: datapath__173
logic__649: logic__45
datapath__438: datapath__2
case__230: case__11
case__217: case__12
reg__55: reg__55
logic__300: logic__300
logic__628: logic__33
case__52: case__52
logic__647: logic__45
reg__77: reg__77
datapath__282: datapath__13
datapath__273: datapath__13
datapath__160: datapath__160
datapath__122: datapath__122
Exp_LUT__12: Exp_LUT
dsp48e2__60: dsp48e2
case__97: case__97
datapath__326: datapath__11
case__85: case__85
dsp48e2__14: dsp48e2__14
case__218: case__11
reg__137: reg__137
case__50: case__50
dsp48e2__58: dsp48e2
datapath__306: datapath__13
muxpart__67: muxpart__67
reg__24: reg__24
datapath__385: datapath__6
datapath__256: datapath__12
reg__168: reg
Exp_LUT__8: Exp_LUT
datapath__133: datapath__133
datapath__193: datapath__193
logic__589: logic__589
case__208: case__15
dsp48e2__70: dsp48e2
case__207: case__33
case__219: case__10
dsp48e2__64: dsp48e2
BRAM_256b__parameterized0: BRAM_256b__parameterized0
datapath__380: datapath__4
datapath__412: datapath
case__30: case__30
reg__27: reg__27
logic__52: logic__52
datapath__355: datapath__1
reg__18: reg__18
datapath__249: datapath__19
case__25: case__25
datapath__433: datapath
datapath__253: datapath__15
muxpart__50: muxpart__50
reg__88: reg__88
case__293: case__14
reg__85: reg__85
muxpart__23: muxpart__23
logic__45: logic__45
datapath__194: datapath__194
reg__39: reg__39
datapath__390: datapath__1
datapath__289: datapath__18
Silu_LUT__5: Silu_LUT
datapath__225: datapath__16
Unified_PE__9: Unified_PE
datapath__76: datapath__76
muxpart__99: muxpart__2
datapath__292: datapath__12
case__166: case__34
logic__645: logic__33
datapath__165: datapath__165
muxpart__87: muxpart__87
datapath__281: datapath__17
Const_Storage__GCB0: Const_Storage__GCB0
datapath__16: datapath__16
datapath__241: datapath__15
case__265: case__12
datapath__112: datapath__112
Softplus_LUT__8: Softplus_LUT
datapath__75: datapath__75
reg__84: reg__84
datapath__166: datapath__166
logic__18: logic__18
case__168: case__36
datapath__48: datapath__48
Silu_LUT__7: Silu_LUT
reg__135: reg__135
datapath__425: datapath__1
datapath__121: datapath__121
case__295: case__12
case__51: case__51
Silu_LUT__12: Silu_LUT
datapath__56: datapath__56
reg__20: reg__20
datapath__229: datapath__18
datapath__334: datapath__12
logic__130: logic__130
datapath__237: datapath__19
case__189: case__33
case__57: case__57
datapath__250: datapath__18
datapath__125: datapath__125
datapath__345: datapath__4
datapath__301: datapath__15
logic__627: logic__39
case__7: case__7
reg__62: reg__62
case__100: case__100
datapath__386: datapath__5
datapath__418: datapath__1
reg__51: reg__51
datapath__164: datapath__164
case__194: case__38
Silu_LUT__6: Silu_LUT
case__248: case__11
case__37: case__37
RMSNorm_Mul: RMSNorm_Mul
reg__173: reg__1
datapath__309: datapath__16
reg__110: reg__110
datapath__311: datapath__14
muxpart__55: muxpart__55
dsp48e2__32: dsp48e2__32
datapath__175: datapath__175
case__110: case__110
reg__68: reg__68
logic__166: logic__166
Unified_PE__2: Unified_PE
reg__60: reg__60
case__164: case__34
case__235: case__12
logic__428: logic__428
muxpart__136: muxpart__2
reg__70: reg__70
logic__527: logic__527
Silu_LUT__2: Silu_LUT
case__297: case__10
reg__144: reg__144
case__284: case__11
case__292: case__15
logic__620: logic__39
logic__622: logic__45
datapath__343: datapath__6
case__47: case__47
reg__73: reg__73
reg__161: reg__1
reg__165: reg__1
datapath__181: datapath__181
datapath__98: datapath__98
BRAM_256b: BRAM_256b
case__227: case__14
logic__33: logic__33
datapath__387: datapath__4
datapath__71: datapath__71
case__186: case__38
datapath__257: datapath__11
case__278: case__11
reg__122: reg__122
dsp48e2__52: dsp48e2
datapath__285: datapath__16
datapath__135: datapath__135
Exp_LUT__15: Exp_LUT
datapath__73: datapath__73
logic__263: logic__263
dsp48e2__2: dsp48e2__2
reg__105: reg__105
datapath__259: datapath__15
muxpart__84: muxpart__84
reg__149: reg__1
muxpart__48: muxpart__48
datapath__127: datapath__127
datapath__404: datapath__1
datapath__374: datapath__3
reg__17: reg__17
logic__13: logic__13
logic__313: logic__313
dsp48e2__37: dsp48e2__37
dsp48e2__44: dsp48e2
case__294: case__13
case__84: case__84
dsp48e2__35: dsp48e2__35
datapath__123: datapath__123
datapath__26: datapath__26
datapath__426: datapath
datapath__286: datapath__15
dsp48e2__67: dsp48e2__1
case__205: case__35
logic__65: logic__65
dsp48e2__25: dsp48e2__25
logic__72: logic__72
Const_Storage__GCB7: Const_Storage__GCB7
case__249: case__10
datapath__78: datapath__78
datapath__238: datapath__18
case__290: case__11
case__128: case__38
datapath__130: datapath__130
case__56: case__56
datapath__223: datapath__12
dsp48e2__34: dsp48e2__34
muxpart__38: muxpart__38
datapath__49: datapath__49
datapath__372: datapath__5
case__152: case__36
datapath__50: datapath__50
case__269: case__14
datapath__186: datapath__186
case__39: case__39
datapath__117: datapath__117
logic__315: logic__315
muxpart__72: muxpart__72
datapath__320: datapath__17
reg__132: reg__132
reg__154: reg
case__104: case__104
case__109: case__109
case__224: case__11
case__54: case__54
case__117: case__117
reg__2: reg__2
datapath__230: datapath__17
case__80: case__80
logic__278: logic__278
reg__109: reg__109
datapath__422: datapath__4
Unified_PE__6: Unified_PE
case__228: case__13
reg__156: reg
dsp48e2__3: dsp48e2__3
muxpart__78: muxpart__78
dsp48e2__50: dsp48e2
Unified_PE__10: Unified_PE
case__23: case__23
datapath__383: datapath__1
muxpart__45: muxpart__45
reg__54: reg__54
reg__41: reg__41
dsp48e2__5: dsp48e2__5
case__10: case__10
reg__138: reg__138
case__98: case__98
case__285: case__10
muxpart__85: muxpart__85
muxpart__137: muxpart__1
muxpart__27: muxpart__27
datapath__110: datapath__110
case__88: case__88
case__195: case__37
Const_Storage__GCB5: Const_Storage__GCB5
logic__109: logic__109
datapath__262: datapath__18
datapath__39: datapath__39
datapath__440: datapath
case__6: case__6
dsp48e2__1: dsp48e2__1
dsp48e2__41: dsp48e2__1
muxpart__108: muxpart
case__275: case__14
datapath__346: datapath__3
case__83: case__83
datapath__183: datapath__183
case__210: case__13
reg__23: reg__23
datapath__341: datapath__1
datapath__124: datapath__124
case__26: case__26
datapath__243: datapath__13
datapath__129: datapath__129
datapath__42: datapath__42
case__274: case__15
logic__129: logic__129
datapath__296: datapath__11
datapath__263: datapath__17
datapath__128: datapath__128
datapath__411: datapath__1
datapath__389: datapath__2
datapath__45: datapath__45
datapath__65: datapath__65
datapath__3: datapath__3
case__251: case__14
muxpart__114: muxpart__2
logic__610: logic__33
case__291: case__10
logic__260: logic__260
datapath__297: datapath__16
BRAM_256b__parameterized1: BRAM_256b__parameterized1
muxpart__104: muxpart__1
datapath__381: datapath__3
logic__646: logic__39
case__60: case__60
case__66: case__66
Softplus_LUT__11: Softplus_LUT
case__135: case__35
datapath__402: datapath__3
logic__250: logic__250
Exp_LUT__6: Exp_LUT
reg__152: reg
datapath__432: datapath__1
muxpart__134: muxpart__1
datapath__361: datapath__2
dsp48e2__56: dsp48e2
case__236: case__11
muxpart__126: muxpart__1
datapath__72: datapath__72
datapath__54: datapath__54
dsp48e2__68: dsp48e2
logic__284: logic__284
case__240: case__13
datapath__199: datapath__199
reg__155: reg__1
Silu_LUT__9: Silu_LUT
dsp48e2__31: dsp48e2__31
Softplus_LUT__1: Softplus_LUT
muxpart__37: muxpart__37
datapath__208: datapath__18
logic__614: logic__33
dsp48e2__24: dsp48e2__24
case__94: case__94
muxpart__59: muxpart__59
datapath__405: datapath
reg__75: reg__75
Silu_LUT__4: Silu_LUT
PE_Array: PE_Array
datapath__371: datapath__6
case__254: case__11
muxpart__111: muxpart__1
reg__121: reg__121
datapath__159: datapath__159
datapath__187: datapath__187
case__155: case__33
case__245: case__14
datapath__203: datapath__11
logic__621: logic__33
case__182: case__36
case__165: case__33
datapath__196: datapath__196
muxpart__8: muxpart__8
reg__141: reg__141
case__14: case__14
Unified_PE__14: Unified_PE
Unified_PE__15: Unified_PE
case__159: case__37
dsp48e2__29: dsp48e2__29
logic__635: logic__39
Exp_LUT__11: Exp_LUT
muxpart__33: muxpart__33
muxpart__66: muxpart__66
case__234: case__13
muxpart__25: muxpart__25
case__46: case__46
reg: reg
datapath__429: datapath__4
datapath__151: datapath__151
reg__80: reg__80
datapath__265: datapath__15
case__273: case__10
case__108: case__108
BRAM_256b__1: BRAM_256b
dsp48e2__18: dsp48e2__18
datapath__52: datapath__52
case__103: case__103
muxpart__63: muxpart__63
case__27: case__27
reg__37: reg__37
datapath__395: datapath__3
datapath__350: datapath__6
muxpart__20: muxpart__20
datapath__171: datapath__171
muxpart__10: muxpart__10
muxpart: muxpart
muxpart__120: muxpart__2
datapath__280: datapath__18
reg__146: reg
datapath__219: datapath__16
datapath__100: datapath__100
datapath__90: datapath__90
ITM_Top_v2__GCB1: ITM_Top_v2__GCB1
muxpart__30: muxpart__30
