case__70: ITM_Top_v2__GCB1, 
datapath__127: ITM_Top_v2__GCB0, 
case__124: ITM_Top_v2__GCB0, 
dsp48e2__41: ITM_Top_v2__GCB1, 
case__136: ITM_Top_v2__GCB0, 
datapath__122: ITM_Top_v2__GCB0, 
case__167: ITM_Top_v2__GCB0, 
datapath__102: ITM_Top_v2__GCB0, 
reg__28: ITM_Top_v2__GCB2, 
reg__50: ITM_Top_v2__GCB0, 
datapath__179: ITM_Top_v2__GCB0, 
case__114: ITM_Top_v2__GCB0, 
reg__30: ITM_Top_v2__GCB2, 
Memory_System: ITM_Top_v2__GCB0, 
case__77: ITM_Top_v2__GCB1, 
datapath__153: ITM_Top_v2__GCB0, 
case__56: ITM_Top_v2__GCB1, 
logic__68: ITM_Top_v2__GCB1, 
datapath__118: ITM_Top_v2__GCB0, 
datapath__155: ITM_Top_v2__GCB0, 
datapath__44: ITM_Top_v2__GCB1, 
logic__69: ITM_Top_v2__GCB1, 
logic__300: ITM_Top_v2__GCB1, 
datapath__145: ITM_Top_v2__GCB0, 
reg__42: ITM_Top_v2__GCB2, 
muxpart__25: ITM_Top_v2__GCB1, 
extram__1: ITM_Top_v2__GCB0, 
logic__165: ITM_Top_v2__GCB1, 
logic__49: Const_Storage__GCB5, 
reg__34: ITM_Top_v2__GCB2, 
datapath__211: ITM_Top_v2__GCB0, 
reg__22: ITM_Top_v2__GCB1, 
case__116: ITM_Top_v2__GCB0, 
case__62: ITM_Top_v2__GCB1, 
datapath__142: ITM_Top_v2__GCB0, 
case__126: ITM_Top_v2__GCB0, 
logic__238: ITM_Top_v2__GCB1, 
logic__206: ITM_Top_v2__GCB1, 
muxpart__62: ITM_Top_v2__GCB1, 
dsp48e2__19: ITM_Top_v2__GCB0, 
Const_Storage__GCB4: Const_Storage__GCB4, 
logic__177: ITM_Top_v2__GCB1, 
reg__4: ITM_Top_v2__GCB1, 
datapath__47: ITM_Top_v2__GCB1, 
case__14: ITM_Top_v2__GCB2, 
datapath__228: ITM_Top_v2__GCB0, 
logic__171: ITM_Top_v2__GCB1, 
datapath__7: ITM_Top_v2__GCB1, 
datapath__237: ITM_Top_v2__GCB0, 
datapath__116: ITM_Top_v2__GCB0, 
datapath__191: ITM_Top_v2__GCB0, 
case__95: ITM_Top_v2__GCB0, 
muxpart__16: ITM_Top_v2__GCB1, 
Const_Storage__GCB7: Const_Storage__GCB7, 
datapath__67: ITM_Top_v2__GCB0, 
muxpart__18: ITM_Top_v2__GCB1, 
datapath__57: ITM_Top_v2__GCB0, 
case__6: ITM_Top_v2__GCB0, 
datapath__1: ITM_Top_v2__GCB2, 
case__145: ITM_Top_v2__GCB0, 
Const_Storage__GCB0: Const_Storage__GCB0, 
datapath__178: ITM_Top_v2__GCB0, 
reg__48: ITM_Top_v2__GCB2, 
RMSNorm_Mul: ITM_Top_v2__GCB1, 
case__74: ITM_Top_v2__GCB1, 
reg__46: ITM_Top_v2__GCB2, 
logic__270: ITM_Top_v2__GCB0, 
logic__292: ITM_Top_v2__GCB1, 
case__109: ITM_Top_v2__GCB0, 
datapath__107: ITM_Top_v2__GCB0, 
Const_Storage__GCB10: Const_Storage__GCB10, 
case__123: ITM_Top_v2__GCB0, 
datapath__241: ITM_Top_v2__GCB0, 
dsp48e2__26: ITM_Top_v2__GCB0, 
datapath__160: ITM_Top_v2__GCB0, 
datapath__214: ITM_Top_v2__GCB0, 
datapath__50: ITM_Top_v2__GCB0, 
case__128: ITM_Top_v2__GCB0, 
datapath__32: ITM_Top_v2__GCB1, 
case__91: ITM_Top_v2__GCB0, 
case__99: ITM_Top_v2__GCB0, 
datapath__131: ITM_Top_v2__GCB0, 
datapath__141: ITM_Top_v2__GCB0, 
logic__573: ITM_Top_v2__GCB1, 
reg__12: ITM_Top_v2__GCB1, 
case__78: ITM_Top_v2__GCB1, 
muxpart__49: ITM_Top_v2__GCB1, 
case__57: ITM_Top_v2__GCB1, 
case__148: ITM_Top_v2__GCB0, 
reg__20: ITM_Top_v2__GCB1, 
case__125: ITM_Top_v2__GCB0, 
case__31: ITM_Top_v2__GCB2, 
dsp48e2__30: ITM_Top_v2__GCB1, 
datapath__196: ITM_Top_v2__GCB0, 
datapath__159: ITM_Top_v2__GCB0, 
datapath__17: Const_Storage__GCB10, Const_Storage__GCB9, Const_Storage__GCB8, Const_Storage__GCB7, Const_Storage__GCB6, Const_Storage__GCB4, Const_Storage__GCB3, Const_Storage__GCB2, Const_Storage__GCB0, 
datapath__180: ITM_Top_v2__GCB0, 
datapath__222: ITM_Top_v2__GCB0, 
reg__37: ITM_Top_v2__GCB2, 
muxpart__51: ITM_Top_v2__GCB1, 
datapath__76: ITM_Top_v2__GCB0, 
datapath__226: ITM_Top_v2__GCB0, 
datapath__103: ITM_Top_v2__GCB0, 
muxpart__58: ITM_Top_v2__GCB1, 
datapath__126: ITM_Top_v2__GCB0, 
muxpart__70: ITM_Top_v2__GCB0, 
case__2: ITM_Top_v2__GCB0, 
Const_Storage__GCB8: Const_Storage__GCB8, 
datapath__171: ITM_Top_v2__GCB0, 
dsp48e2__8: ITM_Top_v2__GCB0, 
muxpart__42: ITM_Top_v2__GCB1, 
datapath__5: ITM_Top_v2__GCB2, 
datapath__13: Const_Storage__GCB1, Const_Storage__GCB2, Const_Storage__GCB8, Const_Storage__GCB10, Const_Storage__GCB3, Const_Storage__GCB6, Const_Storage__GCB7, Const_Storage__GCB9, Const_Storage__GCB0, Const_Storage__GCB4, 
dsp48e2__5: ITM_Top_v2__GCB1, 
datapath__164: ITM_Top_v2__GCB0, 
case__3: ITM_Top_v2__GCB0, 
muxpart__48: ITM_Top_v2__GCB1, 
case__127: ITM_Top_v2__GCB0, 
case__133: ITM_Top_v2__GCB0, 
logic__182: ITM_Top_v2__GCB1, 
case__149: ITM_Top_v2__GCB0, 
datapath__22: ITM_Top_v2__GCB1, 
datapath__119: ITM_Top_v2__GCB0, 
case__40: ITM_Top_v2__GCB1, 
datapath__231: ITM_Top_v2__GCB0, 
datapath__88: ITM_Top_v2__GCB0, 
logic__271: ITM_Top_v2__GCB1, 
case__27: ITM_Top_v2__GCB2, 
reg__5: ITM_Top_v2__GCB1, 
logic__166: ITM_Top_v2__GCB1, 
case__48: ITM_Top_v2__GCB1, 
datapath__193: ITM_Top_v2__GCB0, 
ITM_Top_v2__GCB2: ITM_Top_v2__GCB2, 
datapath__151: ITM_Top_v2__GCB0, 
logic__301: ITM_Top_v2__GCB1, 
case__18: ITM_Top_v2__GCB2, 
dsp48e2__17: ITM_Top_v2__GCB0, 
case__71: ITM_Top_v2__GCB1, 
datapath__135: ITM_Top_v2__GCB0, 
datapath__41: ITM_Top_v2__GCB1, 
logic__87: ITM_Top_v2__GCB1, 
logic__10: ITM_Top_v2__GCB0, 
datapath__89: ITM_Top_v2__GCB0, 
datapath__105: ITM_Top_v2__GCB0, 
datapath__112: ITM_Top_v2__GCB0, 
reg__16: ITM_Top_v2__GCB1, 
case__7: ITM_Top_v2__GCB0, 
datapath__94: ITM_Top_v2__GCB0, 
case__5: ITM_Top_v2__GCB0, 
reg__43: ITM_Top_v2__GCB0, 
reg__3: ITM_Top_v2__GCB1, 
datapath__147: ITM_Top_v2__GCB0, 
Unified_PE: ITM_Top_v2__GCB2, 
datapath__73: ITM_Top_v2__GCB0, 
datapath__217: ITM_Top_v2__GCB0, 
datapath__168: ITM_Top_v2__GCB0, 
case__153: ITM_Top_v2__GCB1, 
case__9: ITM_Top_v2__GCB0, 
datapath__84: ITM_Top_v2__GCB0, 
datapath__201: ITM_Top_v2__GCB0, 
datapath__12: Const_Storage__GCB1, Const_Storage__GCB2, Const_Storage__GCB8, Const_Storage__GCB10, Const_Storage__GCB3, Const_Storage__GCB6, Const_Storage__GCB7, Const_Storage__GCB9, Const_Storage__GCB0, Const_Storage__GCB4, 
datapath__181: ITM_Top_v2__GCB0, 
dsp48e2__29: ITM_Top_v2__GCB1, 
case__50: ITM_Top_v2__GCB1, 
datapath__56: ITM_Top_v2__GCB0, 
dsp48e2__40: ITM_Top_v2__GCB1, 
extram__2: Const_Storage__GCB5, 
case__108: ITM_Top_v2__GCB0, 
case__13: ITM_Top_v2__GCB2, 
case__157: ITM_Top_v2__GCB0, 
datapath__203: ITM_Top_v2__GCB0, 
case__25: ITM_Top_v2__GCB2, 
case__30: ITM_Top_v2__GCB2, 
case__49: ITM_Top_v2__GCB1, 
datapath__221: ITM_Top_v2__GCB0, 
reg__47: ITM_Top_v2__GCB0, 
case__100: ITM_Top_v2__GCB0, 
datapath__28: ITM_Top_v2__GCB1, 
datapath__195: ITM_Top_v2__GCB0, 
datapath__213: ITM_Top_v2__GCB0, 
Const_Storage__GCB2: Const_Storage__GCB2, 
muxpart__31: ITM_Top_v2__GCB1, 
dsp48e2__35: ITM_Top_v2__GCB1, 
datapath__138: ITM_Top_v2__GCB0, 
datapath__59: ITM_Top_v2__GCB0, 
datapath__218: ITM_Top_v2__GCB0, 
datapath__175: ITM_Top_v2__GCB0, 
datapath__192: ITM_Top_v2__GCB0, 
case__4: ITM_Top_v2__GCB0, 
logic__209: ITM_Top_v2__GCB1, 
muxpart__65: ITM_Top_v2__GCB0, 
reg__17: ITM_Top_v2__GCB1, 
muxpart__43: ITM_Top_v2__GCB1, 
datapath__24: ITM_Top_v2__GCB1, 
datapath__77: ITM_Top_v2__GCB0, 
dsp48e2__18: ITM_Top_v2__GCB0, 
case__85: ITM_Top_v2__GCB0, 
muxpart__53: ITM_Top_v2__GCB0, 
datapath__132: ITM_Top_v2__GCB0, 
datapath__233: ITM_Top_v2__GCB0, 
datapath__52: ITM_Top_v2__GCB0, 
case__20: ITM_Top_v2__GCB2, 
datapath__185: ITM_Top_v2__GCB0, 
case__131: ITM_Top_v2__GCB0, 
Softplus_LUT: Const_Storage__GCB1, Const_Storage__GCB2, Const_Storage__GCB8, Const_Storage__GCB10, Const_Storage__GCB3, Const_Storage__GCB6, Const_Storage__GCB7, Const_Storage__GCB9, Const_Storage__GCB0, Const_Storage__GCB4, 
reg__51: ITM_Top_v2__GCB1, 
case__43: ITM_Top_v2__GCB1, 
case__65: ITM_Top_v2__GCB1, 
muxpart__8: ITM_Top_v2__GCB1, 
datapath__167: ITM_Top_v2__GCB0, 
logic__315: ITM_Top_v2__GCB1, 
logic__183: ITM_Top_v2__GCB1, 
case__59: ITM_Top_v2__GCB1, 
muxpart__47: ITM_Top_v2__GCB1, 
datapath__158: ITM_Top_v2__GCB0, 
logic__621: ITM_Top_v2__GCB0, 
muxpart__44: ITM_Top_v2__GCB0, 
case__86: ITM_Top_v2__GCB0, 
case__24: ITM_Top_v2__GCB2, 
datapath__130: ITM_Top_v2__GCB0, 
case__111: ITM_Top_v2__GCB0, 
dsp48e2__42: ITM_Top_v2__GCB1, 
PE_Array: ITM_Top_v2__GCB2, 
dsp48e2__24: ITM_Top_v2__GCB0, 
BRAM_256b__parameterized0: ITM_Top_v2__GCB0, 
reg__8: ITM_Top_v2__GCB1, 
case__81: ITM_Top_v2__GCB0, 
case__132: ITM_Top_v2__GCB0, 
datapath__45: ITM_Top_v2__GCB1, 
muxpart__63: ITM_Top_v2__GCB0, 
logic__33: Const_Storage__GCB1, Const_Storage__GCB2, Const_Storage__GCB8, Const_Storage__GCB10, Const_Storage__GCB3, Const_Storage__GCB6, Const_Storage__GCB7, Const_Storage__GCB9, Const_Storage__GCB0, Const_Storage__GCB4, 
datapath__170: ITM_Top_v2__GCB0, 
muxpart__57: ITM_Top_v2__GCB1, 
reg__1: ITM_Top_v2__GCB2, 
case__29: ITM_Top_v2__GCB2, 
datapath__40: ITM_Top_v2__GCB1, 
reg__35: ITM_Top_v2__GCB2, 
muxpart__30: ITM_Top_v2__GCB1, 
dsp48e2__23: ITM_Top_v2__GCB0, 
muxpart__26: ITM_Top_v2__GCB1, 
logic__606: ITM_Top_v2__GCB1, 
case__90: ITM_Top_v2__GCB0, 
logic__184: ITM_Top_v2__GCB1, 
datapath__172: ITM_Top_v2__GCB0, 
case__96: ITM_Top_v2__GCB0, 
case__12: ITM_Top_v2__GCB2, 
Const_Storage__GCB3: Const_Storage__GCB3, 
muxpart__11: ITM_Top_v2__GCB1, 
case__75: ITM_Top_v2__GCB1, 
datapath__216: ITM_Top_v2__GCB0, 
muxpart__10: ITM_Top_v2__GCB1, 
logic__142: ITM_Top_v2__GCB1, 
dsp48e2__28: ITM_Top_v2__GCB0, 
case__150: ITM_Top_v2__GCB0, 
muxpart__41: ITM_Top_v2__GCB1, 
case__26: ITM_Top_v2__GCB2, 
datapath__149: ITM_Top_v2__GCB0, 
dsp48e2__33: ITM_Top_v2__GCB1, 
reg__49: ITM_Top_v2__GCB2, 
muxpart__61: ITM_Top_v2__GCB1, 
datapath__174: ITM_Top_v2__GCB0, 
logic__45: Const_Storage__GCB10, Const_Storage__GCB9, Const_Storage__GCB8, Const_Storage__GCB7, Const_Storage__GCB6, Const_Storage__GCB4, Const_Storage__GCB3, Const_Storage__GCB2, Const_Storage__GCB0, 
case__55: ITM_Top_v2__GCB1, 
reg__18: ITM_Top_v2__GCB1, 
dsp48e2__37: ITM_Top_v2__GCB1, 
case__34: Const_Storage__GCB1, Const_Storage__GCB2, Const_Storage__GCB8, Const_Storage__GCB10, Const_Storage__GCB3, Const_Storage__GCB6, Const_Storage__GCB7, Const_Storage__GCB9, Const_Storage__GCB0, Const_Storage__GCB4, 
case__44: ITM_Top_v2__GCB1, 
logic__225: ITM_Top_v2__GCB1, 
case__113: ITM_Top_v2__GCB0, 
case__37: Const_Storage__GCB10, Const_Storage__GCB9, Const_Storage__GCB8, Const_Storage__GCB7, Const_Storage__GCB6, Const_Storage__GCB4, Const_Storage__GCB3, Const_Storage__GCB2, Const_Storage__GCB0, 
dsp48e2__27: ITM_Top_v2__GCB0, 
case__11: ITM_Top_v2__GCB2, 
case__19: ITM_Top_v2__GCB2, 
case__39: Const_Storage__GCB5, 
datapath__10: ITM_Top_v2__GCB1, 
case__33: Const_Storage__GCB1, Const_Storage__GCB2, Const_Storage__GCB8, Const_Storage__GCB10, Const_Storage__GCB3, Const_Storage__GCB6, Const_Storage__GCB7, Const_Storage__GCB9, Const_Storage__GCB0, Const_Storage__GCB4, 
datapath__85: ITM_Top_v2__GCB0, 
muxpart__39: ITM_Top_v2__GCB1, 
Const_Storage__GCB1: Const_Storage__GCB1, 
datapath__65: ITM_Top_v2__GCB0, 
logic__201: ITM_Top_v2__GCB1, 
logic__91: ITM_Top_v2__GCB1, 
datapath__197: ITM_Top_v2__GCB0, 
logic__129: ITM_Top_v2__GCB1, 
case__121: ITM_Top_v2__GCB0, 
dsp48e2__9: ITM_Top_v2__GCB0, 
datapath__128: ITM_Top_v2__GCB0, 
datapath__238: ITM_Top_v2__GCB0, 
muxpart__64: ITM_Top_v2__GCB0, 
datapath__200: ITM_Top_v2__GCB0, 
logic__103: ITM_Top_v2__GCB1, 
dsp48e2__31: ITM_Top_v2__GCB1, 
muxpart__9: ITM_Top_v2__GCB1, 
datapath__39: ITM_Top_v2__GCB1, 
datapath__72: ITM_Top_v2__GCB0, 
logic__230: ITM_Top_v2__GCB1, 
reg__10: ITM_Top_v2__GCB1, 
reg__19: ITM_Top_v2__GCB1, 
datapath__166: ITM_Top_v2__GCB0, 
datapath__53: ITM_Top_v2__GCB0, 
datapath__43: ITM_Top_v2__GCB1, 
datapath__109: ITM_Top_v2__GCB0, 
datapath__182: ITM_Top_v2__GCB0, 
datapath__240: ITM_Top_v2__GCB0, 
datapath__104: ITM_Top_v2__GCB0, 
reg__29: ITM_Top_v2__GCB2, 
datapath__62: ITM_Top_v2__GCB0, 
datapath__9: ITM_Top_v2__GCB1, 
logic__1: ITM_Top_v2__GCB0, 
muxpart__6: ITM_Top_v2__GCB1, 
datapath__61: ITM_Top_v2__GCB0, 
datapath__100: ITM_Top_v2__GCB0, 
dsp48e2__13: ITM_Top_v2__GCB0, 
datapath__123: ITM_Top_v2__GCB0, 
datapath__92: ITM_Top_v2__GCB0, 
logic__146: ITM_Top_v2__GCB1, 
datapath__154: ITM_Top_v2__GCB0, 
dsp48e2__7: ITM_Top_v2__GCB1, 
case__135: ITM_Top_v2__GCB0, 
case: ITM_Top_v2__GCB0, 
datapath__205: ITM_Top_v2__GCB0, 
datapath__162: ITM_Top_v2__GCB0, 
case__160: ITM_Top_v2__GCB1, 
logic__160: ITM_Top_v2__GCB1, 
datapath__210: ITM_Top_v2__GCB0, 
datapath: ITM_Top_v2__GCB2, 
datapath__60: ITM_Top_v2__GCB0, 
reg__14: ITM_Top_v2__GCB1, 
reg__26: ITM_Top_v2__GCB1, 
BRAM_256b: ITM_Top_v2__GCB0, 
datapath__225: ITM_Top_v2__GCB0, 
case__60: ITM_Top_v2__GCB1, 
muxpart__2: Const_Storage__GCB10, Const_Storage__GCB9, Const_Storage__GCB8, Const_Storage__GCB7, Const_Storage__GCB6, Const_Storage__GCB4, Const_Storage__GCB3, Const_Storage__GCB2, Const_Storage__GCB0, 
datapath__110: ITM_Top_v2__GCB0, 
logic__245: ITM_Top_v2__GCB0, 
datapath__184: ITM_Top_v2__GCB0, 
logic: ITM_Top_v2__GCB0, 
datapath__188: ITM_Top_v2__GCB0, 
logic__256: ITM_Top_v2__GCB1, 
datapath__148: ITM_Top_v2__GCB0, 
case__92: ITM_Top_v2__GCB0, 
datapath__79: ITM_Top_v2__GCB0, 
case__102: ITM_Top_v2__GCB0, 
case__159: ITM_Top_v2__GCB1, 
case__120: ITM_Top_v2__GCB0, 
dsp48e2__14: ITM_Top_v2__GCB0, 
datapath__46: ITM_Top_v2__GCB1, 
case__103: ITM_Top_v2__GCB0, 
BRAM_256b__parameterized1: Const_Storage__GCB5, 
datapath__81: ITM_Top_v2__GCB0, 
muxpart: Const_Storage__GCB1, Const_Storage__GCB2, Const_Storage__GCB8, Const_Storage__GCB10, Const_Storage__GCB3, Const_Storage__GCB6, Const_Storage__GCB7, Const_Storage__GCB9, Const_Storage__GCB0, Const_Storage__GCB4, 
case__80: ITM_Top_v2__GCB1, 
datapath__54: ITM_Top_v2__GCB0, 
muxpart__28: ITM_Top_v2__GCB1, 
case__23: ITM_Top_v2__GCB2, 
case__101: ITM_Top_v2__GCB0, 
datapath__4: ITM_Top_v2__GCB2, 
datapath__34: ITM_Top_v2__GCB1, 
datapath__111: ITM_Top_v2__GCB0, 
case__98: ITM_Top_v2__GCB0, 
datapath__183: ITM_Top_v2__GCB0, 
case__93: ITM_Top_v2__GCB0, 
datapath__215: ITM_Top_v2__GCB0, 
datapath__189: ITM_Top_v2__GCB0, 
datapath__204: ITM_Top_v2__GCB0, 
muxpart__56: ITM_Top_v2__GCB1, 
datapath__206: ITM_Top_v2__GCB0, 
case__63: ITM_Top_v2__GCB0, 
muxpart__4: ITM_Top_v2__GCB1, 
extram: ITM_Top_v2__GCB0, 
muxpart__34: ITM_Top_v2__GCB1, 
muxpart__12: ITM_Top_v2__GCB1, 
datapath__235: ITM_Top_v2__GCB0, 
datapath__16: Const_Storage__GCB1, Const_Storage__GCB2, Const_Storage__GCB8, Const_Storage__GCB10, Const_Storage__GCB3, Const_Storage__GCB6, Const_Storage__GCB7, Const_Storage__GCB9, Const_Storage__GCB0, Const_Storage__GCB4, 
reg__25: ITM_Top_v2__GCB0, 
case__17: ITM_Top_v2__GCB2, 
case__15: ITM_Top_v2__GCB2, 
datapath__134: ITM_Top_v2__GCB0, 
case__118: ITM_Top_v2__GCB0, 
datapath__14: Const_Storage__GCB1, Const_Storage__GCB2, Const_Storage__GCB8, Const_Storage__GCB10, Const_Storage__GCB3, Const_Storage__GCB6, Const_Storage__GCB7, Const_Storage__GCB9, Const_Storage__GCB0, Const_Storage__GCB4, 
datapath__129: ITM_Top_v2__GCB0, 
datapath__98: ITM_Top_v2__GCB0, 
datapath__229: ITM_Top_v2__GCB0, 
datapath__223: ITM_Top_v2__GCB0, 
logic__185: ITM_Top_v2__GCB1, 
datapath__198: ITM_Top_v2__GCB0, 
reg__32: ITM_Top_v2__GCB2, 
case__162: ITM_Top_v2__GCB1, 
case__165: ITM_Top_v2__GCB0, 
datapath__95: ITM_Top_v2__GCB0, 
case__141: ITM_Top_v2__GCB0, 
case__84: ITM_Top_v2__GCB0, 
datapath__30: ITM_Top_v2__GCB1, 
datapath__190: ITM_Top_v2__GCB0, 
datapath__6: ITM_Top_v2__GCB2, 
logic__55: ITM_Top_v2__GCB1, 
datapath__37: ITM_Top_v2__GCB1, 
datapath__97: ITM_Top_v2__GCB0, 
case__21: ITM_Top_v2__GCB2, 
muxpart__13: ITM_Top_v2__GCB1, 
datapath__18: Const_Storage__GCB10, Const_Storage__GCB9, Const_Storage__GCB8, Const_Storage__GCB7, Const_Storage__GCB6, Const_Storage__GCB4, Const_Storage__GCB3, Const_Storage__GCB2, Const_Storage__GCB0, 
logic__5: ITM_Top_v2__GCB0, 
dsp48e2: ITM_Top_v2__GCB2, 
datapath__82: ITM_Top_v2__GCB0, 
muxpart__17: ITM_Top_v2__GCB1, 
datapath__19: Const_Storage__GCB10, Const_Storage__GCB9, Const_Storage__GCB8, Const_Storage__GCB7, Const_Storage__GCB6, Const_Storage__GCB4, Const_Storage__GCB3, Const_Storage__GCB2, Const_Storage__GCB0, 
datapath__55: ITM_Top_v2__GCB0, 
case__35: Const_Storage__GCB1, Const_Storage__GCB2, Const_Storage__GCB8, Const_Storage__GCB10, Const_Storage__GCB3, Const_Storage__GCB6, Const_Storage__GCB7, Const_Storage__GCB9, Const_Storage__GCB0, Const_Storage__GCB4, 
case__79: ITM_Top_v2__GCB1, 
reg__21: ITM_Top_v2__GCB0, 
datapath__187: ITM_Top_v2__GCB0, 
ITM_Top_v2__GCB0: ITM_Top_v2__GCB0, 
muxpart__22: ITM_Top_v2__GCB1, 
logic__214: ITM_Top_v2__GCB1, 
muxpart__20: ITM_Top_v2__GCB1, 
case__166: ITM_Top_v2__GCB0, 
case__66: ITM_Top_v2__GCB1, 
case__140: ITM_Top_v2__GCB0, 
dsp48e2__38: ITM_Top_v2__GCB1, 
datapath__114: ITM_Top_v2__GCB0, 
case__158: ITM_Top_v2__GCB0, 
datapath__93: ITM_Top_v2__GCB0, 
datapath__71: ITM_Top_v2__GCB0, 
logic__233: ITM_Top_v2__GCB1, 
logic__199: ITM_Top_v2__GCB1, 
dsp48e2__2: ITM_Top_v2__GCB1, 
datapath__66: ITM_Top_v2__GCB0, 
dsp48e2__34: ITM_Top_v2__GCB1, 
case__164: ITM_Top_v2__GCB1, 
muxpart__27: ITM_Top_v2__GCB1, 
case__8: ITM_Top_v2__GCB0, 
case__105: ITM_Top_v2__GCB0, 
datapath__169: ITM_Top_v2__GCB0, 
muxpart__29: ITM_Top_v2__GCB1, 
logic__98: ITM_Top_v2__GCB1, 
muxpart__40: ITM_Top_v2__GCB1, 
datapath__38: ITM_Top_v2__GCB1, 
case__64: ITM_Top_v2__GCB1, 
muxpart__37: ITM_Top_v2__GCB0, 
case__107: ITM_Top_v2__GCB0, 
case__112: ITM_Top_v2__GCB0, 
datapath__20: ITM_Top_v2__GCB1, 
logic__189: ITM_Top_v2__GCB1, 
case__138: ITM_Top_v2__GCB0, 
datapath__69: ITM_Top_v2__GCB0, 
datapath__26: ITM_Top_v2__GCB1, 
logic__562: ITM_Top_v2__GCB0, 
muxpart__66: ITM_Top_v2__GCB0, 
reg__39: ITM_Top_v2__GCB2, 
datapath__78: ITM_Top_v2__GCB0, 
logic__283: ITM_Top_v2__GCB1, 
logic__244: ITM_Top_v2__GCB1, 
dsp48e2__6: ITM_Top_v2__GCB1, 
case__88: ITM_Top_v2__GCB0, 
case__122: ITM_Top_v2__GCB0, 
datapath__49: ITM_Top_v2__GCB1, 
dsp48e2__36: ITM_Top_v2__GCB1, 
case__46: ITM_Top_v2__GCB1, 
muxpart__19: ITM_Top_v2__GCB1, 
datapath__212: ITM_Top_v2__GCB0, 
datapath__106: ITM_Top_v2__GCB0, 
datapath__152: ITM_Top_v2__GCB0, 
datapath__101: ITM_Top_v2__GCB0, 
logic__633: ITM_Top_v2__GCB0, 
datapath__136: ITM_Top_v2__GCB0, 
datapath__23: ITM_Top_v2__GCB1, 
reg__11: ITM_Top_v2__GCB1, 
case__10: ITM_Top_v2__GCB2, 
reg__2: ITM_Top_v2__GCB1, 
logic__84: ITM_Top_v2__GCB1, 
reg__31: ITM_Top_v2__GCB2, 
case__22: ITM_Top_v2__GCB2, 
logic__200: ITM_Top_v2__GCB1, 
datapath__99: ITM_Top_v2__GCB0, 
case__115: ITM_Top_v2__GCB0, 
case__61: ITM_Top_v2__GCB1, 
datapath__150: ITM_Top_v2__GCB0, 
case__28: ITM_Top_v2__GCB2, 
case__130: ITM_Top_v2__GCB0, 
case__69: ITM_Top_v2__GCB1, 
datapath__177: ITM_Top_v2__GCB0, 
datapath__113: ITM_Top_v2__GCB0, 
datapath__63: ITM_Top_v2__GCB0, 
datapath__83: ITM_Top_v2__GCB0, 
case__72: ITM_Top_v2__GCB1, 
dsp48e2__32: ITM_Top_v2__GCB1, 
datapath__199: ITM_Top_v2__GCB0, 
muxpart__23: ITM_Top_v2__GCB1, 
datapath__144: ITM_Top_v2__GCB0, 
logic__104: ITM_Top_v2__GCB1, 
datapath__11: Const_Storage__GCB1, Const_Storage__GCB2, Const_Storage__GCB8, Const_Storage__GCB10, Const_Storage__GCB3, Const_Storage__GCB6, Const_Storage__GCB7, Const_Storage__GCB9, Const_Storage__GCB0, Const_Storage__GCB4, 
case__32: ITM_Top_v2__GCB1, 
case__94: ITM_Top_v2__GCB0, 
datapath__91: ITM_Top_v2__GCB0, 
case__41: ITM_Top_v2__GCB1, 
datapath__125: ITM_Top_v2__GCB0, 
datapath__33: ITM_Top_v2__GCB1, 
muxpart__67: ITM_Top_v2__GCB0, 
logic__607: ITM_Top_v2__GCB1, 
logic__18: ITM_Top_v2__GCB0, 
case__155: ITM_Top_v2__GCB1, 
Exp_LUT: Const_Storage__GCB10, Const_Storage__GCB9, Const_Storage__GCB8, Const_Storage__GCB7, Const_Storage__GCB6, Const_Storage__GCB4, Const_Storage__GCB3, Const_Storage__GCB2, Const_Storage__GCB0, 
muxpart__38: ITM_Top_v2__GCB1, 
datapath__120: ITM_Top_v2__GCB0, 
muxpart__60: ITM_Top_v2__GCB1, 
datapath__242: ITM_Top_v2__GCB1, 
muxpart__7: ITM_Top_v2__GCB1, 
datapath__133: ITM_Top_v2__GCB0, 
Const_Storage__GCB6: Const_Storage__GCB6, 
reg__13: ITM_Top_v2__GCB1, 
datapath__121: ITM_Top_v2__GCB0, 
case__106: ITM_Top_v2__GCB0, 
datapath__157: ITM_Top_v2__GCB0, 
case__146: ITM_Top_v2__GCB0, 
muxpart__50: ITM_Top_v2__GCB1, 
case__142: ITM_Top_v2__GCB0, 
datapath__70: ITM_Top_v2__GCB0, 
case__42: ITM_Top_v2__GCB1, 
reg__45: ITM_Top_v2__GCB2, 
dsp48e2__22: ITM_Top_v2__GCB0, 
datapath__208: ITM_Top_v2__GCB0, 
datapath__234: ITM_Top_v2__GCB0, 
datapath__117: ITM_Top_v2__GCB0, 
case__143: ITM_Top_v2__GCB0, 
muxpart__3_RSqrt_ROM: muxpart__3_RSqrt_ROM, 
case__82: ITM_Top_v2__GCB1, 
case__119: ITM_Top_v2__GCB0, 
reg__7: ITM_Top_v2__GCB1, 
datapath__186: ITM_Top_v2__GCB0, 
case__129: ITM_Top_v2__GCB0, 
case__97: ITM_Top_v2__GCB0, 
logic__219: ITM_Top_v2__GCB1, 
datapath__156: ITM_Top_v2__GCB0, 
case__134: ITM_Top_v2__GCB0, 
logic__112: ITM_Top_v2__GCB1, 
datapath__31: ITM_Top_v2__GCB1, 
logic__345: ITM_Top_v2__GCB1, 
datapath__139: ITM_Top_v2__GCB0, 
reg__44: ITM_Top_v2__GCB2, 
datapath__48: ITM_Top_v2__GCB1, 
muxpart__35: ITM_Top_v2__GCB1, 
case__53: ITM_Top_v2__GCB1, 
logic__78: ITM_Top_v2__GCB1, 
Const_Storage__GCB9: Const_Storage__GCB9, 
datapath__194: ITM_Top_v2__GCB0, 
dsp48e2__1: ITM_Top_v2__GCB2, 
dsp48e2__20: ITM_Top_v2__GCB0, 
case__73: ITM_Top_v2__GCB0, 
datapath__96: ITM_Top_v2__GCB0, 
dsp48e2__25: ITM_Top_v2__GCB0, 
case__45: ITM_Top_v2__GCB1, 
case__87: ITM_Top_v2__GCB0, 
case__54: ITM_Top_v2__GCB1, 
datapath__209: ITM_Top_v2__GCB0, 
datapath__230: ITM_Top_v2__GCB0, 
dsp48e2__11: ITM_Top_v2__GCB0, 
reg__38: ITM_Top_v2__GCB2, 
datapath__161: ITM_Top_v2__GCB0, 
reg__23: ITM_Top_v2__GCB0, 
logic__151: ITM_Top_v2__GCB1, 
datapath__42: ITM_Top_v2__GCB1, 
reg__9: ITM_Top_v2__GCB1, 
logic__343: ITM_Top_v2__GCB1, 
case__161: ITM_Top_v2__GCB0, 
muxpart__69: ITM_Top_v2__GCB0, 
muxpart__32: ITM_Top_v2__GCB1, 
datapath__68: ITM_Top_v2__GCB0, 
Const_Storage__GCB5: Const_Storage__GCB5, 
case__47: ITM_Top_v2__GCB1, 
datapath__176: ITM_Top_v2__GCB0, 
ITM_Top_v2__GCB1: ITM_Top_v2__GCB1, 
dsp48e2__21: ITM_Top_v2__GCB0, 
logic__13: ITM_Top_v2__GCB0, 
logic__295: ITM_Top_v2__GCB1, 
datapath__36: ITM_Top_v2__GCB1, 
datapath__25: ITM_Top_v2__GCB1, 
case__36: Const_Storage__GCB1, Const_Storage__GCB2, Const_Storage__GCB8, Const_Storage__GCB10, Const_Storage__GCB3, Const_Storage__GCB6, Const_Storage__GCB7, Const_Storage__GCB9, Const_Storage__GCB0, Const_Storage__GCB4, 
case__83: ITM_Top_v2__GCB1, 
case__137: ITM_Top_v2__GCB0, 
reg__33: ITM_Top_v2__GCB2, 
datapath__137: ITM_Top_v2__GCB0, 
datapath__2: ITM_Top_v2__GCB2, 
datapath__227: ITM_Top_v2__GCB0, 
case__117: ITM_Top_v2__GCB0, 
datapath__115: ITM_Top_v2__GCB0, 
case__110: ITM_Top_v2__GCB0, 
case__16: ITM_Top_v2__GCB2, 
dsp48e2__3: ITM_Top_v2__GCB1, 
logic__220: ITM_Top_v2__GCB1, 
datapath__108: ITM_Top_v2__GCB0, 
case__147: ITM_Top_v2__GCB0, 
logic__188: ITM_Top_v2__GCB1, 
muxpart__24: ITM_Top_v2__GCB1, 
reg__27: ITM_Top_v2__GCB2, 
dsp48e2__12: ITM_Top_v2__GCB1, 
datapath__219: ITM_Top_v2__GCB0, 
muxpart__68: ITM_Top_v2__GCB0, 
dsp48e2__16: ITM_Top_v2__GCB0, 
datapath__21: ITM_Top_v2__GCB1, 
datapath__58: ITM_Top_v2__GCB0, 
datapath__163: ITM_Top_v2__GCB0, 
datapath__224: ITM_Top_v2__GCB0, 
datapath__165: ITM_Top_v2__GCB0, 
case__58: ITM_Top_v2__GCB1, 
reg__36: ITM_Top_v2__GCB2, 
case__67: ITM_Top_v2__GCB1, 
datapath__74: ITM_Top_v2__GCB0, 
dsp48e2__39: ITM_Top_v2__GCB1, 
datapath__80: ITM_Top_v2__GCB0, 
datapath__124: ITM_Top_v2__GCB0, 
logic__172: ITM_Top_v2__GCB1, 
case__89: ITM_Top_v2__GCB0, 
case__52: ITM_Top_v2__GCB1, 
logic__382: ITM_Top_v2__GCB1, 
logic__310: ITM_Top_v2__GCB1, 
logic__654: ITM_Top_v2__GCB0, 
case__152: ITM_Top_v2__GCB0, 
case__154: ITM_Top_v2__GCB1, 
muxpart__1: Const_Storage__GCB1, Const_Storage__GCB2, Const_Storage__GCB8, Const_Storage__GCB10, Const_Storage__GCB3, Const_Storage__GCB6, Const_Storage__GCB7, Const_Storage__GCB9, Const_Storage__GCB0, Const_Storage__GCB4, 
case__76: ITM_Top_v2__GCB1, 
case__104: ITM_Top_v2__GCB0, 
case__38: Const_Storage__GCB10, Const_Storage__GCB9, Const_Storage__GCB8, Const_Storage__GCB7, Const_Storage__GCB6, Const_Storage__GCB4, Const_Storage__GCB3, Const_Storage__GCB2, Const_Storage__GCB0, 
datapath__146: ITM_Top_v2__GCB0, 
case__163: ITM_Top_v2__GCB0, 
datapath__143: ITM_Top_v2__GCB0, 
case__1: ITM_Top_v2__GCB0, 
logic__276: ITM_Top_v2__GCB1, 
muxpart__52: ITM_Top_v2__GCB0, 
datapath__207: ITM_Top_v2__GCB0, 
reg__41: ITM_Top_v2__GCB2, 
datapath__220: ITM_Top_v2__GCB0, 
datapath__51: ITM_Top_v2__GCB0, 
muxpart__59: ITM_Top_v2__GCB1, 
dsp48e2__4: ITM_Top_v2__GCB1, 
case__68: ITM_Top_v2__GCB1, 
datapath__239: ITM_Top_v2__GCB0, 
datapath__87: ITM_Top_v2__GCB0, 
dsp48e2__15: ITM_Top_v2__GCB0, 
datapath__140: ITM_Top_v2__GCB0, 
datapath__232: ITM_Top_v2__GCB0, 
case__151: ITM_Top_v2__GCB0, 
case__144: ITM_Top_v2__GCB0, 
datapath__3: ITM_Top_v2__GCB2, 
reg__24: ITM_Top_v2__GCB0, 
case__156: ITM_Top_v2__GCB1, 
datapath__75: ITM_Top_v2__GCB0, 
case__139: ITM_Top_v2__GCB0, 
datapath__8: ITM_Top_v2__GCB1, 
reg: ITM_Top_v2__GCB2, 
datapath__236: ITM_Top_v2__GCB0, 
logic__194: ITM_Top_v2__GCB1, 
logic__39: Const_Storage__GCB1, Const_Storage__GCB2, Const_Storage__GCB8, Const_Storage__GCB10, Const_Storage__GCB3, Const_Storage__GCB6, Const_Storage__GCB7, Const_Storage__GCB9, Const_Storage__GCB0, Const_Storage__GCB4, 
datapath__202: ITM_Top_v2__GCB0, 
datapath__29: ITM_Top_v2__GCB1, 
case__51: ITM_Top_v2__GCB1, 
logic__52: Const_Storage__GCB5, 
reg__40: ITM_Top_v2__GCB2, 
datapath__64: ITM_Top_v2__GCB0, 
muxpart__14: ITM_Top_v2__GCB1, 
Silu_LUT: Const_Storage__GCB1, Const_Storage__GCB2, Const_Storage__GCB8, Const_Storage__GCB10, Const_Storage__GCB3, Const_Storage__GCB6, Const_Storage__GCB7, Const_Storage__GCB9, Const_Storage__GCB0, Const_Storage__GCB4, 
logic__597: ITM_Top_v2__GCB0, 
reg__15: ITM_Top_v2__GCB1, 
muxpart__46: ITM_Top_v2__GCB1, 
datapath__90: ITM_Top_v2__GCB0, 
muxpart__5: ITM_Top_v2__GCB1, 
logic__252: ITM_Top_v2__GCB1, 
dsp48e2__10: ITM_Top_v2__GCB0, 
datapath__173: ITM_Top_v2__GCB0, 
datapath__86: ITM_Top_v2__GCB0, 
datapath__35: ITM_Top_v2__GCB1, 
muxpart__54: ITM_Top_v2__GCB0, 
logic__253: ITM_Top_v2__GCB1, 
reg__6: ITM_Top_v2__GCB1, 
datapath__15: Const_Storage__GCB1, Const_Storage__GCB2, Const_Storage__GCB8, Const_Storage__GCB10, Const_Storage__GCB3, Const_Storage__GCB6, Const_Storage__GCB7, Const_Storage__GCB9, Const_Storage__GCB0, Const_Storage__GCB4, 
