Copyright 1986-2022 Xilinx, Inc. All Rights Reserved.
--------------------------------------------------------------------------------------
| Tool Version : Vivado v.2022.1 (win64) Build 3526262 Mon Apr 18 15:48:16 MDT 2022
| Date         : Sat Jul 25 13:07:32 2026
| Host         : letun running 64-bit major release  (build 9200)
| Command      : report_control_sets -verbose -file Mamba_Top_control_sets_placed.rpt
| Design       : Mamba_Top
| Device       : xck26
--------------------------------------------------------------------------------------

Control Set Information

Table of Contents
-----------------
1. Summary
2. Histogram
3. Flip-Flop Distribution
4. Detailed Control Set Information

1. Summary
----------

+----------------------------------------------------------+-------+
|                          Status                          | Count |
+----------------------------------------------------------+-------+
| Total control sets                                       |    63 |
|    Minimum number of control sets                        |    63 |
|    Addition due to synthesis replication                 |     0 |
|    Addition due to physical synthesis replication        |     0 |
| Unused register locations in slices containing registers |    50 |
+----------------------------------------------------------+-------+
* Control sets can be merged at opt_design using control_set_merge or merge_equivalent_drivers
** Run report_qor_suggestions for automated merging and remapping suggestions


2. Histogram
------------

+--------------------+-------+
|       Fanout       | Count |
+--------------------+-------+
| Total control sets |    63 |
| >= 0 to < 4        |     4 |
| >= 4 to < 6        |     3 |
| >= 6 to < 8        |     4 |
| >= 8 to < 10       |     1 |
| >= 10 to < 12      |     2 |
| >= 12 to < 14      |     3 |
| >= 14 to < 16      |     5 |
| >= 16              |    41 |
+--------------------+-------+
* Control sets can be remapped at either synth_design or opt_design


3. Flip-Flop Distribution
-------------------------

+--------------+-----------------------+------------------------+-----------------+--------------+
| Clock Enable | Synchronous Set/Reset | Asynchronous Set/Reset | Total Registers | Total Slices |
+--------------+-----------------------+------------------------+-----------------+--------------+
| No           | No                    | No                     |               0 |            0 |
| No           | No                    | Yes                    |            2483 |         1110 |
| No           | Yes                   | No                     |               0 |            0 |
| Yes          | No                    | No                     |            1086 |          307 |
| Yes          | No                    | Yes                    |            6523 |         2041 |
| Yes          | Yes                   | No                     |              30 |            4 |
+--------------+-----------------------+------------------------+-----------------+--------------+


4. Detailed Control Set Information
-----------------------------------

+--------------+-----------------------------------+-------------------------------+------------------+----------------+--------------+
| Clock Signal |           Enable Signal           |        Set/Reset Signal       | Slice Load Count | Bel Load Count | Bels / Slice |
+--------------+-----------------------------------+-------------------------------+------------------+----------------+--------------+
|  clk         | u_fifo_m6/count[1]_i_1_n_0        | rst                           |                1 |              2 |         2.00 |
|  clk         | tap_cnt                           | rst                           |                1 |              2 |         2.00 |
|  clk         | u_fifo_m6/state_reg[6]_rep__3[0]  | rst                           |                1 |              3 |         3.00 |
|  clk         | u_fifo_m6/state_reg[6]_rep__9[0]  | rst                           |                2 |              3 |         1.50 |
|  clk         | u_fifo_m6/state_reg[3]_rep__13[0] | rst                           |                2 |              4 |         2.00 |
|  clk         | u_fifo_m6/c2_state_reg[4][0]      | rst                           |                4 |              5 |         1.25 |
|  clk         | ctr_r                             | rst                           |                2 |              5 |         2.50 |
|  clk         | u_fifo_m6/state_reg[0]_rep__1     | rst                           |                3 |              7 |         2.33 |
|  clk         | u_fifo_m6/E[0]                    | rst                           |                6 |              7 |         1.17 |
|  clk         | const_rd_addr_r[6]_i_1_n_0        | rst                           |                4 |              7 |         1.75 |
|  clk         | m3_wr_ptr[6]_i_1_n_0              | rst                           |                4 |              7 |         1.75 |
|  clk         | c2_m_rd_addr[7]_i_1_n_0           | rst                           |                5 |              8 |         1.60 |
|  clk         | t_cnt                             | rst                           |                3 |             10 |         3.33 |
|  clk         | u_fifo_m6/state_reg[4]_rep__2[0]  | rst                           |                6 |             11 |         1.83 |
|  clk         | m_rd_addr                         | rst                           |               11 |             13 |         1.18 |
|  clk         | w_rd_addr                         | rst                           |               12 |             13 |         1.08 |
|  clk         | w_rd_addr2                        | rst                           |                3 |             13 |         4.33 |
|  clk         | h_init_cnt[13]_i_1_n_0            | rst                           |                5 |             14 |         2.80 |
|  clk         | m6_h_rd_addr_r                    | rst                           |                3 |             14 |         4.67 |
|  clk         | S_reg                             | rst                           |               13 |             15 |         1.15 |
|  clk         | u_fifo_m6/mem[0][557]_i_1_n_0     | u_fifo_m6/mem[0][222]_i_1_n_0 |                2 |             15 |         7.50 |
|  clk         | u_fifo_m6/mem[1][557]_i_1_n_0     | u_fifo_m6/mem[1][222]_i_1_n_0 |                3 |             15 |         5.00 |
|  clk         | c2_ssm_grp_acc[79]                | rst                           |               12 |             16 |         1.33 |
|  clk         | c2_ssm_grp_acc[63]                | rst                           |               12 |             16 |         1.33 |
|  clk         | c2_ssm_grp_acc[191]               | rst                           |               11 |             16 |         1.45 |
|  clk         | c2_ssm_grp_acc[95]                | rst                           |               13 |             16 |         1.23 |
|  clk         | c2_ssm_grp_acc[223]               | rst                           |                9 |             16 |         1.78 |
|  clk         | c2_ssm_grp_acc[143]               | rst                           |               14 |             16 |         1.14 |
|  clk         | c2_ssm_grp_acc[31]                | rst                           |               12 |             16 |         1.33 |
|  clk         | c2_ssm_grp_acc[127]               | rst                           |               12 |             16 |         1.33 |
|  clk         | c2_ssm_grp_acc[255]               | rst                           |               11 |             16 |         1.45 |
|  clk         | c2_ssm_grp_acc[15]                | rst                           |               11 |             16 |         1.45 |
|  clk         | c2_ssm_grp_acc[47]                | rst                           |               12 |             16 |         1.33 |
|  clk         | c2_ssm_grp_acc[159]               | rst                           |               12 |             16 |         1.33 |
|  clk         | c2_ssm_grp_acc[207]               | rst                           |               12 |             16 |         1.33 |
|  clk         | c2_ssm_grp_acc[239]               | rst                           |               11 |             16 |         1.45 |
|  clk         | c2_ssm_grp_acc[175]               | rst                           |               12 |             16 |         1.33 |
|  clk         | c2_ssm_grp_acc[111]               | rst                           |               13 |             16 |         1.23 |
|  clk         | m6_h_wr_en_r                      | rst                           |                8 |             18 |         2.25 |
|  clk         | c2_y_ch_reg[23]_i_1_n_0           | rst                           |                3 |             24 |         8.00 |
|  clk         | rsqrt_idx_r                       | rst                           |                7 |             35 |         5.00 |
|  clk         | u_fifo_m6/state                   | rst                           |               35 |             73 |         2.09 |
|  clk         | c2_silu_z_reg[255]_i_1_n_0        | rst                           |              172 |            256 |         1.49 |
|  clk         | m6_u_word                         | rst                           |               46 |            256 |         5.57 |
|  clk         | m6_w0_reg                         | rst                           |              145 |            256 |         1.77 |
|  clk         | m6_w1_reg                         | rst                           |              128 |            256 |         2.00 |
|  clk         | m6_w2_reg                         | rst                           |              206 |            256 |         1.24 |
|  clk         | silu_z_reg                        | rst                           |              198 |            256 |         1.29 |
|  clk         | m5_dt_word_reg                    | rst                           |               40 |            256 |         6.40 |
|  clk         | cl_in_W1_vec[255]_i_1_n_0         | rst                           |              234 |            256 |         1.09 |
|  clk         | cl_in_H_ext[255]_i_1_n_0          | rst                           |              202 |            256 |         1.27 |
|  clk         | cl2_out_reg                       | rst                           |              200 |            256 |         1.28 |
|  clk         | c2_m_wr_data                      | rst                           |              197 |            263 |         1.34 |
|  clk         | m_wr_data[255]_i_1_n_0            | rst                           |              223 |            269 |         1.21 |
|  clk         | cl2_op_mode1                      | rst                           |              116 |            272 |         2.34 |
|  clk         | m6_dA_reg                         | rst                           |              334 |            496 |         1.49 |
|  clk         | cl2_in_W1_vec[255]_i_1_n_0        | rst                           |              268 |            512 |         1.91 |
|  clk         | m6_delta_word                     | rst                           |              128 |            512 |         4.00 |
|  clk         | cl_op_mode[2]                     | rst                           |              284 |            512 |         1.80 |
|  clk         | u_fifo_m6/mem[1][557]_i_1_n_0     |                               |              275 |            543 |         1.97 |
|  clk         | u_fifo_m6/mem[0][557]_i_1_n_0     |                               |              289 |            543 |         1.88 |
|  clk         | c2_s_id                           | rst                           |              193 |            558 |         2.89 |
|  clk         |                                   | rst                           |             1110 |           2483 |         2.24 |
+--------------+-----------------------------------+-------------------------------+------------------+----------------+--------------+


